Archive member included to satisfy reference by file (symbol)

C:/clion/gcc-arm-none-eabi-10.3-2021.10/bin/../lib/gcc/arm-none-eabi/13.3.1/thumb/v7e-m+fp/hard\libgcc.a(_aeabi_uldivmod.o)
                              CMakeFiles/sentry_chassis.elf.dir/Drivers/STM32F4xx_HAL_Driver/Src/stm32f4xx_hal_rcc.c.obj (__aeabi_uldivmod)
C:/clion/gcc-arm-none-eabi-10.3-2021.10/bin/../lib/gcc/arm-none-eabi/13.3.1/thumb/v7e-m+fp/hard\libgcc.a(_udivmoddi4.o)
                              C:/clion/gcc-arm-none-eabi-10.3-2021.10/bin/../lib/gcc/arm-none-eabi/13.3.1/thumb/v7e-m+fp/hard\libgcc.a(_aeabi_uldivmod.o) (__udivmoddi4)
C:/clion/gcc-arm-none-eabi-10.3-2021.10/bin/../lib/gcc/arm-none-eabi/13.3.1/thumb/v7e-m+fp/hard\libgcc.a(_dvmd_tls.o)
                              C:/clion/gcc-arm-none-eabi-10.3-2021.10/bin/../lib/gcc/arm-none-eabi/13.3.1/thumb/v7e-m+fp/hard\libgcc.a(_aeabi_uldivmod.o) (__aeabi_ldiv0)
C:/clion/gcc-arm-none-eabi-10.3-2021.10/bin/../lib/gcc/arm-none-eabi/13.3.1/thumb/v7e-m+fp/hard\libg.a(libc_a-exit.o)
                              C:/clion/gcc-arm-none-eabi-10.3-2021.10/bin/../lib/gcc/arm-none-eabi/13.3.1/thumb/v7e-m+fp/hard/crt0.o (exit)
C:/clion/gcc-arm-none-eabi-10.3-2021.10/bin/../lib/gcc/arm-none-eabi/13.3.1/thumb/v7e-m+fp/hard\libg.a(libc_a-findfp.o)
                              CMakeFiles/sentry_chassis.elf.dir/Middlewares/Third_Party/FreeRTOS/Source/tasks.c.obj (__sf)
C:/clion/gcc-arm-none-eabi-10.3-2021.10/bin/../lib/gcc/arm-none-eabi/13.3.1/thumb/v7e-m+fp/hard\libg.a(libc_a-fwalk.o)
                              C:/clion/gcc-arm-none-eabi-10.3-2021.10/bin/../lib/gcc/arm-none-eabi/13.3.1/thumb/v7e-m+fp/hard\libg.a(libc_a-findfp.o) (_fwalk_sglue)
C:/clion/gcc-arm-none-eabi-10.3-2021.10/bin/../lib/gcc/arm-none-eabi/13.3.1/thumb/v7e-m+fp/hard\libg.a(libc_a-stdio.o)
                              C:/clion/gcc-arm-none-eabi-10.3-2021.10/bin/../lib/gcc/arm-none-eabi/13.3.1/thumb/v7e-m+fp/hard\libg.a(libc_a-findfp.o) (__sread)
C:/clion/gcc-arm-none-eabi-10.3-2021.10/bin/../lib/gcc/arm-none-eabi/13.3.1/thumb/v7e-m+fp/hard\libg.a(libc_a-memset.o)
                              C:/clion/gcc-arm-none-eabi-10.3-2021.10/bin/../lib/gcc/arm-none-eabi/13.3.1/thumb/v7e-m+fp/hard/crt0.o (memset)
C:/clion/gcc-arm-none-eabi-10.3-2021.10/bin/../lib/gcc/arm-none-eabi/13.3.1/thumb/v7e-m+fp/hard\libg.a(libc_a-closer.o)
                              C:/clion/gcc-arm-none-eabi-10.3-2021.10/bin/../lib/gcc/arm-none-eabi/13.3.1/thumb/v7e-m+fp/hard\libg.a(libc_a-stdio.o) (_close_r)
C:/clion/gcc-arm-none-eabi-10.3-2021.10/bin/../lib/gcc/arm-none-eabi/13.3.1/thumb/v7e-m+fp/hard\libg.a(libc_a-reent.o)
                              CMakeFiles/sentry_chassis.elf.dir/Middlewares/Third_Party/FreeRTOS/Source/tasks.c.obj (_reclaim_reent)
C:/clion/gcc-arm-none-eabi-10.3-2021.10/bin/../lib/gcc/arm-none-eabi/13.3.1/thumb/v7e-m+fp/hard\libg.a(libc_a-impure.o)
                              CMakeFiles/sentry_chassis.elf.dir/Middlewares/Third_Party/FreeRTOS/Source/tasks.c.obj (_impure_ptr)
C:/clion/gcc-arm-none-eabi-10.3-2021.10/bin/../lib/gcc/arm-none-eabi/13.3.1/thumb/v7e-m+fp/hard\libg.a(libc_a-lseekr.o)
                              C:/clion/gcc-arm-none-eabi-10.3-2021.10/bin/../lib/gcc/arm-none-eabi/13.3.1/thumb/v7e-m+fp/hard\libg.a(libc_a-stdio.o) (_lseek_r)
C:/clion/gcc-arm-none-eabi-10.3-2021.10/bin/../lib/gcc/arm-none-eabi/13.3.1/thumb/v7e-m+fp/hard\libg.a(libc_a-readr.o)
                              C:/clion/gcc-arm-none-eabi-10.3-2021.10/bin/../lib/gcc/arm-none-eabi/13.3.1/thumb/v7e-m+fp/hard\libg.a(libc_a-stdio.o) (_read_r)
C:/clion/gcc-arm-none-eabi-10.3-2021.10/bin/../lib/gcc/arm-none-eabi/13.3.1/thumb/v7e-m+fp/hard\libg.a(libc_a-writer.o)
                              C:/clion/gcc-arm-none-eabi-10.3-2021.10/bin/../lib/gcc/arm-none-eabi/13.3.1/thumb/v7e-m+fp/hard\libg.a(libc_a-stdio.o) (_write_r)
C:/clion/gcc-arm-none-eabi-10.3-2021.10/bin/../lib/gcc/arm-none-eabi/13.3.1/thumb/v7e-m+fp/hard\libg.a(libc_a-errno.o)
                              CMakeFiles/sentry_chassis.elf.dir/Core/Src/syscalls.c.obj (__errno)
C:/clion/gcc-arm-none-eabi-10.3-2021.10/bin/../lib/gcc/arm-none-eabi/13.3.1/thumb/v7e-m+fp/hard\libg.a(libc_a-init.o)
                              C:/clion/gcc-arm-none-eabi-10.3-2021.10/bin/../lib/gcc/arm-none-eabi/13.3.1/thumb/v7e-m+fp/hard/crt0.o (__libc_init_array)
C:/clion/gcc-arm-none-eabi-10.3-2021.10/bin/../lib/gcc/arm-none-eabi/13.3.1/thumb/v7e-m+fp/hard\libg.a(libc_a-lock.o)
                              C:/clion/gcc-arm-none-eabi-10.3-2021.10/bin/../lib/gcc/arm-none-eabi/13.3.1/thumb/v7e-m+fp/hard\libg.a(libc_a-findfp.o) (__retarget_lock_init_recursive)
C:/clion/gcc-arm-none-eabi-10.3-2021.10/bin/../lib/gcc/arm-none-eabi/13.3.1/thumb/v7e-m+fp/hard\libg.a(libc_a-memcpy.o)
                              CMakeFiles/sentry_chassis.elf.dir/Middlewares/Third_Party/FreeRTOS/Source/CMSIS_RTOS_V2/cmsis_os2.c.obj (memcpy)
[...]
Memory Configuration

Name             Origin             Length             Attributes
CCMRAM           0x10000000         0x00010000         xrw
RAM              0x20000000         0x00030000         xrw
FLASH            0x08000000         0x00200000         xr
*default*        0x00000000         0xffffffff

Linker script and memory map

LOAD C:/clion/gcc-arm-none-eabi-10.3-2021.10/bin/../lib/gcc/arm-none-eabi/13.3.1/thumb/v7e-m+fp/hard/crti.o
LOAD C:/clion/gcc-arm-none-eabi-10.3-2021.10/bin/../lib/gcc/arm-none-eabi/13.3.1/thumb/v7e-m+fp/hard/crtbegin.o
LOAD C:/clion/gcc-arm-none-eabi-10.3-2021.10/bin/../lib/gcc/arm-none-eabi/13.3.1/thumb/v7e-m+fp/hard/crt0.o
LOAD CMakeFiles/sentry_chassis.elf.dir/Core/Src/freertos.c.obj
LOAD CMakeFiles/sentry_chassis.elf.dir/Core/Src/main.c.obj
LOAD CMakeFiles/sentry_chassis.elf.dir/Core/Src/stm32f4xx_hal_msp.c.obj
LOAD CMakeFiles/sentry_chassis.elf.dir/Core/Src/stm32f4xx_hal_timebase_tim.c.obj
LOAD CMakeFiles/sentry_chassis.elf.dir/Core/Src/stm32f4xx_it.c.obj
LOAD CMakeFiles/sentry_chassis.elf.dir/Core/Src/syscalls.c.obj
LOAD CMakeFiles/sentry_chassis.elf.dir/Core/Src/sysmem.c.obj
LOAD CMakeFiles/sentry_chassis.elf.dir/Core/Src/system_stm32f4xx.c.obj
LOAD CMakeFiles/sentry_chassis.elf.dir/Core/Startup/startup_stm32f427iihx.s.obj
LOAD CMakeFiles/sentry_chassis.elf.dir/Drivers/STM32F4xx_HAL_Driver/Src/stm32f4xx_hal.c.obj
LOAD CMakeFiles/sentry_chassis.elf.dir/Drivers/STM32F4xx_HAL_Driver/Src/stm32f4xx_hal_can.c.obj
LOAD CMakeFiles/sentry_chassis.elf.dir/Drivers/STM32F4xx_HAL_Driver/Src/stm32f4xx_hal_cortex.c.obj
LOAD CMakeFiles/sentry_chassis.elf.dir/Drivers/STM32F4xx_HAL_Driver/Src/stm32f4xx_hal_dma.c.obj
LOAD CMakeFiles/sentry_chassis.elf.dir/Drivers/STM32F4xx_HAL_Driver/Src/stm32f4xx_hal_dma_ex.c.obj
LOAD CMakeFiles/sentry_chassis.elf.dir/Drivers/STM32F4xx_HAL_Driver/Src/stm32f4xx_hal_exti.c.obj
LOAD CMakeFiles/sentry_chassis.elf.dir/Drivers/STM32F4xx_HAL_Driver/Src/stm32f4xx_hal_flash.c.obj
LOAD CMakeFiles/sentry_chassis.elf.dir/Drivers/STM32F4xx_HAL_Driver/Src/stm32f4xx_hal_flash_ex.c.obj
LOAD CMakeFiles/sentry_chassis.elf.dir/Drivers/STM32F4xx_HAL_Driver/Src/stm32f4xx_hal_flash_ramfunc.c.obj
LOAD CMakeFiles/sentry_chassis.elf.dir/Drivers/STM32F4xx_HAL_Driver/Src/stm32f4xx_hal_gpio.c.obj
LOAD CMakeFiles/sentry_chassis.elf.dir/Drivers/STM32F4xx_HAL_Driver/Src/stm32f4xx_hal_pwr.c.obj
LOAD CMakeFiles/sentry_chassis.elf.dir/Drivers/STM32F4xx_HAL_Driver/Src/stm32f4xx_hal_pwr_ex.c.obj
LOAD CMakeFiles/sentry_chassis.elf.dir/Drivers/STM32F4xx_HAL_Driver/Src/stm32f4xx_hal_rcc.c.obj
LOAD CMakeFiles/sentry_chassis.elf.dir/Drivers/STM32F4xx_HAL_Driver/Src/stm32f4xx_hal_rcc_ex.c.obj
LOAD CMakeFiles/sentry_chassis.elf.dir/Drivers/STM32F4xx_HAL_Driver/Src/stm32f4xx_hal_tim.c.obj
LOAD CMakeFiles/sentry_chassis.elf.dir/Drivers/STM32F4xx_HAL_Driver/Src/stm32f4xx_hal_tim_ex.c.obj
LOAD CMakeFiles/sentry_chassis.elf.dir/Drivers/STM32F4xx_HAL_Driver/Src/stm32f4xx_hal_uart.c.obj
LOAD CMakeFiles/sentry_chassis.elf.dir/Middlewares/Third_Party/FreeRTOS/Source/CMSIS_RTOS_V2/cmsis_os2.c.obj
LOAD CMakeFiles/sentry_chassis.elf.dir/Middlewares/Third_Party/FreeRTOS/Source/croutine.c.obj
LOAD CMakeFiles/sentry_chassis.elf.dir/Middlewares/Third_Party/FreeRTOS/Source/event_groups.c.obj
LOAD CMakeFiles/sentry_chassis.elf.dir/Middlewares/Third_Party/FreeRTOS/Source/list.c.obj
LOAD CMakeFiles/sentry_chassis.elf.dir/Middlewares/Third_Party/FreeRTOS/Source/portable/GCC/ARM_CM4F/port.c.obj
LOAD CMakeFiles/sentry_chassis.elf.dir/Middlewares/Third_Party/FreeRTOS/Source/portable/MemMang/heap_4.c.obj
LOAD CMakeFiles/sentry_chassis.elf.dir/Middlewares/Third_Party/FreeRTOS/Source/queue.c.obj
LOAD CMakeFiles/sentry_chassis.elf.dir/Middlewares/Third_Party/FreeRTOS/Source/stream_buffer.c.obj
LOAD CMakeFiles/sentry_chassis.elf.dir/Middlewares/Third_Party/FreeRTOS/Source/tasks.c.obj
LOAD CMakeFiles/sentry_chassis.elf.dir/Middlewares/Third_Party/FreeRTOS/Source/timers.c.obj
LOAD CMakeFiles/sentry_chassis.elf.dir/app/Snc/chassis.c.obj
LOAD CMakeFiles/sentry_chassis.elf.dir/bsp/Snc/bsp_can.c.obj
LOAD CMakeFiles/sentry_chassis.elf.dir/bsp/Snc/uart.c.obj
START GROUP
LOAD C:/clion/gcc-arm-none-eabi-10.3-2021.10/bin/../lib/gcc/arm-none-eabi/13.3.1/thumb/v7e-m+fp/hard\libgcc.a
LOAD C:/clion/gcc-arm-none-eabi-10.3-2021.10/bin/../lib/gcc/arm-none-eabi/13.3.1/thumb/v7e-m+fp/hard\libg.a
LOAD C:/clion/gcc-arm-none-eabi-10.3-2021.10/bin/../lib/gcc/arm-none-eabi/13.3.1/thumb/v7e-m+fp/hard\libc.a
END GROUP
LOAD C:/clion/gcc-arm-none-eabi-10.3-2021.10/bin/../lib/gcc/arm-none-eabi/13.3.1/thumb/v7e-m+fp/hard/crtend.o
LOAD C:/clion/gcc-arm-none-eabi-10.3-2021.10/bin/../lib/gcc/arm-none-eabi/13.3.1/thumb/v7e-m+fp/hard/crtn.o
                0x20030000                        _estack = (ORIGIN (RAM) + LENGTH (RAM))
                0x00000400                        _Min_Heap_Size = 0x400
                0x00000400                        _Min_Stack_Size = 0x400

.isr_vector     0x08000000      0x1ac
                0x08000000                        . = ALIGN (0x4)
 *(.isr_vector)
 .isr_vector    0x08000000      0x1ac CMakeFiles/sentry_chassis.elf.dir/Core/Startup/startup_stm32f427iihx.s.obj
                0x08000000                g_pfnVectors
                0x080001ac                        . = ALIGN (0x4)

.text           0x080001b0     0x4354
                0x080001b0                        . = ALIGN (0x4)
 *(.text)
 .text          0x080001b0       0x30 C:/clion/gcc-arm-none-eabi-10.3-2021.10/bin/../lib/gcc/arm-none-eabi/13.3.1/thumb/v7e-m+fp/hard\libgcc.a(_aeabi_uldivmod.o)
                0x080001b0                __aeabi_uldivmod
 .text          0x080001e0        0x4 C:/clion/gcc-arm-none-eabi-10.3-2021.10/bin/../lib/gcc/arm-none-eabi/13.3.1/thumb/v7e-m+fp/hard\libgcc.a(_dvmd_tls.o)
                0x080001e0                __aeabi_idiv0
                0x080001e0                __aeabi_ldiv0
 .text          0x080001e4      0x134 C:/clion/gcc-arm-none-eabi-10.3-2021.10/bin/../lib/gcc/arm-none-eabi/13.3.1/thumb/v7e-m+fp/hard\libg.a(libc_a-memcpy.o)
                0x080001e4                memcpy
 *(.text*)
 .text.deregister_tm_clones
                0x08000318       0x1c C:/clion/gcc-arm-none-eabi-10.3-2021.10/bin/../lib/gcc/arm-none-eabi/13.3.1/thumb/v7e-m+fp/hard/crtbegin.o
 .text.register_tm_clones
                0x08000334       0x24 C:/clion/gcc-arm-none-eabi-10.3-2021.10/bin/../lib/gcc/arm-none-eabi/13.3.1/thumb/v7e-m+fp/hard/crtbegin.o
 .text.__do_global_dtors_aux
                0x08000358       0x28 C:/clion/gcc-arm-none-eabi-10.3-2021.10/bin/../lib/gcc/arm-none-eabi/13.3.1/thumb/v7e-m+fp/hard/crtbegin.o
 .text.frame_dummy
                0x08000380       0x24 C:/clion/gcc-arm-none-eabi-10.3-2021.10/bin/../lib/gcc/arm-none-eabi/13.3.1/thumb/v7e-m+fp/hard/crtbegin.o
 .text.MX_GPIO_Init
                0x080003a4       0x60 CMakeFiles/sentry_chassis.elf.dir/Core/Src/main.c.obj
 .text.MX_DMA_Init
                0x08000404       0x34 CMakeFiles/sentry_chassis.elf.dir/Core/Src/main.c.obj
 .text.chassis_Task
                0x08000438        0xa CMakeFiles/sentry_chassis.elf.dir/Core/Src/main.c.obj
                0x08000438                chassis_Task
 .text.Uart_task
                0x08000442        0xa CMakeFiles/sentry_chassis.elf.dir/Core/Src/main.c.obj
                0x08000442                Uart_task
 .text.Remote_Task
                0x0800044c        0xa CMakeFiles/sentry_chassis.elf.dir/Core/Src/main.c.obj
                0x0800044c                Remote_Task
 *fill*         0x08000456        0x2 
 .text.HAL_TIM_PeriodElapsedCallback
                0x08000458       0x18 CMakeFiles/sentry_chassis.elf.dir/Core/Src/main.c.obj
                0x08000458                HAL_TIM_PeriodElapsedCallback
 .text.Error_Handler
                0x08000470        0x4 CMakeFiles/sentry_chassis.elf.dir/Core/Src/main.c.obj
                0x08000470                Error_Handler
 .text.MX_CAN1_Init
                0x08000474       0x40 CMakeFiles/sentry_chassis.elf.dir/Core/Src/main.c.obj
 .text.MX_CAN2_Init
                0x080004b4       0x40 CMakeFiles/sentry_chassis.elf.dir/Core/Src/main.c.obj
 .text.MX_USART1_UART_Init
                0x080004f4       0x38 CMakeFiles/sentry_chassis.elf.dir/Core/Src/main.c.obj
 .text.SystemClock_Config
                0x0800052c       0xa8 CMakeFiles/sentry_chassis.elf.dir/Core/Src/main.c.obj
                0x0800052c                SystemClock_Config
 .text.main     0x080005d4       0x78 CMakeFiles/sentry_chassis.elf.dir/Core/Src/main.c.obj
                0x080005d4                main
 .text.HAL_MspInit
                0x0800064c       0x44 CMakeFiles/sentry_chassis.elf.dir/Core/Src/stm32f4xx_hal_msp.c.obj
                0x0800064c                HAL_MspInit
 .text.HAL_CAN_MspInit
                0x08000690      0x144 CMakeFiles/sentry_chassis.elf.dir/Core/Src/stm32f4xx_hal_msp.c.obj
                0x08000690                HAL_CAN_MspInit
 .text.HAL_UART_MspInit
                0x080007d4       0xac CMakeFiles/sentry_chassis.elf.dir/Core/Src/stm32f4xx_hal_msp.c.obj
                0x080007d4                HAL_UART_MspInit
 .text.HAL_InitTick
                0x08000880       0xa4 CMakeFiles/sentry_chassis.elf.dir/Core/Src/stm32f4xx_hal_timebase_tim.c.obj
                0x08000880                HAL_InitTick
 .text.NMI_Handler
                0x08000924        0x2 CMakeFiles/sentry_chassis.elf.dir/Core/Src/stm32f4xx_it.c.obj
                0x08000924                NMI_Handler
 .text.HardFault_Handler
                0x08000926        0x2 CMakeFiles/sentry_chassis.elf.dir/Core/Src/stm32f4xx_it.c.obj
                0x08000926                HardFault_Handler
 .text.MemManage_Handler
                0x08000928        0x2 CMakeFiles/sentry_chassis.elf.dir/Core/Src/stm32f4xx_it.c.obj
                0x08000928                MemManage_Handler
 .text.BusFault_Handler
                0x0800092a        0x2 CMakeFiles/sentry_chassis.elf.dir/Core/Src/stm32f4xx_it.c.obj
                0x0800092a                BusFault_Handler
 .text.UsageFault_Handler
                0x0800092c        0x2 CMakeFiles/sentry_chassis.elf.dir/Core/Src/stm32f4xx_it.c.obj
                0x0800092c                UsageFault_Handler
 .text.DebugMon_Handler
                0x0800092e        0x2 CMakeFiles/sentry_chassis.elf.dir/Core/Src/stm32f4xx_it.c.obj
                0x0800092e                DebugMon_Handler
 .text.CAN1_TX_IRQHandler
                0x08000930       0x10 CMakeFiles/sentry_chassis.elf.dir/Core/Src/stm32f4xx_it.c.obj
                0x08000930                CAN1_TX_IRQHandler
 .text.CAN1_RX1_IRQHandler
                0x08000940       0x10 CMakeFiles/sentry_chassis.elf.dir/Core/Src/stm32f4xx_it.c.obj
                0x08000940                CAN1_RX1_IRQHandler
 .text.TIM3_IRQHandler
                0x08000950       0x10 CMakeFiles/sentry_chassis.elf.dir/Core/Src/stm32f4xx_it.c.obj
                0x08000950                TIM3_IRQHandler
 .text.DMA2_Stream2_IRQHandler
                0x08000960       0x10 CMakeFiles/sentry_chassis.elf.dir/Core/Src/stm32f4xx_it.c.obj
                0x08000960                DMA2_Stream2_IRQHandler
 .text.CAN2_TX_IRQHandler
                0x08000970       0x10 CMakeFiles/sentry_chassis.elf.dir/Core/Src/stm32f4xx_it.c.obj
                0x08000970                CAN2_TX_IRQHandler
 .text.CAN2_RX1_IRQHandler
                0x08000980       0x10 CMakeFiles/sentry_chassis.elf.dir/Core/Src/stm32f4xx_it.c.obj
                0x08000980                CAN2_RX1_IRQHandler
 .text._sbrk    0x08000990       0x48 CMakeFiles/sentry_chassis.elf.dir/Core/Src/sysmem.c.obj
                0x08000990                _sbrk
 .text.SystemInit
                0x080009d8       0x14 CMakeFiles/sentry_chassis.elf.dir/Core/Src/system_stm32f4xx.c.obj
                0x080009d8                SystemInit
 .text.Reset_Handler
                0x080009ec       0x50 CMakeFiles/sentry_chassis.elf.dir/Core/Startup/startup_stm32f427iihx.s.obj
                0x080009ec                Reset_Handler
 .text.Default_Handler
                0x08000a3c        0x2 CMakeFiles/sentry_chassis.elf.dir/Core/Startup/startup_stm32f427iihx.s.obj
                0x08000a3c                RTC_Alarm_IRQHandler
                0x08000a3c                HASH_RNG_IRQHandler
                0x08000a3c                EXTI2_IRQHandler
                0x08000a3c                TIM8_CC_IRQHandler
                0x08000a3c                UART8_IRQHandler
                0x08000a3c                SPI4_IRQHandler
                0x08000a3c                TIM1_CC_IRQHandler
                0x08000a3c                DMA2_Stream5_IRQHandler
                0x08000a3c                DMA1_Stream5_IRQHandler
                0x08000a3c                PVD_IRQHandler
                0x08000a3c                SDIO_IRQHandler
                0x08000a3c                TAMP_STAMP_IRQHandler
                0x08000a3c                EXTI3_IRQHandler
                0x08000a3c                TIM8_TRG_COM_TIM14_IRQHandler
                0x08000a3c                TIM1_UP_TIM10_IRQHandler
                0x08000a3c                TIM8_UP_TIM13_IRQHandler
                0x08000a3c                I2C3_ER_IRQHandler
                0x08000a3c                EXTI0_IRQHandler
                0x08000a3c                I2C2_EV_IRQHandler
                0x08000a3c                DMA1_Stream2_IRQHandler
                0x08000a3c                CAN1_RX0_IRQHandler
                0x08000a3c                FPU_IRQHandler
                0x08000a3c                OTG_HS_WKUP_IRQHandler
                0x08000a3c                CAN2_SCE_IRQHandler
                0x08000a3c                SPI1_IRQHandler
                0x08000a3c                TIM6_DAC_IRQHandler
                0x08000a3c                TIM1_BRK_TIM9_IRQHandler
                0x08000a3c                DCMI_IRQHandler
                0x08000a3c                CAN2_RX0_IRQHandler
                0x08000a3c                DMA2_Stream3_IRQHandler
                0x08000a3c                USART6_IRQHandler
                0x08000a3c                USART3_IRQHandler
                0x08000a3c                UART5_IRQHandler
                0x08000a3c                DMA2_Stream0_IRQHandler
                0x08000a3c                TIM4_IRQHandler
                0x08000a3c                I2C1_EV_IRQHandler
                0x08000a3c                DMA1_Stream6_IRQHandler
                0x08000a3c                DMA1_Stream1_IRQHandler
                0x08000a3c                UART4_IRQHandler
                0x08000a3c                RCC_IRQHandler
                0x08000a3c                TIM8_BRK_TIM12_IRQHandler
                0x08000a3c                Default_Handler
                0x08000a3c                EXTI15_10_IRQHandler
                0x08000a3c                ADC_IRQHandler
                0x08000a3c                DMA1_Stream7_IRQHandler
                0x08000a3c                SPI5_IRQHandler
                0x08000a3c                TIM7_IRQHandler
                0x08000a3c                TIM5_IRQHandler
                0x08000a3c                DMA2_Stream7_IRQHandler
                0x08000a3c                I2C3_EV_IRQHandler
                0x08000a3c                EXTI9_5_IRQHandler
                0x08000a3c                RTC_WKUP_IRQHandler
                0x08000a3c                ETH_WKUP_IRQHandler
                0x08000a3c                SPI2_IRQHandler
                0x08000a3c                OTG_HS_EP1_IN_IRQHandler
                0x08000a3c                DMA1_Stream0_IRQHandler
                0x08000a3c                EXTI4_IRQHandler
                0x08000a3c                ETH_IRQHandler
                0x08000a3c                OTG_HS_EP1_OUT_IRQHandler
                0x08000a3c                WWDG_IRQHandler
                0x08000a3c                SPI6_IRQHandler
                0x08000a3c                TIM2_IRQHandler
                0x08000a3c                OTG_FS_WKUP_IRQHandler
                0x08000a3c                TIM1_TRG_COM_TIM11_IRQHandler
                0x08000a3c                OTG_HS_IRQHandler
                0x08000a3c                DMA2D_IRQHandler
                0x08000a3c                EXTI1_IRQHandler
                0x08000a3c                UART7_IRQHandler
                0x08000a3c                USART2_IRQHandler
                0x08000a3c                I2C2_ER_IRQHandler
                0x08000a3c                DMA2_Stream1_IRQHandler
                0x08000a3c                CAN1_SCE_IRQHandler
                0x08000a3c                FLASH_IRQHandler
                0x08000a3c                DMA2_Stream4_IRQHandler
                0x08000a3c                USART1_IRQHandler
                0x08000a3c                OTG_FS_IRQHandler
                0x08000a3c                SPI3_IRQHandler
                0x08000a3c                DMA1_Stream4_IRQHandler
                0x08000a3c                I2C1_ER_IRQHandler
                0x08000a3c                FMC_IRQHandler
                0x08000a3c                DMA2_Stream6_IRQHandler
                0x08000a3c                SAI1_IRQHandler
                0x08000a3c                DMA1_Stream3_IRQHandler
 *fill*         0x08000a3e        0x2 
 .text.HAL_Init
                0x08000a40       0x34 CMakeFiles/sentry_chassis.elf.dir/Drivers/STM32F4xx_HAL_Driver/Src/stm32f4xx_hal.c.obj
                0x08000a40                HAL_Init
 .text.HAL_IncTick
                0x08000a74       0x18 CMakeFiles/sentry_chassis.elf.dir/Drivers/STM32F4xx_HAL_Driver/Src/stm32f4xx_hal.c.obj
                0x08000a74                HAL_IncTick
 .text.HAL_GetTick
                0x08000a8c        0xc CMakeFiles/sentry_chassis.elf.dir/Drivers/STM32F4xx_HAL_Driver/Src/stm32f4xx_hal.c.obj
                0x08000a8c                HAL_GetTick
 .text.HAL_CAN_Init
                0x08000a98      0x14c CMakeFiles/sentry_chassis.elf.dir/Drivers/STM32F4xx_HAL_Driver/Src/stm32f4xx_hal_can.c.obj
                0x08000a98                HAL_CAN_Init
 .text.HAL_CAN_TxMailbox0CompleteCallback
                0x08000be4        0x2 CMakeFiles/sentry_chassis.elf.dir/Drivers/STM32F4xx_HAL_Driver/Src/stm32f4xx_hal_can.c.obj
                0x08000be4                HAL_CAN_TxMailbox0CompleteCallback
 .text.HAL_CAN_TxMailbox1CompleteCallback
                0x08000be6        0x2 CMakeFiles/sentry_chassis.elf.dir/Drivers/STM32F4xx_HAL_Driver/Src/stm32f4xx_hal_can.c.obj
                0x08000be6                HAL_CAN_TxMailbox1CompleteCallback
 .text.HAL_CAN_TxMailbox2CompleteCallback
                0x08000be8        0x2 CMakeFiles/sentry_chassis.elf.dir/Drivers/STM32F4xx_HAL_Driver/Src/stm32f4xx_hal_can.c.obj
                0x08000be8                HAL_CAN_TxMailbox2CompleteCallback
 .text.HAL_CAN_TxMailbox0AbortCallback
                0x08000bea        0x2 CMakeFiles/sentry_chassis.elf.dir/Drivers/STM32F4xx_HAL_Driver/Src/stm32f4xx_hal_can.c.obj
                0x08000bea                HAL_CAN_TxMailbox0AbortCallback
 .text.HAL_CAN_TxMailbox1AbortCallback
                0x08000bec        0x2 CMakeFiles/sentry_chassis.elf.dir/Drivers/STM32F4xx_HAL_Driver/Src/stm32f4xx_hal_can.c.obj
                0x08000bec                HAL_CAN_TxMailbox1AbortCallback
 .text.HAL_CAN_TxMailbox2AbortCallback
                0x08000bee        0x2 CMakeFiles/sentry_chassis.elf.dir/Drivers/STM32F4xx_HAL_Driver/Src/stm32f4xx_hal_can.c.obj
                0x08000bee                HAL_CAN_TxMailbox2AbortCallback
 .text.HAL_CAN_RxFifo0MsgPendingCallback
                0x08000bf0        0x2 CMakeFiles/sentry_chassis.elf.dir/Drivers/STM32F4xx_HAL_Driver/Src/stm32f4xx_hal_can.c.obj
                0x08000bf0                HAL_CAN_RxFifo0MsgPendingCallback
 .text.HAL_CAN_RxFifo0FullCallback
                0x08000bf2        0x2 CMakeFiles/sentry_chassis.elf.dir/Drivers/STM32F4xx_HAL_Driver/Src/stm32f4xx_hal_can.c.obj
                0x08000bf2                HAL_CAN_RxFifo0FullCallback
 .text.HAL_CAN_RxFifo1MsgPendingCallback
                0x08000bf4        0x2 CMakeFiles/sentry_chassis.elf.dir/Drivers/STM32F4xx_HAL_Driver/Src/stm32f4xx_hal_can.c.obj
                0x08000bf4                HAL_CAN_RxFifo1MsgPendingCallback
 .text.HAL_CAN_RxFifo1FullCallback
                0x08000bf6        0x2 CMakeFiles/sentry_chassis.elf.dir/Drivers/STM32F4xx_HAL_Driver/Src/stm32f4xx_hal_can.c.obj
                0x08000bf6                HAL_CAN_RxFifo1FullCallback
 .text.HAL_CAN_SleepCallback
                0x08000bf8        0x2 CMakeFiles/sentry_chassis.elf.dir/Drivers/STM32F4xx_HAL_Driver/Src/stm32f4xx_hal_can.c.obj
                0x08000bf8                HAL_CAN_SleepCallback
 .text.HAL_CAN_WakeUpFromRxMsgCallback
                0x08000bfa        0x2 CMakeFiles/sentry_chassis.elf.dir/Drivers/STM32F4xx_HAL_Driver/Src/stm32f4xx_hal_can.c.obj
                0x08000bfa                HAL_CAN_WakeUpFromRxMsgCallback
 .text.HAL_CAN_ErrorCallback
                0x08000bfc        0x2 CMakeFiles/sentry_chassis.elf.dir/Drivers/STM32F4xx_HAL_Driver/Src/stm32f4xx_hal_can.c.obj
                0x08000bfc                HAL_CAN_ErrorCallback
 .text.HAL_CAN_IRQHandler
                0x08000bfe      0x250 CMakeFiles/sentry_chassis.elf.dir/Drivers/STM32F4xx_HAL_Driver/Src/stm32f4xx_hal_can.c.obj
                0x08000bfe                HAL_CAN_IRQHandler
 *fill*         0x08000e4e        0x2 
 .text.__NVIC_EnableIRQ
                0x08000e50       0x1c CMakeFiles/sentry_chassis.elf.dir/Drivers/STM32F4xx_HAL_Driver/Src/stm32f4xx_hal_cortex.c.obj
 .text.__NVIC_SetPriority
                0x08000e6c       0x28 CMakeFiles/sentry_chassis.elf.dir/Drivers/STM32F4xx_HAL_Driver/Src/stm32f4xx_hal_cortex.c.obj
 .text.NVIC_EncodePriority
                0x08000e94       0x3e CMakeFiles/sentry_chassis.elf.dir/Drivers/STM32F4xx_HAL_Driver/Src/stm32f4xx_hal_cortex.c.obj
 *fill*         0x08000ed2        0x2 
 .text.HAL_NVIC_SetPriorityGrouping
                0x08000ed4       0x24 CMakeFiles/sentry_chassis.elf.dir/Drivers/STM32F4xx_HAL_Driver/Src/stm32f4xx_hal_cortex.c.obj
                0x08000ed4                HAL_NVIC_SetPriorityGrouping
 .text.HAL_NVIC_SetPriority
                0x08000ef8       0x20 CMakeFiles/sentry_chassis.elf.dir/Drivers/STM32F4xx_HAL_Driver/Src/stm32f4xx_hal_cortex.c.obj
                0x08000ef8                HAL_NVIC_SetPriority
 .text.HAL_NVIC_EnableIRQ
                0x08000f18        0x8 CMakeFiles/sentry_chassis.elf.dir/Drivers/STM32F4xx_HAL_Driver/Src/stm32f4xx_hal_cortex.c.obj
                0x08000f18                HAL_NVIC_EnableIRQ
 .text.DMA_CalcBaseAndBitshift
                0x08000f20       0x3c CMakeFiles/sentry_chassis.elf.dir/Drivers/STM32F4xx_HAL_Driver/Src/stm32f4xx_hal_dma.c.obj
 .text.DMA_CheckFifoParam
                0x08000f5c       0x8e CMakeFiles/sentry_chassis.elf.dir/Drivers/STM32F4xx_HAL_Driver/Src/stm32f4xx_hal_dma.c.obj
 *fill*         0x08000fea        0x2 
 .text.HAL_DMA_Init
                0x08000fec       0xcc CMakeFiles/sentry_chassis.elf.dir/Drivers/STM32F4xx_HAL_Driver/Src/stm32f4xx_hal_dma.c.obj
                0x08000fec                HAL_DMA_Init
 .text.HAL_DMA_IRQHandler
                0x080010b8      0x1dc CMakeFiles/sentry_chassis.elf.dir/Drivers/STM32F4xx_HAL_Driver/Src/stm32f4xx_hal_dma.c.obj
                0x080010b8                HAL_DMA_IRQHandler
 .text.HAL_GPIO_Init
                0x08001294      0x208 CMakeFiles/sentry_chassis.elf.dir/Drivers/STM32F4xx_HAL_Driver/Src/stm32f4xx_hal_gpio.c.obj
                0x08001294                HAL_GPIO_Init
 .text.HAL_RCC_OscConfig
                0x0800149c      0x3f8 CMakeFiles/sentry_chassis.elf.dir/Drivers/STM32F4xx_HAL_Driver/Src/stm32f4xx_hal_rcc.c.obj
                0x0800149c                HAL_RCC_OscConfig
 .text.HAL_RCC_GetSysClockFreq
                0x08001894       0xa8 CMakeFiles/sentry_chassis.elf.dir/Drivers/STM32F4xx_HAL_Driver/Src/stm32f4xx_hal_rcc.c.obj
                0x08001894                HAL_RCC_GetSysClockFreq
 .text.HAL_RCC_ClockConfig
                0x0800193c      0x160 CMakeFiles/sentry_chassis.elf.dir/Drivers/STM32F4xx_HAL_Driver/Src/stm32f4xx_hal_rcc.c.obj
                0x0800193c                HAL_RCC_ClockConfig
 .text.HAL_RCC_GetHCLKFreq
                0x08001a9c        0xc CMakeFiles/sentry_chassis.elf.dir/Drivers/STM32F4xx_HAL_Driver/Src/stm32f4xx_hal_rcc.c.obj
                0x08001a9c                HAL_RCC_GetHCLKFreq
 .text.HAL_RCC_GetPCLK1Freq
                0x08001aa8       0x20 CMakeFiles/sentry_chassis.elf.dir/Drivers/STM32F4xx_HAL_Driver/Src/stm32f4xx_hal_rcc.c.obj
                0x08001aa8                HAL_RCC_GetPCLK1Freq
 .text.HAL_RCC_GetPCLK2Freq
                0x08001ac8       0x20 CMakeFiles/sentry_chassis.elf.dir/Drivers/STM32F4xx_HAL_Driver/Src/stm32f4xx_hal_rcc.c.obj
                0x08001ac8                HAL_RCC_GetPCLK2Freq
 .text.HAL_RCC_GetClockConfig
                0x08001ae8       0x3c CMakeFiles/sentry_chassis.elf.dir/Drivers/STM32F4xx_HAL_Driver/Src/stm32f4xx_hal_rcc.c.obj
                0x08001ae8                HAL_RCC_GetClockConfig
 .text.HAL_TIM_Base_MspInit
                0x08001b24        0x2 CMakeFiles/sentry_chassis.elf.dir/Drivers/STM32F4xx_HAL_Driver/Src/stm32f4xx_hal_tim.c.obj
                0x08001b24                HAL_TIM_Base_MspInit
 *fill*         0x08001b26        0x2 
 .text.HAL_TIM_Base_Start_IT
                0x08001b28       0x88 CMakeFiles/sentry_chassis.elf.dir/Drivers/STM32F4xx_HAL_Driver/Src/stm32f4xx_hal_tim.c.obj
                0x08001b28                HAL_TIM_Base_Start_IT
 .text.HAL_TIM_OC_DelayElapsedCallback
                0x08001bb0        0x2 CMakeFiles/sentry_chassis.elf.dir/Drivers/STM32F4xx_HAL_Driver/Src/stm32f4xx_hal_tim.c.obj
                0x08001bb0                HAL_TIM_OC_DelayElapsedCallback
 .text.HAL_TIM_IC_CaptureCallback
                0x08001bb2        0x2 CMakeFiles/sentry_chassis.elf.dir/Drivers/STM32F4xx_HAL_Driver/Src/stm32f4xx_hal_tim.c.obj
                0x08001bb2                HAL_TIM_IC_CaptureCallback
 .text.HAL_TIM_PWM_PulseFinishedCallback
                0x08001bb4        0x2 CMakeFiles/sentry_chassis.elf.dir/Drivers/STM32F4xx_HAL_Driver/Src/stm32f4xx_hal_tim.c.obj
                0x08001bb4                HAL_TIM_PWM_PulseFinishedCallback
 .text.HAL_TIM_TriggerCallback
                0x08001bb6        0x2 CMakeFiles/sentry_chassis.elf.dir/Drivers/STM32F4xx_HAL_Driver/Src/stm32f4xx_hal_tim.c.obj
                0x08001bb6                HAL_TIM_TriggerCallback
 .text.HAL_TIM_IRQHandler
                0x08001bb8      0x15e CMakeFiles/sentry_chassis.elf.dir/Drivers/STM32F4xx_HAL_Driver/Src/stm32f4xx_hal_tim.c.obj
                0x08001bb8                HAL_TIM_IRQHandler
 *fill*         0x08001d16        0x2 
 .text.TIM_Base_SetConfig
                0x08001d18       0xd8 CMakeFiles/sentry_chassis.elf.dir/Drivers/STM32F4xx_HAL_Driver/Src/stm32f4xx_hal_tim.c.obj
                0x08001d18                TIM_Base_SetConfig
 .text.HAL_TIM_Base_Init
                0x08001df0       0x58 CMakeFiles/sentry_chassis.elf.dir/Drivers/STM32F4xx_HAL_Driver/Src/stm32f4xx_hal_tim.c.obj
                0x08001df0                HAL_TIM_Base_Init
 .text.HAL_TIMEx_CommutCallback
                0x08001e48        0x2 CMakeFiles/sentry_chassis.elf.dir/Drivers/STM32F4xx_HAL_Driver/Src/stm32f4xx_hal_tim_ex.c.obj
                0x08001e48                HAL_TIMEx_CommutCallback
 .text.HAL_TIMEx_BreakCallback
                0x08001e4a        0x2 CMakeFiles/sentry_chassis.elf.dir/Drivers/STM32F4xx_HAL_Driver/Src/stm32f4xx_hal_tim_ex.c.obj
                0x08001e4a                HAL_TIMEx_BreakCallback
 .text.UART_SetConfig
                0x08001e4c      0x110 CMakeFiles/sentry_chassis.elf.dir/Drivers/STM32F4xx_HAL_Driver/Src/stm32f4xx_hal_uart.c.obj
 .text.HAL_UART_Init
                0x08001f5c       0x60 CMakeFiles/sentry_chassis.elf.dir/Drivers/STM32F4xx_HAL_Driver/Src/stm32f4xx_hal_uart.c.obj
                0x08001f5c                HAL_UART_Init
 .text.SysTick_Handler
                0x08001fbc       0x18 CMakeFiles/sentry_chassis.elf.dir/Middlewares/Third_Party/FreeRTOS/Source/CMSIS_RTOS_V2/cmsis_os2.c.obj
                0x08001fbc                SysTick_Handler
 .text.osKernelInitialize
                0x08001fd4       0x24 CMakeFiles/sentry_chassis.elf.dir/Middlewares/Third_Party/FreeRTOS/Source/CMSIS_RTOS_V2/cmsis_os2.c.obj
                0x08001fd4                osKernelInitialize
 .text.osKernelStart
                0x08001ff8       0x38 CMakeFiles/sentry_chassis.elf.dir/Middlewares/Third_Party/FreeRTOS/Source/CMSIS_RTOS_V2/cmsis_os2.c.obj
                0x08001ff8                osKernelStart
 .text.osThreadNew
                0x08002030       0xbe CMakeFiles/sentry_chassis.elf.dir/Middlewares/Third_Party/FreeRTOS/Source/CMSIS_RTOS_V2/cmsis_os2.c.obj
                0x08002030                osThreadNew
 .text.osDelay  0x080020ee       0x1c CMakeFiles/sentry_chassis.elf.dir/Middlewares/Third_Party/FreeRTOS/Source/CMSIS_RTOS_V2/cmsis_os2.c.obj
                0x080020ee                osDelay
 *fill*         0x0800210a        0x2 
 .text.vApplicationGetIdleTaskMemory
                0x0800210c       0x18 CMakeFiles/sentry_chassis.elf.dir/Middlewares/Third_Party/FreeRTOS/Source/CMSIS_RTOS_V2/cmsis_os2.c.obj
                0x0800210c                vApplicationGetIdleTaskMemory
 .text.vApplicationGetTimerTaskMemory
                0x08002124       0x18 CMakeFiles/sentry_chassis.elf.dir/Middlewares/Third_Party/FreeRTOS/Source/CMSIS_RTOS_V2/cmsis_os2.c.obj
                0x08002124                vApplicationGetTimerTaskMemory
 .text.vListInitialise
                0x0800213c       0x16 CMakeFiles/sentry_chassis.elf.dir/Middlewares/Third_Party/FreeRTOS/Source/list.c.obj
                0x0800213c                vListInitialise
 .text.vListInitialiseItem
                0x08002152        0x6 CMakeFiles/sentry_chassis.elf.dir/Middlewares/Third_Party/FreeRTOS/Source/list.c.obj
                0x08002152                vListInitialiseItem
 .text.vListInsertEnd
                0x08002158       0x16 CMakeFiles/sentry_chassis.elf.dir/Middlewares/Third_Party/FreeRTOS/Source/list.c.obj
                0x08002158                vListInsertEnd
 .text.vListInsert
                0x0800216e       0x32 CMakeFiles/sentry_chassis.elf.dir/Middlewares/Third_Party/FreeRTOS/Source/list.c.obj
                0x0800216e                vListInsert
 .text.uxListRemove
                0x080021a0       0x26 CMakeFiles/sentry_chassis.elf.dir/Middlewares/Third_Party/FreeRTOS/Source/list.c.obj
                0x080021a0                uxListRemove
 *fill*         0x080021c6        0x2 
 .text.prvTaskExitError
                0x080021c8       0x40 CMakeFiles/sentry_chassis.elf.dir/Middlewares/Third_Party/FreeRTOS/Source/portable/GCC/ARM_CM4F/port.c.obj
 .text.prvPortStartFirstTask
                0x08002208       0x28 CMakeFiles/sentry_chassis.elf.dir/Middlewares/Third_Party/FreeRTOS/Source/portable/GCC/ARM_CM4F/port.c.obj
 .text.vPortEnableVFP
                0x08002230       0x14 CMakeFiles/sentry_chassis.elf.dir/Middlewares/Third_Party/FreeRTOS/Source/portable/GCC/ARM_CM4F/port.c.obj
 .text.pxPortInitialiseStack
                0x08002244       0x2c CMakeFiles/sentry_chassis.elf.dir/Middlewares/Third_Party/FreeRTOS/Source/portable/GCC/ARM_CM4F/port.c.obj
                0x08002244                pxPortInitialiseStack
 .text.SVC_Handler
                0x08002270       0x24 CMakeFiles/sentry_chassis.elf.dir/Middlewares/Third_Party/FreeRTOS/Source/portable/GCC/ARM_CM4F/port.c.obj
                0x08002270                SVC_Handler
 .text.vPortEnterCritical
                0x08002294       0x44 CMakeFiles/sentry_chassis.elf.dir/Middlewares/Third_Party/FreeRTOS/Source/portable/GCC/ARM_CM4F/port.c.obj
                0x08002294                vPortEnterCritical
 .text.vPortExitCritical
                0x080022d8       0x2c CMakeFiles/sentry_chassis.elf.dir/Middlewares/Third_Party/FreeRTOS/Source/portable/GCC/ARM_CM4F/port.c.obj
                0x080022d8                vPortExitCritical
 *fill*         0x08002304        0xc 
 .text.PendSV_Handler
                0x08002310       0x64 CMakeFiles/sentry_chassis.elf.dir/Middlewares/Third_Party/FreeRTOS/Source/portable/GCC/ARM_CM4F/port.c.obj
                0x08002310                PendSV_Handler
 .text.xPortSysTickHandler
                0x08002374       0x2c CMakeFiles/sentry_chassis.elf.dir/Middlewares/Third_Party/FreeRTOS/Source/portable/GCC/ARM_CM4F/port.c.obj
                0x08002374                xPortSysTickHandler
 .text.vPortSetupTimerInterrupt
                0x080023a0       0x28 CMakeFiles/sentry_chassis.elf.dir/Middlewares/Third_Party/FreeRTOS/Source/portable/GCC/ARM_CM4F/port.c.obj
                0x080023a0                vPortSetupTimerInterrupt
 .text.xPortStartScheduler
                0x080023c8      0x118 CMakeFiles/sentry_chassis.elf.dir/Middlewares/Third_Party/FreeRTOS/Source/portable/GCC/ARM_CM4F/port.c.obj
                0x080023c8                xPortStartScheduler
 .text.vPortValidateInterruptPriority
                0x080024e0       0x5c CMakeFiles/sentry_chassis.elf.dir/Middlewares/Third_Party/FreeRTOS/Source/portable/GCC/ARM_CM4F/port.c.obj
                0x080024e0                vPortValidateInterruptPriority
 .text.prvHeapInit
                0x0800253c       0x64 CMakeFiles/sentry_chassis.elf.dir/Middlewares/Third_Party/FreeRTOS/Source/portable/MemMang/heap_4.c.obj
 .text.prvInsertBlockIntoFreeList
                0x080025a0       0x64 CMakeFiles/sentry_chassis.elf.dir/Middlewares/Third_Party/FreeRTOS/Source/portable/MemMang/heap_4.c.obj
 .text.pvPortMalloc
                0x08002604      0x104 CMakeFiles/sentry_chassis.elf.dir/Middlewares/Third_Party/FreeRTOS/Source/portable/MemMang/heap_4.c.obj
                0x08002604                pvPortMalloc
 .text.vPortFree
                0x08002708       0x7c CMakeFiles/sentry_chassis.elf.dir/Middlewares/Third_Party/FreeRTOS/Source/portable/MemMang/heap_4.c.obj
                0x08002708                vPortFree
 .text.prvIsQueueFull
                0x08002784       0x1e CMakeFiles/sentry_chassis.elf.dir/Middlewares/Third_Party/FreeRTOS/Source/queue.c.obj
 .text.prvIsQueueEmpty
                0x080027a2       0x1a CMakeFiles/sentry_chassis.elf.dir/Middlewares/Third_Party/FreeRTOS/Source/queue.c.obj
 .text.prvCopyDataToQueue
                0x080027bc       0x76 CMakeFiles/sentry_chassis.elf.dir/Middlewares/Third_Party/FreeRTOS/Source/queue.c.obj
 .text.prvCopyDataFromQueue
                0x08002832       0x24 CMakeFiles/sentry_chassis.elf.dir/Middlewares/Third_Party/FreeRTOS/Source/queue.c.obj
 .text.prvUnlockQueue
                0x08002856       0x6e CMakeFiles/sentry_chassis.elf.dir/Middlewares/Third_Party/FreeRTOS/Source/queue.c.obj
 .text.xQueueGenericReset
                0x080028c4       0x84 CMakeFiles/sentry_chassis.elf.dir/Middlewares/Third_Party/FreeRTOS/Source/queue.c.obj
                0x080028c4                xQueueGenericReset
 .text.prvInitialiseNewQueue
                0x08002948       0x22 CMakeFiles/sentry_chassis.elf.dir/Middlewares/Third_Party/FreeRTOS/Source/queue.c.obj
 .text.xQueueGenericCreateStatic
                0x0800296a       0x94 CMakeFiles/sentry_chassis.elf.dir/Middlewares/Third_Party/FreeRTOS/Source/queue.c.obj
                0x0800296a                xQueueGenericCreateStatic
 .text.xQueueGenericSend
                0x080029fe      0x188 CMakeFiles/sentry_chassis.elf.dir/Middlewares/Third_Party/FreeRTOS/Source/queue.c.obj
                0x080029fe                xQueueGenericSend
 .text.xQueueGenericSendFromISR
                0x08002b86       0xce CMakeFiles/sentry_chassis.elf.dir/Middlewares/Third_Party/FreeRTOS/Source/queue.c.obj
                0x08002b86                xQueueGenericSendFromISR
 .text.xQueueReceive
                0x08002c54      0x15e CMakeFiles/sentry_chassis.elf.dir/Middlewares/Third_Party/FreeRTOS/Source/queue.c.obj
                0x08002c54                xQueueReceive
 *fill*         0x08002db2        0x2 
 .text.vQueueAddToRegistry
                0x08002db4       0x28 CMakeFiles/sentry_chassis.elf.dir/Middlewares/Third_Party/FreeRTOS/Source/queue.c.obj
                0x08002db4                vQueueAddToRegistry
 .text.vQueueWaitForMessageRestricted
                0x08002ddc       0x52 CMakeFiles/sentry_chassis.elf.dir/Middlewares/Third_Party/FreeRTOS/Source/queue.c.obj
                0x08002ddc                vQueueWaitForMessageRestricted
 *fill*         0x08002e2e        0x2 
 .text.prvResetNextTaskUnblockTime
                0x08002e30       0x2c CMakeFiles/sentry_chassis.elf.dir/Middlewares/Third_Party/FreeRTOS/Source/tasks.c.obj
 .text.prvInitialiseNewTask
                0x08002e5c      0x104 CMakeFiles/sentry_chassis.elf.dir/Middlewares/Third_Party/FreeRTOS/Source/tasks.c.obj
 .text.prvInitialiseTaskLists
                0x08002f60       0x68 CMakeFiles/sentry_chassis.elf.dir/Middlewares/Third_Party/FreeRTOS/Source/tasks.c.obj
 .text.prvAddNewTaskToReadyList
                0x08002fc8       0xac CMakeFiles/sentry_chassis.elf.dir/Middlewares/Third_Party/FreeRTOS/Source/tasks.c.obj
 .text.prvDeleteTCB
                0x08003074       0x40 CMakeFiles/sentry_chassis.elf.dir/Middlewares/Third_Party/FreeRTOS/Source/tasks.c.obj
 .text.prvCheckTasksWaitingTermination
                0x080030b4       0x4c CMakeFiles/sentry_chassis.elf.dir/Middlewares/Third_Party/FreeRTOS/Source/tasks.c.obj
 .text.prvIdleTask
                0x08003100       0x28 CMakeFiles/sentry_chassis.elf.dir/Middlewares/Third_Party/FreeRTOS/Source/tasks.c.obj
 .text.prvAddCurrentTaskToDelayedList
                0x08003128       0x7c CMakeFiles/sentry_chassis.elf.dir/Middlewares/Third_Party/FreeRTOS/Source/tasks.c.obj
 .text.xTaskCreateStatic
                0x080031a4       0x7a CMakeFiles/sentry_chassis.elf.dir/Middlewares/Third_Party/FreeRTOS/Source/tasks.c.obj
                0x080031a4                xTaskCreateStatic
 .text.xTaskCreate
                0x0800321e       0x66 CMakeFiles/sentry_chassis.elf.dir/Middlewares/Third_Party/FreeRTOS/Source/tasks.c.obj
                0x0800321e                xTaskCreate
 .text.vTaskStartScheduler
                0x08003284       0xac CMakeFiles/sentry_chassis.elf.dir/Middlewares/Third_Party/FreeRTOS/Source/tasks.c.obj
                0x08003284                vTaskStartScheduler
 .text.vTaskSuspendAll
                0x08003330       0x10 CMakeFiles/sentry_chassis.elf.dir/Middlewares/Third_Party/FreeRTOS/Source/tasks.c.obj
                0x08003330                vTaskSuspendAll
 .text.xTaskGetTickCount
                0x08003340        0xc CMakeFiles/sentry_chassis.elf.dir/Middlewares/Third_Party/FreeRTOS/Source/tasks.c.obj
                0x08003340                xTaskGetTickCount
 .text.xTaskIncrementTick
                0x0800334c      0x118 CMakeFiles/sentry_chassis.elf.dir/Middlewares/Third_Party/FreeRTOS/Source/tasks.c.obj
                0x0800334c                xTaskIncrementTick
 .text.xTaskResumeAll
                0x08003464       0xf8 CMakeFiles/sentry_chassis.elf.dir/Middlewares/Third_Party/FreeRTOS/Source/tasks.c.obj
                0x08003464                xTaskResumeAll
 .text.vTaskDelay
                0x0800355c       0x4c CMakeFiles/sentry_chassis.elf.dir/Middlewares/Third_Party/FreeRTOS/Source/tasks.c.obj
                0x0800355c                vTaskDelay
 .text.vTaskSwitchContext
                0x080035a8       0xa4 CMakeFiles/sentry_chassis.elf.dir/Middlewares/Third_Party/FreeRTOS/Source/tasks.c.obj
                0x080035a8                vTaskSwitchContext
 .text.vTaskPlaceOnEventList
                0x0800364c       0x30 CMakeFiles/sentry_chassis.elf.dir/Middlewares/Third_Party/FreeRTOS/Source/tasks.c.obj
                0x0800364c                vTaskPlaceOnEventList
 .text.vTaskPlaceOnEventListRestricted
                0x0800367c       0x38 CMakeFiles/sentry_chassis.elf.dir/Middlewares/Third_Party/FreeRTOS/Source/tasks.c.obj
                0x0800367c                vTaskPlaceOnEventListRestricted
 .text.xTaskRemoveFromEventList
                0x080036b4       0x8c CMakeFiles/sentry_chassis.elf.dir/Middlewares/Third_Party/FreeRTOS/Source/tasks.c.obj
                0x080036b4                xTaskRemoveFromEventList
 .text.vTaskInternalSetTimeOutState
                0x08003740       0x18 CMakeFiles/sentry_chassis.elf.dir/Middlewares/Third_Party/FreeRTOS/Source/tasks.c.obj
                0x08003740                vTaskInternalSetTimeOutState
 .text.xTaskCheckForTimeOut
                0x08003758       0x84 CMakeFiles/sentry_chassis.elf.dir/Middlewares/Third_Party/FreeRTOS/Source/tasks.c.obj
                0x08003758                xTaskCheckForTimeOut
 .text.vTaskMissedYield
                0x080037dc        0xc CMakeFiles/sentry_chassis.elf.dir/Middlewares/Third_Party/FreeRTOS/Source/tasks.c.obj
                0x080037dc                vTaskMissedYield
 .text.xTaskGetSchedulerState
                0x080037e8       0x20 CMakeFiles/sentry_chassis.elf.dir/Middlewares/Third_Party/FreeRTOS/Source/tasks.c.obj
                0x080037e8                xTaskGetSchedulerState
 .text.xTaskPriorityDisinherit
                0x08003808       0x90 CMakeFiles/sentry_chassis.elf.dir/Middlewares/Third_Party/FreeRTOS/Source/tasks.c.obj
                0x08003808                xTaskPriorityDisinherit
 .text.prvGetNextExpireTime
                0x08003898       0x20 CMakeFiles/sentry_chassis.elf.dir/Middlewares/Third_Party/FreeRTOS/Source/timers.c.obj
 .text.prvInsertTimerInActiveList
                0x080038b8       0x48 CMakeFiles/sentry_chassis.elf.dir/Middlewares/Third_Party/FreeRTOS/Source/timers.c.obj
 .text.prvCheckForValidListAndQueue
                0x08003900       0x70 CMakeFiles/sentry_chassis.elf.dir/Middlewares/Third_Party/FreeRTOS/Source/timers.c.obj
 .text.xTimerCreateTimerTask
                0x08003970       0x64 CMakeFiles/sentry_chassis.elf.dir/Middlewares/Third_Party/FreeRTOS/Source/timers.c.obj
                0x08003970                xTimerCreateTimerTask
 .text.xTimerGenericCommand
                0x080039d4       0x6c CMakeFiles/sentry_chassis.elf.dir/Middlewares/Third_Party/FreeRTOS/Source/timers.c.obj
                0x080039d4                xTimerGenericCommand
 .text.prvSwitchTimerLists
                0x08003a40       0x7c CMakeFiles/sentry_chassis.elf.dir/Middlewares/Third_Party/FreeRTOS/Source/timers.c.obj
 .text.prvSampleTimeNow
                0x08003abc       0x2c CMakeFiles/sentry_chassis.elf.dir/Middlewares/Third_Party/FreeRTOS/Source/timers.c.obj
 .text.prvProcessExpiredTimer
                0x08003ae8       0x6c CMakeFiles/sentry_chassis.elf.dir/Middlewares/Third_Party/FreeRTOS/Source/timers.c.obj
 .text.prvProcessTimerOrBlockTask
                0x08003b54       0x74 CMakeFiles/sentry_chassis.elf.dir/Middlewares/Third_Party/FreeRTOS/Source/timers.c.obj
 .text.prvProcessReceivedCommands
                0x08003bc8      0x10c CMakeFiles/sentry_chassis.elf.dir/Middlewares/Third_Party/FreeRTOS/Source/timers.c.obj
 .text.prvTimerTask
                0x08003cd4       0x16 CMakeFiles/sentry_chassis.elf.dir/Middlewares/Third_Party/FreeRTOS/Source/timers.c.obj
 *fill*         0x08003cea        0x2 
 .text.__udivmoddi4
                0x08003cec      0x2bc C:/clion/gcc-arm-none-eabi-10.3-2021.10/bin/../lib/gcc/arm-none-eabi/13.3.1/thumb/v7e-m+fp/hard\libgcc.a(_udivmoddi4.o)
                0x08003cec                __udivmoddi4
 .text.memset   0x08003fa8       0xa4 C:/clion/gcc-arm-none-eabi-10.3-2021.10/bin/../lib/gcc/arm-none-eabi/13.3.1/thumb/v7e-m+fp/hard\libg.a(libc_a-memset.o)
                0x08003fa8                memset
 .text._reclaim_reent
                0x0800404c       0x6c C:/clion/gcc-arm-none-eabi-10.3-2021.10/bin/../lib/gcc/arm-none-eabi/13.3.1/thumb/v7e-m+fp/hard\libg.a(libc_a-reent.o)
                0x0800404c                _reclaim_reent
 .text.__errno  0x080040b8        0xc C:/clion/gcc-arm-none-eabi-10.3-2021.10/bin/../lib/gcc/arm-none-eabi/13.3.1/thumb/v7e-m+fp/hard\libg.a(libc_a-errno.o)
                0x080040b8                __errno
 .text.__libc_init_array
                0x080040c4       0x50 C:/clion/gcc-arm-none-eabi-10.3-2021.10/bin/../lib/gcc/arm-none-eabi/13.3.1/thumb/v7e-m+fp/hard\libg.a(libc_a-init.o)
                0x080040c4                __libc_init_array
 .text.__retarget_lock_acquire_recursive
                0x08004114        0x4 C:/clion/gcc-arm-none-eabi-10.3-2021.10/bin/../lib/gcc/arm-none-eabi/13.3.1/thumb/v7e-m+fp/hard\libg.a(libc_a-lock.o)
                0x08004114                __retarget_lock_acquire_recursive
 .text.__retarget_lock_release_recursive
                0x08004118        0x4 C:/clion/gcc-arm-none-eabi-10.3-2021.10/bin/../lib/gcc/arm-none-eabi/13.3.1/thumb/v7e-m+fp/hard\libg.a(libc_a-lock.o)
                0x08004118                __retarget_lock_release_recursive
 .text.startup.register_fini
                0x0800411c       0x14 C:/clion/gcc-arm-none-eabi-10.3-2021.10/bin/../lib/gcc/arm-none-eabi/13.3.1/thumb/v7e-m+fp/hard\libg.a(libc_a-__call_atexit.o)
 .text.atexit   0x08004130        0xc C:/clion/gcc-arm-none-eabi-10.3-2021.10/bin/../lib/gcc/arm-none-eabi/13.3.1/thumb/v7e-m+fp/hard\libg.a(libc_a-atexit.o)
                0x08004130                atexit
 .text._malloc_trim_r
                0x0800413c       0xb8 C:/clion/gcc-arm-none-eabi-10.3-2021.10/bin/../lib/gcc/arm-none-eabi/13.3.1/thumb/v7e-m+fp/hard\libg.a(libc_a-freer.o)
                0x0800413c                _malloc_trim_r
 .text._free_r  0x080041f4      0x1f8 C:/clion/gcc-arm-none-eabi-10.3-2021.10/bin/../lib/gcc/arm-none-eabi/13.3.1/thumb/v7e-m+fp/hard\libg.a(libc_a-freer.o)
                0x080041f4                _free_r
 .text.__malloc_lock
                0x080043ec        0xc C:/clion/gcc-arm-none-eabi-10.3-2021.10/bin/../lib/gcc/arm-none-eabi/13.3.1/thumb/v7e-m+fp/hard\libg.a(libc_a-mlock.o)
                0x080043ec                __malloc_lock
 .text.__malloc_unlock
                0x080043f8        0xc C:/clion/gcc-arm-none-eabi-10.3-2021.10/bin/../lib/gcc/arm-none-eabi/13.3.1/thumb/v7e-m+fp/hard\libg.a(libc_a-mlock.o)
                0x080043f8                __malloc_unlock
 .text._sbrk_r  0x08004404       0x24 C:/clion/gcc-arm-none-eabi-10.3-2021.10/bin/../lib/gcc/arm-none-eabi/13.3.1/thumb/v7e-m+fp/hard\libg.a(libc_a-sbrkr.o)
                0x08004404                _sbrk_r
 .text.__libc_fini_array
                0x08004428       0x28 C:/clion/gcc-arm-none-eabi-10.3-2021.10/bin/../lib/gcc/arm-none-eabi/13.3.1/thumb/v7e-m+fp/hard\libg.a(libc_a-fini.o)
                0x08004428                __libc_fini_array
 .text.sysconf  0x08004450       0x1c C:/clion/gcc-arm-none-eabi-10.3-2021.10/bin/../lib/gcc/arm-none-eabi/13.3.1/thumb/v7e-m+fp/hard\libg.a(libc_a-sysconf.o)
                0x08004450                sysconf
 .text.__register_exitproc
                0x0800446c       0x80 C:/clion/gcc-arm-none-eabi-10.3-2021.10/bin/../lib/gcc/arm-none-eabi/13.3.1/thumb/v7e-m+fp/hard\libg.a(libc_a-__atexit.o)
                0x0800446c                __register_exitproc
 *(.glue_7)
 .glue_7        0x080044ec        0x0 linker stubs
 *(.glue_7t)
 .glue_7t       0x080044ec        0x0 linker stubs
 *(.eh_frame)
 .eh_frame      0x080044ec        0x0 C:/clion/gcc-arm-none-eabi-10.3-2021.10/bin/../lib/gcc/arm-none-eabi/13.3.1/thumb/v7e-m+fp/hard/crtbegin.o
 *(.init)
 .init          0x080044ec        0x4 C:/clion/gcc-arm-none-eabi-10.3-2021.10/bin/../lib/gcc/arm-none-eabi/13.3.1/thumb/v7e-m+fp/hard/crti.o
                0x080044ec                _init
 .init          0x080044f0        0x8 C:/clion/gcc-arm-none-eabi-10.3-2021.10/bin/../lib/gcc/arm-none-eabi/13.3.1/thumb/v7e-m+fp/hard/crtn.o
 *(.fini)
 .fini          0x080044f8        0x4 C:/clion/gcc-arm-none-eabi-10.3-2021.10/bin/../lib/gcc/arm-none-eabi/13.3.1/thumb/v7e-m+fp/hard/crti.o
                0x080044f8                _fini
 .fini          0x080044fc        0x8 C:/clion/gcc-arm-none-eabi-10.3-2021.10/bin/../lib/gcc/arm-none-eabi/13.3.1/thumb/v7e-m+fp/hard/crtn.o
                0x08004504                        . = ALIGN (0x4)
                0x08004504                        _etext = .

.vfp11_veneer   0x08004504        0x0
 .vfp11_veneer  0x08004504        0x0 linker stubs

.v4_bx          0x08004504        0x0
 .v4_bx         0x08004504        0x0 linker stubs

.iplt           0x08004504        0x0
 .iplt          0x08004504        0x0 C:/clion/gcc-arm-none-eabi-10.3-2021.10/bin/../lib/gcc/arm-none-eabi/13.3.1/thumb/v7e-m+fp/hard/crtbegin.o

.rodata         0x08004504       0xc8
                0x08004504                        . = ALIGN (0x4)
 *(.rodata)
 *(.rodata*)
 .rodata.str1.4
                0x08004504       0x3c CMakeFiles/sentry_chassis.elf.dir/Core/Src/main.c.obj
                                 0x24 (size before relaxing)
 .rodata.RemoteTask_attributes
                0x08004540       0x24 CMakeFiles/sentry_chassis.elf.dir/Core/Src/main.c.obj
                0x08004540                RemoteTask_attributes
 .rodata.UartTask_attributes
                0x08004564       0x24 CMakeFiles/sentry_chassis.elf.dir/Core/Src/main.c.obj
                0x08004564                UartTask_attributes
 .rodata.ChassisTask_attributes
                0x08004588       0x24 CMakeFiles/sentry_chassis.elf.dir/Core/Src/main.c.obj
                0x08004588                ChassisTask_attributes
 .rodata.APBPrescTable
                0x080045ac        0x8 CMakeFiles/sentry_chassis.elf.dir/Core/Src/system_stm32f4xx.c.obj
                0x080045ac                APBPrescTable
 .rodata.AHBPrescTable
                0x080045b4       0x10 CMakeFiles/sentry_chassis.elf.dir/Core/Src/system_stm32f4xx.c.obj
                0x080045b4                AHBPrescTable
 .rodata.flagBitshiftOffset.0
                0x080045c4        0x8 CMakeFiles/sentry_chassis.elf.dir/Drivers/STM32F4xx_HAL_Driver/Src/stm32f4xx_hal_dma.c.obj
 .rodata.vTaskStartScheduler.str1.4
                0x080045cc        0x5 CMakeFiles/sentry_chassis.elf.dir/Middlewares/Third_Party/FreeRTOS/Source/tasks.c.obj
 .rodata.prvCheckForValidListAndQueue.str1.4
                0x080045cc        0x5 CMakeFiles/sentry_chassis.elf.dir/Middlewares/Third_Party/FreeRTOS/Source/timers.c.obj
 .rodata.xTimerCreateTimerTask.str1.4
                0x080045cc        0x8 CMakeFiles/sentry_chassis.elf.dir/Middlewares/Third_Party/FreeRTOS/Source/timers.c.obj
                0x080045d4                        . = ALIGN (0x4)

.ARM.extab      0x080045cc        0x0
                0x080045cc                        . = ALIGN (0x4)
 *(.ARM.extab* .gnu.linkonce.armextab.*)
                0x080045cc                        . = ALIGN (0x4)

.ARM            0x080045cc        0x8
                0x080045cc                        . = ALIGN (0x4)
                0x080045cc                        __exidx_start = .
 *(.ARM.exidx*)
 .ARM.exidx     0x080045cc        0x8 C:/clion/gcc-arm-none-eabi-10.3-2021.10/bin/../lib/gcc/arm-none-eabi/13.3.1/thumb/v7e-m+fp/hard\libg.a(libc_a-memcpy.o)
 .ARM.exidx.text.__udivmoddi4
                0x080045d4        0x0 C:/clion/gcc-arm-none-eabi-10.3-2021.10/bin/../lib/gcc/arm-none-eabi/13.3.1/thumb/v7e-m+fp/hard\libgcc.a(_udivmoddi4.o)
                                  0x8 (size before relaxing)
                0x080045d4                        __exidx_end = .
                0x080045d4                        . = ALIGN (0x4)

.preinit_array  0x080045d4        0x0
                0x080045d4                        . = ALIGN (0x4)
                0x080045d4                        PROVIDE (__preinit_array_start = .)
 *(.preinit_array*)
                0x080045d4                        PROVIDE (__preinit_array_end = .)
                0x080045d4                        . = ALIGN (0x4)

.init_array     0x080045d4        0x8
                0x080045d4                        . = ALIGN (0x4)
                0x080045d4                        PROVIDE (__init_array_start = .)
 *(SORT_BY_NAME(.init_array.*))
 .init_array.00000
                0x080045d4        0x4 C:/clion/gcc-arm-none-eabi-10.3-2021.10/bin/../lib/gcc/arm-none-eabi/13.3.1/thumb/v7e-m+fp/hard\libg.a(libc_a-__call_atexit.o)
 *(.init_array*)
 .init_array    0x080045d8        0x4 C:/clion/gcc-arm-none-eabi-10.3-2021.10/bin/../lib/gcc/arm-none-eabi/13.3.1/thumb/v7e-m+fp/hard/crtbegin.o
                0x080045dc                        PROVIDE (__init_array_end = .)
                0x080045dc                        . = ALIGN (0x4)

.fini_array     0x080045dc        0x4
                0x080045dc                        . = ALIGN (0x4)
                0x080045dc                        PROVIDE (__fini_array_start = .)
 *(SORT_BY_NAME(.fini_array.*))
 *(.fini_array*)
 .fini_array    0x080045dc        0x4 C:/clion/gcc-arm-none-eabi-10.3-2021.10/bin/../lib/gcc/arm-none-eabi/13.3.1/thumb/v7e-m+fp/hard/crtbegin.o
                0x080045e0                        PROVIDE (__fini_array_end = .)
                0x080045e0                        . = ALIGN (0x4)
                0x080045e0                        _sidata = LOADADDR (.data)

.rel.dyn        0x080045e0        0x0
 .rel.iplt      0x080045e0        0x0 C:/clion/gcc-arm-none-eabi-10.3-2021.10/bin/../lib/gcc/arm-none-eabi/13.3.1/thumb/v7e-m+fp/hard/crtbegin.o

.data           0x20000000      0x570 load address 0x080045e0
                0x20000000                        . = ALIGN (0x4)
                0x20000000                        _sdata = .
 *(.data)
 *(.data*)
 .data.SystemCoreClock
                0x20000000        0x4 CMakeFiles/sentry_chassis.elf.dir/Core/Src/system_stm32f4xx.c.obj
                0x20000000                SystemCoreClock
 .data.uwTickFreq
                0x20000004        0x1 CMakeFiles/sentry_chassis.elf.dir/Drivers/STM32F4xx_HAL_Driver/Src/stm32f4xx_hal.c.obj
                0x20000004                uwTickFreq
 *fill*         0x20000005        0x3 
 .data.uwTickPrio
                0x20000008        0x4 CMakeFiles/sentry_chassis.elf.dir/Drivers/STM32F4xx_HAL_Driver/Src/stm32f4xx_hal.c.obj
                0x20000008                uwTickPrio
 .data.uxCriticalNesting
                0x2000000c        0x4 CMakeFiles/sentry_chassis.elf.dir/Middlewares/Third_Party/FreeRTOS/Source/portable/GCC/ARM_CM4F/port.c.obj
 .data._impure_ptr
                0x20000010        0x4 C:/clion/gcc-arm-none-eabi-10.3-2021.10/bin/../lib/gcc/arm-none-eabi/13.3.1/thumb/v7e-m+fp/hard\libg.a(libc_a-impure.o)
                0x20000010                _impure_ptr
 *fill*         0x20000014        0x4 
 .data._impure_data
                0x20000018      0x140 C:/clion/gcc-arm-none-eabi-10.3-2021.10/bin/../lib/gcc/arm-none-eabi/13.3.1/thumb/v7e-m+fp/hard\libg.a(libc_a-impure.o)
                0x20000018                _impure_data
 .data.__atexit_recursive_mutex
                0x20000158        0x4 C:/clion/gcc-arm-none-eabi-10.3-2021.10/bin/../lib/gcc/arm-none-eabi/13.3.1/thumb/v7e-m+fp/hard\libg.a(libc_a-__call_atexit.o)
                0x20000158                __atexit_recursive_mutex
 .data.__malloc_sbrk_base
                0x2000015c        0x4 C:/clion/gcc-arm-none-eabi-10.3-2021.10/bin/../lib/gcc/arm-none-eabi/13.3.1/thumb/v7e-m+fp/hard\libg.a(libc_a-mallocr.o)
                0x2000015c                __malloc_sbrk_base
 .data.__malloc_trim_threshold
                0x20000160        0x4 C:/clion/gcc-arm-none-eabi-10.3-2021.10/bin/../lib/gcc/arm-none-eabi/13.3.1/thumb/v7e-m+fp/hard\libg.a(libc_a-mallocr.o)
                0x20000160                __malloc_trim_threshold
 *fill*         0x20000164        0x4 
 .data.__malloc_av_
                0x20000168      0x408 C:/clion/gcc-arm-none-eabi-10.3-2021.10/bin/../lib/gcc/arm-none-eabi/13.3.1/thumb/v7e-m+fp/hard\libg.a(libc_a-mallocr.o)
                0x20000168                __malloc_av_
 *(.RamFunc)
 *(.RamFunc*)
                0x20000570                        . = ALIGN (0x4)
                0x20000570                        _edata = .
                0x08004b50                        _siccmram = LOADADDR (.ccmram)

.tm_clone_table
                0x20000570        0x0 load address 0x08004b50
 .tm_clone_table
                0x20000570        0x0 C:/clion/gcc-arm-none-eabi-10.3-2021.10/bin/../lib/gcc/arm-none-eabi/13.3.1/thumb/v7e-m+fp/hard/crtbegin.o
 .tm_clone_table
                0x20000570        0x0 C:/clion/gcc-arm-none-eabi-10.3-2021.10/bin/../lib/gcc/arm-none-eabi/13.3.1/thumb/v7e-m+fp/hard/crtend.o

.igot.plt       0x20000570        0x0 load address 0x08004b50
 .igot.plt      0x20000570        0x0 C:/clion/gcc-arm-none-eabi-10.3-2021.10/bin/../lib/gcc/arm-none-eabi/13.3.1/thumb/v7e-m+fp/hard/crtbegin.o

.ccmram         0x10000000        0x0 load address 0x08004b50
                0x10000000                        . = ALIGN (0x4)
                0x10000000                        _sccmram = .
 *(.ccmram)
 *(.ccmram*)
                0x10000000                        . = ALIGN (0x4)
                0x10000000                        _eccmram = .
                0x10000000                        . = ALIGN (0x4)

.bss            0x20000570     0x5054
                0x20000570                        _sbss = .
                0x20000570                        __bss_start__ = _sbss
 *(.bss)
 *(.bss*)
 .bss.completed.1
                0x20000570        0x1 C:/clion/gcc-arm-none-eabi-10.3-2021.10/bin/../lib/gcc/arm-none-eabi/13.3.1/thumb/v7e-m+fp/hard/crtbegin.o
 *fill*         0x20000571        0x3 
 .bss.object.0  0x20000574       0x18 C:/clion/gcc-arm-none-eabi-10.3-2021.10/bin/../lib/gcc/arm-none-eabi/13.3.1/thumb/v7e-m+fp/hard/crtbegin.o
 .bss.RemoteTaskHandle
                0x2000058c        0x4 CMakeFiles/sentry_chassis.elf.dir/Core/Src/main.c.obj
                0x2000058c                RemoteTaskHandle
 .bss.UartTaskHandle
                0x20000590        0x4 CMakeFiles/sentry_chassis.elf.dir/Core/Src/main.c.obj
                0x20000590                UartTaskHandle
 .bss.ChassisTaskHandle
                0x20000594        0x4 CMakeFiles/sentry_chassis.elf.dir/Core/Src/main.c.obj
                0x20000594                ChassisTaskHandle
 .bss.hdma_usart1_rx
                0x20000598       0x60 CMakeFiles/sentry_chassis.elf.dir/Core/Src/main.c.obj
                0x20000598                hdma_usart1_rx
 .bss.huart1    0x200005f8       0x48 CMakeFiles/sentry_chassis.elf.dir/Core/Src/main.c.obj
                0x200005f8                huart1
 .bss.hcan2     0x20000640       0x28 CMakeFiles/sentry_chassis.elf.dir/Core/Src/main.c.obj
                0x20000640                hcan2
 .bss.hcan1     0x20000668       0x28 CMakeFiles/sentry_chassis.elf.dir/Core/Src/main.c.obj
                0x20000668                hcan1
 .bss.HAL_RCC_CAN1_CLK_ENABLED
                0x20000690        0x4 CMakeFiles/sentry_chassis.elf.dir/Core/Src/stm32f4xx_hal_msp.c.obj
 .bss.htim3     0x20000694       0x48 CMakeFiles/sentry_chassis.elf.dir/Core/Src/stm32f4xx_hal_timebase_tim.c.obj
                0x20000694                htim3
 .bss.__sbrk_heap_end
                0x200006dc        0x4 CMakeFiles/sentry_chassis.elf.dir/Core/Src/sysmem.c.obj
 .bss.uwTick    0x200006e0        0x4 CMakeFiles/sentry_chassis.elf.dir/Drivers/STM32F4xx_HAL_Driver/Src/stm32f4xx_hal.c.obj
                0x200006e0                uwTick
 .bss.Timer_Stack.0
                0x200006e4      0x400 CMakeFiles/sentry_chassis.elf.dir/Middlewares/Third_Party/FreeRTOS/Source/CMSIS_RTOS_V2/cmsis_os2.c.obj
 *fill*         0x20000ae4        0x4 
 .bss.Timer_TCB.1
                0x20000ae8      0x1a0 CMakeFiles/sentry_chassis.elf.dir/Middlewares/Third_Party/FreeRTOS/Source/CMSIS_RTOS_V2/cmsis_os2.c.obj
 .bss.Idle_Stack.2
                0x20000c88      0x200 CMakeFiles/sentry_chassis.elf.dir/Middlewares/Third_Party/FreeRTOS/Source/CMSIS_RTOS_V2/cmsis_os2.c.obj
 .bss.Idle_TCB.3
                0x20000e88      0x1a0 CMakeFiles/sentry_chassis.elf.dir/Middlewares/Third_Party/FreeRTOS/Source/CMSIS_RTOS_V2/cmsis_os2.c.obj
 .bss.KernelState
                0x20001028        0x4 CMakeFiles/sentry_chassis.elf.dir/Middlewares/Third_Party/FreeRTOS/Source/CMSIS_RTOS_V2/cmsis_os2.c.obj
 .bss.ulMaxPRIGROUPValue
                0x2000102c        0x4 CMakeFiles/sentry_chassis.elf.dir/Middlewares/Third_Party/FreeRTOS/Source/portable/GCC/ARM_CM4F/port.c.obj
 .bss.ucMaxSysCallPriority
                0x20001030        0x1 CMakeFiles/sentry_chassis.elf.dir/Middlewares/Third_Party/FreeRTOS/Source/portable/GCC/ARM_CM4F/port.c.obj
 *fill*         0x20001031        0x3 
 .bss.xBlockAllocatedBit
                0x20001034        0x4 CMakeFiles/sentry_chassis.elf.dir/Middlewares/Third_Party/FreeRTOS/Source/portable/MemMang/heap_4.c.obj
 .bss.xNumberOfSuccessfulFrees
                0x20001038        0x4 CMakeFiles/sentry_chassis.elf.dir/Middlewares/Third_Party/FreeRTOS/Source/portable/MemMang/heap_4.c.obj
 .bss.xNumberOfSuccessfulAllocations
                0x2000103c        0x4 CMakeFiles/sentry_chassis.elf.dir/Middlewares/Third_Party/FreeRTOS/Source/portable/MemMang/heap_4.c.obj
 .bss.xMinimumEverFreeBytesRemaining
                0x20001040        0x4 CMakeFiles/sentry_chassis.elf.dir/Middlewares/Third_Party/FreeRTOS/Source/portable/MemMang/heap_4.c.obj
 .bss.xFreeBytesRemaining
                0x20001044        0x4 CMakeFiles/sentry_chassis.elf.dir/Middlewares/Third_Party/FreeRTOS/Source/portable/MemMang/heap_4.c.obj
 .bss.pxEnd     0x20001048        0x4 CMakeFiles/sentry_chassis.elf.dir/Middlewares/Third_Party/FreeRTOS/Source/portable/MemMang/heap_4.c.obj
 .bss.xStart    0x2000104c        0x8 CMakeFiles/sentry_chassis.elf.dir/Middlewares/Third_Party/FreeRTOS/Source/portable/MemMang/heap_4.c.obj
 .bss.ucHeap    0x20001054     0x3c00 CMakeFiles/sentry_chassis.elf.dir/Middlewares/Third_Party/FreeRTOS/Source/portable/MemMang/heap_4.c.obj
 .bss.xQueueRegistry
                0x20004c54       0x40 CMakeFiles/sentry_chassis.elf.dir/Middlewares/Third_Party/FreeRTOS/Source/queue.c.obj
                0x20004c54                xQueueRegistry
 .bss.uxSchedulerSuspended
                0x20004c94        0x4 CMakeFiles/sentry_chassis.elf.dir/Middlewares/Third_Party/FreeRTOS/Source/tasks.c.obj
 .bss.xIdleTaskHandle
                0x20004c98        0x4 CMakeFiles/sentry_chassis.elf.dir/Middlewares/Third_Party/FreeRTOS/Source/tasks.c.obj
 .bss.xNextTaskUnblockTime
                0x20004c9c        0x4 CMakeFiles/sentry_chassis.elf.dir/Middlewares/Third_Party/FreeRTOS/Source/tasks.c.obj
 .bss.uxTaskNumber
                0x20004ca0        0x4 CMakeFiles/sentry_chassis.elf.dir/Middlewares/Third_Party/FreeRTOS/Source/tasks.c.obj
 .bss.xNumOfOverflows
                0x20004ca4        0x4 CMakeFiles/sentry_chassis.elf.dir/Middlewares/Third_Party/FreeRTOS/Source/tasks.c.obj
 .bss.xYieldPending
                0x20004ca8        0x4 CMakeFiles/sentry_chassis.elf.dir/Middlewares/Third_Party/FreeRTOS/Source/tasks.c.obj
 .bss.xPendedTicks
                0x20004cac        0x4 CMakeFiles/sentry_chassis.elf.dir/Middlewares/Third_Party/FreeRTOS/Source/tasks.c.obj
 .bss.xSchedulerRunning
                0x20004cb0        0x4 CMakeFiles/sentry_chassis.elf.dir/Middlewares/Third_Party/FreeRTOS/Source/tasks.c.obj
 .bss.uxTopReadyPriority
                0x20004cb4        0x4 CMakeFiles/sentry_chassis.elf.dir/Middlewares/Third_Party/FreeRTOS/Source/tasks.c.obj
 .bss.xTickCount
                0x20004cb8        0x4 CMakeFiles/sentry_chassis.elf.dir/Middlewares/Third_Party/FreeRTOS/Source/tasks.c.obj
 .bss.uxCurrentNumberOfTasks
                0x20004cbc        0x4 CMakeFiles/sentry_chassis.elf.dir/Middlewares/Third_Party/FreeRTOS/Source/tasks.c.obj
 .bss.xSuspendedTaskList
                0x20004cc0       0x14 CMakeFiles/sentry_chassis.elf.dir/Middlewares/Third_Party/FreeRTOS/Source/tasks.c.obj
 .bss.uxDeletedTasksWaitingCleanUp
                0x20004cd4        0x4 CMakeFiles/sentry_chassis.elf.dir/Middlewares/Third_Party/FreeRTOS/Source/tasks.c.obj
 .bss.xTasksWaitingTermination
                0x20004cd8       0x14 CMakeFiles/sentry_chassis.elf.dir/Middlewares/Third_Party/FreeRTOS/Source/tasks.c.obj
 .bss.xPendingReadyList
                0x20004cec       0x14 CMakeFiles/sentry_chassis.elf.dir/Middlewares/Third_Party/FreeRTOS/Source/tasks.c.obj
 .bss.pxOverflowDelayedTaskList
                0x20004d00        0x4 CMakeFiles/sentry_chassis.elf.dir/Middlewares/Third_Party/FreeRTOS/Source/tasks.c.obj
 .bss.pxDelayedTaskList
                0x20004d04        0x4 CMakeFiles/sentry_chassis.elf.dir/Middlewares/Third_Party/FreeRTOS/Source/tasks.c.obj
 .bss.xDelayedTaskList2
                0x20004d08       0x14 CMakeFiles/sentry_chassis.elf.dir/Middlewares/Third_Party/FreeRTOS/Source/tasks.c.obj
 .bss.xDelayedTaskList1
                0x20004d1c       0x14 CMakeFiles/sentry_chassis.elf.dir/Middlewares/Third_Party/FreeRTOS/Source/tasks.c.obj
 .bss.pxReadyTasksLists
                0x20004d30      0x460 CMakeFiles/sentry_chassis.elf.dir/Middlewares/Third_Party/FreeRTOS/Source/tasks.c.obj
 .bss.pxCurrentTCB
                0x20005190        0x4 CMakeFiles/sentry_chassis.elf.dir/Middlewares/Third_Party/FreeRTOS/Source/tasks.c.obj
                0x20005190                pxCurrentTCB
 .bss.xStaticTimerQueue.0
                0x20005194       0x50 CMakeFiles/sentry_chassis.elf.dir/Middlewares/Third_Party/FreeRTOS/Source/timers.c.obj
 .bss.ucStaticTimerQueueStorage.1
                0x200051e4       0xa0 CMakeFiles/sentry_chassis.elf.dir/Middlewares/Third_Party/FreeRTOS/Source/timers.c.obj
 .bss.xLastTime.2
                0x20005284        0x4 CMakeFiles/sentry_chassis.elf.dir/Middlewares/Third_Party/FreeRTOS/Source/timers.c.obj
 .bss.xTimerTaskHandle
                0x20005288        0x4 CMakeFiles/sentry_chassis.elf.dir/Middlewares/Third_Party/FreeRTOS/Source/timers.c.obj
 .bss.xTimerQueue
                0x2000528c        0x4 CMakeFiles/sentry_chassis.elf.dir/Middlewares/Third_Party/FreeRTOS/Source/timers.c.obj
 .bss.pxOverflowTimerList
                0x20005290        0x4 CMakeFiles/sentry_chassis.elf.dir/Middlewares/Third_Party/FreeRTOS/Source/timers.c.obj
 .bss.pxCurrentTimerList
                0x20005294        0x4 CMakeFiles/sentry_chassis.elf.dir/Middlewares/Third_Party/FreeRTOS/Source/timers.c.obj
 .bss.xActiveTimerList2
                0x20005298       0x14 CMakeFiles/sentry_chassis.elf.dir/Middlewares/Third_Party/FreeRTOS/Source/timers.c.obj
 .bss.xActiveTimerList1
                0x200052ac       0x14 CMakeFiles/sentry_chassis.elf.dir/Middlewares/Third_Party/FreeRTOS/Source/timers.c.obj
 .bss.__sf      0x200052c0      0x138 C:/clion/gcc-arm-none-eabi-10.3-2021.10/bin/../lib/gcc/arm-none-eabi/13.3.1/thumb/v7e-m+fp/hard\libg.a(libc_a-findfp.o)
                0x200052c0                __sf
 .bss.errno     0x200053f8        0x4 C:/clion/gcc-arm-none-eabi-10.3-2021.10/bin/../lib/gcc/arm-none-eabi/13.3.1/thumb/v7e-m+fp/hard\libg.a(libc_a-reent.o)
                0x200053f8                errno
 .bss.__lock___malloc_recursive_mutex
                0x200053fc        0x1 C:/clion/gcc-arm-none-eabi-10.3-2021.10/bin/../lib/gcc/arm-none-eabi/13.3.1/thumb/v7e-m+fp/hard\libg.a(libc_a-lock.o)
                0x200053fc                __lock___malloc_recursive_mutex
 *fill*         0x200053fd        0x3 
 .bss.__lock___atexit_recursive_mutex
                0x20005400        0x1 C:/clion/gcc-arm-none-eabi-10.3-2021.10/bin/../lib/gcc/arm-none-eabi/13.3.1/thumb/v7e-m+fp/hard\libg.a(libc_a-lock.o)
                0x20005400                __lock___atexit_recursive_mutex
 *fill*         0x20005401        0x3 
 .bss.__atexit  0x20005404        0x4 C:/clion/gcc-arm-none-eabi-10.3-2021.10/bin/../lib/gcc/arm-none-eabi/13.3.1/thumb/v7e-m+fp/hard\libg.a(libc_a-__call_atexit.o)
                0x20005404                __atexit
 .bss.__malloc_current_mallinfo
                0x20005408       0x28 C:/clion/gcc-arm-none-eabi-10.3-2021.10/bin/../lib/gcc/arm-none-eabi/13.3.1/thumb/v7e-m+fp/hard\libg.a(libc_a-mallocr.o)
                0x20005408                __malloc_current_mallinfo
 .bss.__malloc_top_pad
                0x20005430        0x4 C:/clion/gcc-arm-none-eabi-10.3-2021.10/bin/../lib/gcc/arm-none-eabi/13.3.1/thumb/v7e-m+fp/hard\libg.a(libc_a-mallocr.o)
                0x20005430                __malloc_top_pad
 .bss.__atexit0
                0x20005434      0x190 C:/clion/gcc-arm-none-eabi-10.3-2021.10/bin/../lib/gcc/arm-none-eabi/13.3.1/thumb/v7e-m+fp/hard\libg.a(libc_a-__atexit.o)
                0x20005434                __atexit0
 *(COMMON)
                0x200055c4                        . = ALIGN (0x4)
                0x200055c4                        _ebss = .
                0x200055c4                        __bss_end__ = _ebss

._user_heap_stack
                0x200055c4      0x804
                0x200055c8                        . = ALIGN (0x8)
 *fill*         0x200055c4        0x4 
                [!provide]                        PROVIDE (end = .)
                0x200055c8                        PROVIDE (_end = .)
                0x200059c8                        . = (. + _Min_Heap_Size)
 *fill*         0x200055c8      0x400 
                0x20005dc8                        . = (. + _Min_Stack_Size)
 *fill*         0x200059c8      0x400 
                0x20005dc8                        . = ALIGN (0x8)

/DISCARD/
 libc.a(*)
 libm.a(*)
 libgcc.a(*)

.ARM.attributes
                0x00000000       0x30
 *(.ARM.attributes)
 .ARM.attributes
                0x00000000       0x22 C:/clion/gcc-arm-none-eabi-10.3-2021.10/bin/../lib/gcc/arm-none-eabi/13.3.1/thumb/v7e-m+fp/hard/crti.o
 .ARM.attributes
                0x00000022       0x34 C:/clion/gcc-arm-none-eabi-10.3-2021.10/bin/../lib/gcc/arm-none-eabi/13.3.1/thumb/v7e-m+fp/hard/crtbegin.o
 .ARM.attributes
                0x00000056       0x34 CMakeFiles/sentry_chassis.elf.dir/Core/Src/main.c.obj
 .ARM.attributes
                0x0000008a       0x34 CMakeFiles/sentry_chassis.elf.dir/Core/Src/stm32f4xx_hal_msp.c.obj
 .ARM.attributes
                0x000000be       0x34 CMakeFiles/sentry_chassis.elf.dir/Core/Src/stm32f4xx_hal_timebase_tim.c.obj
 .ARM.attributes
                0x000000f2       0x34 CMakeFiles/sentry_chassis.elf.dir/Core/Src/stm32f4xx_it.c.obj
 .ARM.attributes
                0x00000126       0x34 CMakeFiles/sentry_chassis.elf.dir/Core/Src/sysmem.c.obj
 .ARM.attributes
                0x0000015a       0x34 CMakeFiles/sentry_chassis.elf.dir/Core/Src/system_stm32f4xx.c.obj
 .ARM.attributes
                0x0000018e       0x21 CMakeFiles/sentry_chassis.elf.dir/Core/Startup/startup_stm32f427iihx.s.obj
 .ARM.attributes
                0x000001af       0x34 CMakeFiles/sentry_chassis.elf.dir/Drivers/STM32F4xx_HAL_Driver/Src/stm32f4xx_hal.c.obj
 .ARM.attributes
                0x000001e3       0x34 CMakeFiles/sentry_chassis.elf.dir/Drivers/STM32F4xx_HAL_Driver/Src/stm32f4xx_hal_can.c.obj
 .ARM.attributes
                0x00000217       0x34 CMakeFiles/sentry_chassis.elf.dir/Drivers/STM32F4xx_HAL_Driver/Src/stm32f4xx_hal_cortex.c.obj
 .ARM.attributes
                0x0000024b       0x34 CMakeFiles/sentry_chassis.elf.dir/Drivers/STM32F4xx_HAL_Driver/Src/stm32f4xx_hal_dma.c.obj
 .ARM.attributes
                0x0000027f       0x34 CMakeFiles/sentry_chassis.elf.dir/Drivers/STM32F4xx_HAL_Driver/Src/stm32f4xx_hal_gpio.c.obj
 .ARM.attributes
                0x000002b3       0x34 CMakeFiles/sentry_chassis.elf.dir/Drivers/STM32F4xx_HAL_Driver/Src/stm32f4xx_hal_rcc.c.obj
 .ARM.attributes
                0x000002e7       0x34 CMakeFiles/sentry_chassis.elf.dir/Drivers/STM32F4xx_HAL_Driver/Src/stm32f4xx_hal_tim.c.obj
 .ARM.attributes
                0x0000031b       0x34 CMakeFiles/sentry_chassis.elf.dir/Drivers/STM32F4xx_HAL_Driver/Src/stm32f4xx_hal_tim_ex.c.obj
 .ARM.attributes
                0x0000034f       0x34 CMakeFiles/sentry_chassis.elf.dir/Drivers/STM32F4xx_HAL_Driver/Src/stm32f4xx_hal_uart.c.obj
 .ARM.attributes
                0x00000383       0x34 CMakeFiles/sentry_chassis.elf.dir/Middlewares/Third_Party/FreeRTOS/Source/CMSIS_RTOS_V2/cmsis_os2.c.obj
 .ARM.attributes
                0x000003b7       0x34 CMakeFiles/sentry_chassis.elf.dir/Middlewares/Third_Party/FreeRTOS/Source/list.c.obj
 .ARM.attributes
                0x000003eb       0x34 CMakeFiles/sentry_chassis.elf.dir/Middlewares/Third_Party/FreeRTOS/Source/portable/GCC/ARM_CM4F/port.c.obj
 .ARM.attributes
                0x0000041f       0x34 CMakeFiles/sentry_chassis.elf.dir/Middlewares/Third_Party/FreeRTOS/Source/portable/MemMang/heap_4.c.obj
 .ARM.attributes
                0x00000453       0x34 CMakeFiles/sentry_chassis.elf.dir/Middlewares/Third_Party/FreeRTOS/Source/queue.c.obj
 .ARM.attributes
                0x00000487       0x34 CMakeFiles/sentry_chassis.elf.dir/Middlewares/Third_Party/FreeRTOS/Source/tasks.c.obj
 .ARM.attributes
                0x000004bb       0x34 CMakeFiles/sentry_chassis.elf.dir/Middlewares/Third_Party/FreeRTOS/Source/timers.c.obj
 .ARM.attributes
                0x000004ef       0x22 C:/clion/gcc-arm-none-eabi-10.3-2021.10/bin/../lib/gcc/arm-none-eabi/13.3.1/thumb/v7e-m+fp/hard\libgcc.a(_aeabi_uldivmod.o)
 .ARM.attributes
                0x00000511       0x34 C:/clion/gcc-arm-none-eabi-10.3-2021.10/bin/../lib/gcc/arm-none-eabi/13.3.1/thumb/v7e-m+fp/hard\libgcc.a(_udivmoddi4.o)
 .ARM.attributes
                0x00000545       0x22 C:/clion/gcc-arm-none-eabi-10.3-2021.10/bin/../lib/gcc/arm-none-eabi/13.3.1/thumb/v7e-m+fp/hard\libgcc.a(_dvmd_tls.o)
 .ARM.attributes
                0x00000567       0x34 C:/clion/gcc-arm-none-eabi-10.3-2021.10/bin/../lib/gcc/arm-none-eabi/13.3.1/thumb/v7e-m+fp/hard\libg.a(libc_a-findfp.o)
 .ARM.attributes
                0x0000059b       0x34 C:/clion/gcc-arm-none-eabi-10.3-2021.10/bin/../lib/gcc/arm-none-eabi/13.3.1/thumb/v7e-m+fp/hard\libg.a(libc_a-memset.o)
 .ARM.attributes
                0x000005cf       0x34 C:/clion/gcc-arm-none-eabi-10.3-2021.10/bin/../lib/gcc/arm-none-eabi/13.3.1/thumb/v7e-m+fp/hard\libg.a(libc_a-reent.o)
 .ARM.attributes
                0x00000603       0x34 C:/clion/gcc-arm-none-eabi-10.3-2021.10/bin/../lib/gcc/arm-none-eabi/13.3.1/thumb/v7e-m+fp/hard\libg.a(libc_a-impure.o)
 .ARM.attributes
                0x00000637       0x34 C:/clion/gcc-arm-none-eabi-10.3-2021.10/bin/../lib/gcc/arm-none-eabi/13.3.1/thumb/v7e-m+fp/hard\libg.a(libc_a-errno.o)
 .ARM.attributes
                0x0000066b       0x34 C:/clion/gcc-arm-none-eabi-10.3-2021.10/bin/../lib/gcc/arm-none-eabi/13.3.1/thumb/v7e-m+fp/hard\libg.a(libc_a-init.o)
 .ARM.attributes
                0x0000069f       0x34 C:/clion/gcc-arm-none-eabi-10.3-2021.10/bin/../lib/gcc/arm-none-eabi/13.3.1/thumb/v7e-m+fp/hard\libg.a(libc_a-lock.o)
 .ARM.attributes
                0x000006d3       0x20 C:/clion/gcc-arm-none-eabi-10.3-2021.10/bin/../lib/gcc/arm-none-eabi/13.3.1/thumb/v7e-m+fp/hard\libg.a(libc_a-memcpy.o)
 .ARM.attributes
                0x000006f3       0x34 C:/clion/gcc-arm-none-eabi-10.3-2021.10/bin/../lib/gcc/arm-none-eabi/13.3.1/thumb/v7e-m+fp/hard\libg.a(libc_a-__call_atexit.o)
 .ARM.attributes
                0x00000727       0x34 C:/clion/gcc-arm-none-eabi-10.3-2021.10/bin/../lib/gcc/arm-none-eabi/13.3.1/thumb/v7e-m+fp/hard\libg.a(libc_a-atexit.o)
 .ARM.attributes
                0x0000075b       0x34 C:/clion/gcc-arm-none-eabi-10.3-2021.10/bin/../lib/gcc/arm-none-eabi/13.3.1/thumb/v7e-m+fp/hard\libg.a(libc_a-freer.o)
 .ARM.attributes
                0x0000078f       0x34 C:/clion/gcc-arm-none-eabi-10.3-2021.10/bin/../lib/gcc/arm-none-eabi/13.3.1/thumb/v7e-m+fp/hard\libg.a(libc_a-mallocr.o)
 .ARM.attributes
                0x000007c3       0x34 C:/clion/gcc-arm-none-eabi-10.3-2021.10/bin/../lib/gcc/arm-none-eabi/13.3.1/thumb/v7e-m+fp/hard\libg.a(libc_a-mlock.o)
 .ARM.attributes
                0x000007f7       0x34 C:/clion/gcc-arm-none-eabi-10.3-2021.10/bin/../lib/gcc/arm-none-eabi/13.3.1/thumb/v7e-m+fp/hard\libg.a(libc_a-sbrkr.o)
 .ARM.attributes
                0x0000082b       0x34 C:/clion/gcc-arm-none-eabi-10.3-2021.10/bin/../lib/gcc/arm-none-eabi/13.3.1/thumb/v7e-m+fp/hard\libg.a(libc_a-fini.o)
 .ARM.attributes
                0x0000085f       0x34 C:/clion/gcc-arm-none-eabi-10.3-2021.10/bin/../lib/gcc/arm-none-eabi/13.3.1/thumb/v7e-m+fp/hard\libg.a(libc_a-sysconf.o)
 .ARM.attributes
                0x00000893       0x34 C:/clion/gcc-arm-none-eabi-10.3-2021.10/bin/../lib/gcc/arm-none-eabi/13.3.1/thumb/v7e-m+fp/hard\libg.a(libc_a-__atexit.o)
 .ARM.attributes
                0x000008c7       0x34 C:/clion/gcc-arm-none-eabi-10.3-2021.10/bin/../lib/gcc/arm-none-eabi/13.3.1/thumb/v7e-m+fp/hard/crtend.o
 .ARM.attributes
                0x000008fb       0x22 C:/clion/gcc-arm-none-eabi-10.3-2021.10/bin/../lib/gcc/arm-none-eabi/13.3.1/thumb/v7e-m+fp/hard/crtn.o
OUTPUT(sentry_chassis.elf elf32-littlearm)
LOAD linker stubs
LOAD C:/clion/gcc-arm-none-eabi-10.3-2021.10/bin/../lib/gcc/arm-none-eabi/13.3.1/thumb/v7e-m+fp/hard\libc.a
LOAD C:/clion/gcc-arm-none-eabi-10.3-2021.10/bin/../lib/gcc/arm-none-eabi/13.3.1/thumb/v7e-m+fp/hard\libm.a
LOAD C:/clion/gcc-arm-none-eabi-10.3-2021.10/bin/../lib/gcc/arm-none-eabi/13.3.1/thumb/v7e-m+fp/hard\libgcc.a

.debug_info     0x00000000    0x2110a
 .debug_info    0x00000000     0x1aa0 CMakeFiles/sentry_chassis.elf.dir/Core/Src/main.c.obj
 .debug_info    0x00001aa0     0x12f5 CMakeFiles/sentry_chassis.elf.dir/Core/Src/stm32f4xx_hal_msp.c.obj
 .debug_info    0x00002d95      0xcd4 CMakeFiles/sentry_chassis.elf.dir/Core/Src/stm32f4xx_hal_timebase_tim.c.obj
 .debug_info    0x00003a69      0xb47 CMakeFiles/sentry_chassis.elf.dir/Core/Src/stm32f4xx_it.c.obj
 .debug_info    0x000045b0      0x171 CMakeFiles/sentry_chassis.elf.dir/Core/Src/sysmem.c.obj
 .debug_info    0x00004721      0x543 CMakeFiles/sentry_chassis.elf.dir/Core/Src/system_stm32f4xx.c.obj
 .debug_info    0x00004c64       0x30 CMakeFiles/sentry_chassis.elf.dir/Core/Startup/startup_stm32f427iihx.s.obj
 .debug_info    0x00004c94      0xa4c CMakeFiles/sentry_chassis.elf.dir/Drivers/STM32F4xx_HAL_Driver/Src/stm32f4xx_hal.c.obj
 .debug_info    0x000056e0     0x11f0 CMakeFiles/sentry_chassis.elf.dir/Drivers/STM32F4xx_HAL_Driver/Src/stm32f4xx_hal_can.c.obj
 .debug_info    0x000068d0     0x101f CMakeFiles/sentry_chassis.elf.dir/Drivers/STM32F4xx_HAL_Driver/Src/stm32f4xx_hal_cortex.c.obj
 .debug_info    0x000078ef      0xad9 CMakeFiles/sentry_chassis.elf.dir/Drivers/STM32F4xx_HAL_Driver/Src/stm32f4xx_hal_dma.c.obj
 .debug_info    0x000083c8      0x71c CMakeFiles/sentry_chassis.elf.dir/Drivers/STM32F4xx_HAL_Driver/Src/stm32f4xx_hal_gpio.c.obj
 .debug_info    0x00008ae4      0xa85 CMakeFiles/sentry_chassis.elf.dir/Drivers/STM32F4xx_HAL_Driver/Src/stm32f4xx_hal_rcc.c.obj
 .debug_info    0x00009569     0x3c53 CMakeFiles/sentry_chassis.elf.dir/Drivers/STM32F4xx_HAL_Driver/Src/stm32f4xx_hal_tim.c.obj
 .debug_info    0x0000d1bc     0x1aec CMakeFiles/sentry_chassis.elf.dir/Drivers/STM32F4xx_HAL_Driver/Src/stm32f4xx_hal_tim_ex.c.obj
 .debug_info    0x0000eca8     0x4000 CMakeFiles/sentry_chassis.elf.dir/Drivers/STM32F4xx_HAL_Driver/Src/stm32f4xx_hal_uart.c.obj
 .debug_info    0x00012ca8     0x5524 CMakeFiles/sentry_chassis.elf.dir/Middlewares/Third_Party/FreeRTOS/Source/CMSIS_RTOS_V2/cmsis_os2.c.obj
 .debug_info    0x000181cc      0x2bf CMakeFiles/sentry_chassis.elf.dir/Middlewares/Third_Party/FreeRTOS/Source/list.c.obj
 .debug_info    0x0001848b      0x55a CMakeFiles/sentry_chassis.elf.dir/Middlewares/Third_Party/FreeRTOS/Source/portable/GCC/ARM_CM4F/port.c.obj
 .debug_info    0x000189e5      0x593 CMakeFiles/sentry_chassis.elf.dir/Middlewares/Third_Party/FreeRTOS/Source/portable/MemMang/heap_4.c.obj
 .debug_info    0x00018f78     0x27a8 CMakeFiles/sentry_chassis.elf.dir/Middlewares/Third_Party/FreeRTOS/Source/queue.c.obj
 .debug_info    0x0001b720     0x37d5 CMakeFiles/sentry_chassis.elf.dir/Middlewares/Third_Party/FreeRTOS/Source/tasks.c.obj
 .debug_info    0x0001eef5     0x2215 CMakeFiles/sentry_chassis.elf.dir/Middlewares/Third_Party/FreeRTOS/Source/timers.c.obj

.debug_abbrev   0x00000000     0x3bf4
 .debug_abbrev  0x00000000      0x334 CMakeFiles/sentry_chassis.elf.dir/Core/Src/main.c.obj
 .debug_abbrev  0x00000334      0x288 CMakeFiles/sentry_chassis.elf.dir/Core/Src/stm32f4xx_hal_msp.c.obj
 .debug_abbrev  0x000005bc      0x232 CMakeFiles/sentry_chassis.elf.dir/Core/Src/stm32f4xx_hal_timebase_tim.c.obj
 .debug_abbrev  0x000007ee      0x1cf CMakeFiles/sentry_chassis.elf.dir/Core/Src/stm32f4xx_it.c.obj
 .debug_abbrev  0x000009bd       0xea CMakeFiles/sentry_chassis.elf.dir/Core/Src/sysmem.c.obj
 .debug_abbrev  0x00000aa7      0x11e CMakeFiles/sentry_chassis.elf.dir/Core/Src/system_stm32f4xx.c.obj
 .debug_abbrev  0x00000bc5       0x24 CMakeFiles/sentry_chassis.elf.dir/Core/Startup/startup_stm32f427iihx.s.obj
 .debug_abbrev  0x00000be9      0x240 CMakeFiles/sentry_chassis.elf.dir/Drivers/STM32F4xx_HAL_Driver/Src/stm32f4xx_hal.c.obj
 .debug_abbrev  0x00000e29      0x27d CMakeFiles/sentry_chassis.elf.dir/Drivers/STM32F4xx_HAL_Driver/Src/stm32f4xx_hal_can.c.obj
 .debug_abbrev  0x000010a6      0x391 CMakeFiles/sentry_chassis.elf.dir/Drivers/STM32F4xx_HAL_Driver/Src/stm32f4xx_hal_cortex.c.obj
 .debug_abbrev  0x00001437      0x2c0 CMakeFiles/sentry_chassis.elf.dir/Drivers/STM32F4xx_HAL_Driver/Src/stm32f4xx_hal_dma.c.obj
 .debug_abbrev  0x000016f7      0x202 CMakeFiles/sentry_chassis.elf.dir/Drivers/STM32F4xx_HAL_Driver/Src/stm32f4xx_hal_gpio.c.obj
 .debug_abbrev  0x000018f9      0x2c7 CMakeFiles/sentry_chassis.elf.dir/Drivers/STM32F4xx_HAL_Driver/Src/stm32f4xx_hal_rcc.c.obj
 .debug_abbrev  0x00001bc0      0x271 CMakeFiles/sentry_chassis.elf.dir/Drivers/STM32F4xx_HAL_Driver/Src/stm32f4xx_hal_tim.c.obj
 .debug_abbrev  0x00001e31      0x26f CMakeFiles/sentry_chassis.elf.dir/Drivers/STM32F4xx_HAL_Driver/Src/stm32f4xx_hal_tim_ex.c.obj
 .debug_abbrev  0x000020a0      0x32f CMakeFiles/sentry_chassis.elf.dir/Drivers/STM32F4xx_HAL_Driver/Src/stm32f4xx_hal_uart.c.obj
 .debug_abbrev  0x000023cf      0x615 CMakeFiles/sentry_chassis.elf.dir/Middlewares/Third_Party/FreeRTOS/Source/CMSIS_RTOS_V2/cmsis_os2.c.obj
 .debug_abbrev  0x000029e4      0x10a CMakeFiles/sentry_chassis.elf.dir/Middlewares/Third_Party/FreeRTOS/Source/list.c.obj
 .debug_abbrev  0x00002aee      0x293 CMakeFiles/sentry_chassis.elf.dir/Middlewares/Third_Party/FreeRTOS/Source/portable/GCC/ARM_CM4F/port.c.obj
 .debug_abbrev  0x00002d81      0x263 CMakeFiles/sentry_chassis.elf.dir/Middlewares/Third_Party/FreeRTOS/Source/portable/MemMang/heap_4.c.obj
 .debug_abbrev  0x00002fe4      0x3ea CMakeFiles/sentry_chassis.elf.dir/Middlewares/Third_Party/FreeRTOS/Source/queue.c.obj
 .debug_abbrev  0x000033ce      0x45f CMakeFiles/sentry_chassis.elf.dir/Middlewares/Third_Party/FreeRTOS/Source/tasks.c.obj
 .debug_abbrev  0x0000382d      0x3c7 CMakeFiles/sentry_chassis.elf.dir/Middlewares/Third_Party/FreeRTOS/Source/timers.c.obj

.debug_loclists
                0x00000000    0x10d66
 .debug_loclists
                0x00000000       0x97 CMakeFiles/sentry_chassis.elf.dir/Core/Src/main.c.obj
 .debug_loclists
                0x00000097       0xff CMakeFiles/sentry_chassis.elf.dir/Core/Src/stm32f4xx_hal_msp.c.obj
 .debug_loclists
                0x00000196       0xb0 CMakeFiles/sentry_chassis.elf.dir/Core/Src/stm32f4xx_hal_timebase_tim.c.obj
 .debug_loclists
                0x00000246       0x52 CMakeFiles/sentry_chassis.elf.dir/Core/Src/sysmem.c.obj
 .debug_loclists
                0x00000298       0xfa CMakeFiles/sentry_chassis.elf.dir/Core/Src/system_stm32f4xx.c.obj
 .debug_loclists
                0x00000392       0xe1 CMakeFiles/sentry_chassis.elf.dir/Drivers/STM32F4xx_HAL_Driver/Src/stm32f4xx_hal.c.obj
 .debug_loclists
                0x00000473      0xa57 CMakeFiles/sentry_chassis.elf.dir/Drivers/STM32F4xx_HAL_Driver/Src/stm32f4xx_hal_can.c.obj
 .debug_loclists
                0x00000eca      0x54d CMakeFiles/sentry_chassis.elf.dir/Drivers/STM32F4xx_HAL_Driver/Src/stm32f4xx_hal_cortex.c.obj
 .debug_loclists
                0x00001417      0x88a CMakeFiles/sentry_chassis.elf.dir/Drivers/STM32F4xx_HAL_Driver/Src/stm32f4xx_hal_dma.c.obj
 .debug_loclists
                0x00001ca1      0x386 CMakeFiles/sentry_chassis.elf.dir/Drivers/STM32F4xx_HAL_Driver/Src/stm32f4xx_hal_gpio.c.obj
 .debug_loclists
                0x00002027      0x3e5 CMakeFiles/sentry_chassis.elf.dir/Drivers/STM32F4xx_HAL_Driver/Src/stm32f4xx_hal_rcc.c.obj
 .debug_loclists
                0x0000240c     0x37aa CMakeFiles/sentry_chassis.elf.dir/Drivers/STM32F4xx_HAL_Driver/Src/stm32f4xx_hal_tim.c.obj
 .debug_loclists
                0x00005bb6     0x13ec CMakeFiles/sentry_chassis.elf.dir/Drivers/STM32F4xx_HAL_Driver/Src/stm32f4xx_hal_tim_ex.c.obj
 .debug_loclists
                0x00006fa2     0x2c89 CMakeFiles/sentry_chassis.elf.dir/Drivers/STM32F4xx_HAL_Driver/Src/stm32f4xx_hal_uart.c.obj
 .debug_loclists
                0x00009c2b     0x396a CMakeFiles/sentry_chassis.elf.dir/Middlewares/Third_Party/FreeRTOS/Source/CMSIS_RTOS_V2/cmsis_os2.c.obj
 .debug_loclists
                0x0000d595       0x75 CMakeFiles/sentry_chassis.elf.dir/Middlewares/Third_Party/FreeRTOS/Source/list.c.obj
 .debug_loclists
                0x0000d60a       0xc1 CMakeFiles/sentry_chassis.elf.dir/Middlewares/Third_Party/FreeRTOS/Source/portable/GCC/ARM_CM4F/port.c.obj
 .debug_loclists
                0x0000d6cb      0x2b7 CMakeFiles/sentry_chassis.elf.dir/Middlewares/Third_Party/FreeRTOS/Source/portable/MemMang/heap_4.c.obj
 .debug_loclists
                0x0000d982     0x1110 CMakeFiles/sentry_chassis.elf.dir/Middlewares/Third_Party/FreeRTOS/Source/queue.c.obj
 .debug_loclists
                0x0000ea92     0x172c CMakeFiles/sentry_chassis.elf.dir/Middlewares/Third_Party/FreeRTOS/Source/tasks.c.obj
 .debug_loclists
                0x000101be      0xba8 CMakeFiles/sentry_chassis.elf.dir/Middlewares/Third_Party/FreeRTOS/Source/timers.c.obj

.debug_aranges  0x00000000     0x15b8
 .debug_aranges
                0x00000000       0x78 CMakeFiles/sentry_chassis.elf.dir/Core/Src/main.c.obj
 .debug_aranges
                0x00000078       0x40 CMakeFiles/sentry_chassis.elf.dir/Core/Src/stm32f4xx_hal_msp.c.obj
 .debug_aranges
                0x000000b8       0x30 CMakeFiles/sentry_chassis.elf.dir/Core/Src/stm32f4xx_hal_timebase_tim.c.obj
 .debug_aranges
                0x000000e8       0x78 CMakeFiles/sentry_chassis.elf.dir/Core/Src/stm32f4xx_it.c.obj
 .debug_aranges
                0x00000160       0x20 CMakeFiles/sentry_chassis.elf.dir/Core/Src/sysmem.c.obj
 .debug_aranges
                0x00000180       0x28 CMakeFiles/sentry_chassis.elf.dir/Core/Src/system_stm32f4xx.c.obj
 .debug_aranges
                0x000001a8       0x28 CMakeFiles/sentry_chassis.elf.dir/Core/Startup/startup_stm32f427iihx.s.obj
 .debug_aranges
                0x000001d0      0x100 CMakeFiles/sentry_chassis.elf.dir/Drivers/STM32F4xx_HAL_Driver/Src/stm32f4xx_hal.c.obj
 .debug_aranges
                0x000002d0      0x138 CMakeFiles/sentry_chassis.elf.dir/Drivers/STM32F4xx_HAL_Driver/Src/stm32f4xx_hal_can.c.obj
 .debug_aranges
                0x00000408       0xf8 CMakeFiles/sentry_chassis.elf.dir/Drivers/STM32F4xx_HAL_Driver/Src/stm32f4xx_hal_cortex.c.obj
 .debug_aranges
                0x00000500       0x90 CMakeFiles/sentry_chassis.elf.dir/Drivers/STM32F4xx_HAL_Driver/Src/stm32f4xx_hal_dma.c.obj
 .debug_aranges
                0x00000590       0x58 CMakeFiles/sentry_chassis.elf.dir/Drivers/STM32F4xx_HAL_Driver/Src/stm32f4xx_hal_gpio.c.obj
 .debug_aranges
                0x000005e8       0x88 CMakeFiles/sentry_chassis.elf.dir/Drivers/STM32F4xx_HAL_Driver/Src/stm32f4xx_hal_rcc.c.obj
 .debug_aranges
                0x00000670      0x3d0 CMakeFiles/sentry_chassis.elf.dir/Drivers/STM32F4xx_HAL_Driver/Src/stm32f4xx_hal_tim.c.obj
 .debug_aranges
                0x00000a40      0x168 CMakeFiles/sentry_chassis.elf.dir/Drivers/STM32F4xx_HAL_Driver/Src/stm32f4xx_hal_tim_ex.c.obj
 .debug_aranges
                0x00000ba8      0x208 CMakeFiles/sentry_chassis.elf.dir/Drivers/STM32F4xx_HAL_Driver/Src/stm32f4xx_hal_uart.c.obj
 .debug_aranges
                0x00000db0      0x2a0 CMakeFiles/sentry_chassis.elf.dir/Middlewares/Third_Party/FreeRTOS/Source/CMSIS_RTOS_V2/cmsis_os2.c.obj
 .debug_aranges
                0x00001050       0x40 CMakeFiles/sentry_chassis.elf.dir/Middlewares/Third_Party/FreeRTOS/Source/list.c.obj
 .debug_aranges
                0x00001090       0x80 CMakeFiles/sentry_chassis.elf.dir/Middlewares/Third_Party/FreeRTOS/Source/portable/GCC/ARM_CM4F/port.c.obj
 .debug_aranges
                0x00001110       0x58 CMakeFiles/sentry_chassis.elf.dir/Middlewares/Third_Party/FreeRTOS/Source/portable/MemMang/heap_4.c.obj
 .debug_aranges
                0x00001168      0x158 CMakeFiles/sentry_chassis.elf.dir/Middlewares/Third_Party/FreeRTOS/Source/queue.c.obj
 .debug_aranges
                0x000012c0      0x208 CMakeFiles/sentry_chassis.elf.dir/Middlewares/Third_Party/FreeRTOS/Source/tasks.c.obj
 .debug_aranges
                0x000014c8       0xf0 CMakeFiles/sentry_chassis.elf.dir/Middlewares/Third_Party/FreeRTOS/Source/timers.c.obj

.debug_rnglists
                0x00000000     0x11ae
 .debug_rnglists
                0x00000000       0x56 CMakeFiles/sentry_chassis.elf.dir/Core/Src/main.c.obj
 .debug_rnglists
                0x00000056       0x2e CMakeFiles/sentry_chassis.elf.dir/Core/Src/stm32f4xx_hal_msp.c.obj
 .debug_rnglists
                0x00000084       0x20 CMakeFiles/sentry_chassis.elf.dir/Core/Src/stm32f4xx_hal_timebase_tim.c.obj
 .debug_rnglists
                0x000000a4       0x55 CMakeFiles/sentry_chassis.elf.dir/Core/Src/stm32f4xx_it.c.obj
 .debug_rnglists
                0x000000f9       0x13 CMakeFiles/sentry_chassis.elf.dir/Core/Src/sysmem.c.obj
 .debug_rnglists
                0x0000010c       0x1a CMakeFiles/sentry_chassis.elf.dir/Core/Src/system_stm32f4xx.c.obj
 .debug_rnglists
                0x00000126       0x19 CMakeFiles/sentry_chassis.elf.dir/Core/Startup/startup_stm32f427iihx.s.obj
 .debug_rnglists
                0x0000013f       0xbb CMakeFiles/sentry_chassis.elf.dir/Drivers/STM32F4xx_HAL_Driver/Src/stm32f4xx_hal.c.obj
 .debug_rnglists
                0x000001fa       0xf6 CMakeFiles/sentry_chassis.elf.dir/Drivers/STM32F4xx_HAL_Driver/Src/stm32f4xx_hal_can.c.obj
 .debug_rnglists
                0x000002f0       0xb5 CMakeFiles/sentry_chassis.elf.dir/Drivers/STM32F4xx_HAL_Driver/Src/stm32f4xx_hal_cortex.c.obj
 .debug_rnglists
                0x000003a5       0x6c CMakeFiles/sentry_chassis.elf.dir/Drivers/STM32F4xx_HAL_Driver/Src/stm32f4xx_hal_dma.c.obj
 .debug_rnglists
                0x00000411       0x3f CMakeFiles/sentry_chassis.elf.dir/Drivers/STM32F4xx_HAL_Driver/Src/stm32f4xx_hal_gpio.c.obj
 .debug_rnglists
                0x00000450       0x75 CMakeFiles/sentry_chassis.elf.dir/Drivers/STM32F4xx_HAL_Driver/Src/stm32f4xx_hal_rcc.c.obj
 .debug_rnglists
                0x000004c5      0x302 CMakeFiles/sentry_chassis.elf.dir/Drivers/STM32F4xx_HAL_Driver/Src/stm32f4xx_hal_tim.c.obj
 .debug_rnglists
                0x000007c7      0x11b CMakeFiles/sentry_chassis.elf.dir/Drivers/STM32F4xx_HAL_Driver/Src/stm32f4xx_hal_tim_ex.c.obj
 .debug_rnglists
                0x000008e2      0x1a1 CMakeFiles/sentry_chassis.elf.dir/Drivers/STM32F4xx_HAL_Driver/Src/stm32f4xx_hal_uart.c.obj
 .debug_rnglists
                0x00000a83      0x1fe CMakeFiles/sentry_chassis.elf.dir/Middlewares/Third_Party/FreeRTOS/Source/CMSIS_RTOS_V2/cmsis_os2.c.obj
 .debug_rnglists
                0x00000c81       0x2b CMakeFiles/sentry_chassis.elf.dir/Middlewares/Third_Party/FreeRTOS/Source/list.c.obj
 .debug_rnglists
                0x00000cac       0x69 CMakeFiles/sentry_chassis.elf.dir/Middlewares/Third_Party/FreeRTOS/Source/portable/GCC/ARM_CM4F/port.c.obj
 .debug_rnglists
                0x00000d15       0x3f CMakeFiles/sentry_chassis.elf.dir/Middlewares/Third_Party/FreeRTOS/Source/portable/MemMang/heap_4.c.obj
 .debug_rnglists
                0x00000d54      0x170 CMakeFiles/sentry_chassis.elf.dir/Middlewares/Third_Party/FreeRTOS/Source/queue.c.obj
 .debug_rnglists
                0x00000ec4      0x23a CMakeFiles/sentry_chassis.elf.dir/Middlewares/Third_Party/FreeRTOS/Source/tasks.c.obj
 .debug_rnglists
                0x000010fe       0xb0 CMakeFiles/sentry_chassis.elf.dir/Middlewares/Third_Party/FreeRTOS/Source/timers.c.obj

.debug_line     0x00000000    0x180a8
 .debug_line    0x00000000      0x6a0 CMakeFiles/sentry_chassis.elf.dir/Core/Src/main.c.obj
 .debug_line    0x000006a0      0x4c1 CMakeFiles/sentry_chassis.elf.dir/Core/Src/stm32f4xx_hal_msp.c.obj
 .debug_line    0x00000b61      0x323 CMakeFiles/sentry_chassis.elf.dir/Core/Src/stm32f4xx_hal_timebase_tim.c.obj
 .debug_line    0x00000e84      0x315 CMakeFiles/sentry_chassis.elf.dir/Core/Src/stm32f4xx_it.c.obj
 .debug_line    0x00001199      0x1bc CMakeFiles/sentry_chassis.elf.dir/Core/Src/sysmem.c.obj
 .debug_line    0x00001355      0x281 CMakeFiles/sentry_chassis.elf.dir/Core/Src/system_stm32f4xx.c.obj
 .debug_line    0x000015d6       0x7a CMakeFiles/sentry_chassis.elf.dir/Core/Startup/startup_stm32f427iihx.s.obj
 .debug_line    0x00001650      0x5e9 CMakeFiles/sentry_chassis.elf.dir/Drivers/STM32F4xx_HAL_Driver/Src/stm32f4xx_hal.c.obj
 .debug_line    0x00001c39     0x1195 CMakeFiles/sentry_chassis.elf.dir/Drivers/STM32F4xx_HAL_Driver/Src/stm32f4xx_hal_can.c.obj
 .debug_line    0x00002dce      0x874 CMakeFiles/sentry_chassis.elf.dir/Drivers/STM32F4xx_HAL_Driver/Src/stm32f4xx_hal_cortex.c.obj
 .debug_line    0x00003642      0xe66 CMakeFiles/sentry_chassis.elf.dir/Drivers/STM32F4xx_HAL_Driver/Src/stm32f4xx_hal_dma.c.obj
 .debug_line    0x000044a8      0x750 CMakeFiles/sentry_chassis.elf.dir/Drivers/STM32F4xx_HAL_Driver/Src/stm32f4xx_hal_gpio.c.obj
 .debug_line    0x00004bf8      0xbf0 CMakeFiles/sentry_chassis.elf.dir/Drivers/STM32F4xx_HAL_Driver/Src/stm32f4xx_hal_rcc.c.obj
 .debug_line    0x000057e8     0x47a1 CMakeFiles/sentry_chassis.elf.dir/Drivers/STM32F4xx_HAL_Driver/Src/stm32f4xx_hal_tim.c.obj
 .debug_line    0x00009f89     0x1aea CMakeFiles/sentry_chassis.elf.dir/Drivers/STM32F4xx_HAL_Driver/Src/stm32f4xx_hal_tim_ex.c.obj
 .debug_line    0x0000ba73     0x3507 CMakeFiles/sentry_chassis.elf.dir/Drivers/STM32F4xx_HAL_Driver/Src/stm32f4xx_hal_uart.c.obj
 .debug_line    0x0000ef7a     0x2c71 CMakeFiles/sentry_chassis.elf.dir/Middlewares/Third_Party/FreeRTOS/Source/CMSIS_RTOS_V2/cmsis_os2.c.obj
 .debug_line    0x00011beb      0x388 CMakeFiles/sentry_chassis.elf.dir/Middlewares/Third_Party/FreeRTOS/Source/list.c.obj
 .debug_line    0x00011f73      0x656 CMakeFiles/sentry_chassis.elf.dir/Middlewares/Third_Party/FreeRTOS/Source/portable/GCC/ARM_CM4F/port.c.obj