Archive member included to satisfy reference by file (symbol)

C:/clion/gcc-arm-none-eabi-10.3-2021.10/bin/../lib/gcc/arm-none-eabi/13.3.1/thumb/v7e-m+fp/hard\libgcc.a(_aeabi_uldivmod.o)
                              CMakeFiles/sentry_chassis.elf.dir/Drivers/STM32F4xx_HAL_Driver/Src/stm32f4xx_hal_rcc.c.obj (__aeabi_uldivmod)
C:/clion/gcc-arm-none-eabi-10.3-2021.10/bin/../lib/gcc/arm-none-eabi/13.3.1/thumb/v7e-m+fp/hard\libgcc.a(_udivmoddi4.o)
                              C:/clion/gcc-arm-none-eabi-10.3-2021.10/bin/../lib/gcc/arm-none-eabi/13.3.1/thumb/v7e-m+fp/hard\libgcc.a(_aeabi_uldivmod.o) (__udivmoddi4)
C:/clion/gcc-arm-none-eabi-10.3-2021.10/bin/../lib/gcc/arm-none-eabi/13.3.1/thumb/v7e-m+fp/hard\libgcc.a(_dvmd_tls.o)
                              C:/clion/gcc-arm-none-eabi-10.3-2021.10/bin/../lib/gcc/arm-none-eabi/13.3.1/thumb/v7e-m+fp/hard\libgcc.a(_aeabi_uldivmod.o) (__aeabi_ldiv0)
C:/clion/gcc-arm-none-eabi-10.3-2021.10/bin/../lib/gcc/arm-none-eabi/13.3.1/thumb/v7e-m+fp/hard\libg.a(libc_a-exit.o)
                              C:/clion/gcc-arm-none-eabi-10.3-2021.10/bin/../lib/gcc/arm-none-eabi/13.3.1/thumb/v7e-m+fp/hard/crt0.o (exit)
C:/clion/gcc-arm-none-eabi-10.3-2021.10/bin/../lib/gcc/arm-none-eabi/13.3.1/thumb/v7e-m+fp/hard\libg.a(libc_a-findfp.o)
                              CMakeFiles/sentry_chassis.elf.dir/Middlewares/Third_Party/FreeRTOS/Source/tasks.c.obj (__sf)
C:/clion/gcc-arm-none-eabi-10.3-2021.10/bin/../lib/gcc/arm-none-eabi/13.3.1/thumb/v7e-m+fp/hard\libg.a(libc_a-fwalk.o)
                              C:/clion/gcc-arm-none-eabi-10.3-2021.10/bin/../lib/gcc/arm-none-eabi/13.3.1/thumb/v7e-m+fp/hard\libg.a(libc_a-findfp.o) (_fwalk_sglue)
C:/clion/gcc-arm-none-eabi-10.3-2021.10/bin/../lib/gcc/arm-none-eabi/13.3.1/thumb/v7e-m+fp/hard\libg.a(libc_a-stdio.o)
                              C:/clion/gcc-arm-none-eabi-10.3-2021.10/bin/../lib/gcc/arm-none-eabi/13.3.1/thumb/v7e-m+fp/hard\libg.a(libc_a-findfp.o) (__sread)
C:/clion/gcc-arm-none-eabi-10.3-2021.10/bin/../lib/gcc/arm-none-eabi/13.3.1/thumb/v7e-m+fp/hard\libg.a(libc_a-memset.o)
                              C:/clion/gcc-arm-none-eabi-10.3-2021.10/bin/../lib/gcc/arm-none-eabi/13.3.1/thumb/v7e-m+fp/hard/crt0.o (memset)
C:/clion/gcc-arm-none-eabi-10.3-2021.10/bin/../lib/gcc/arm-none-eabi/13.3.1/thumb/v7e-m+fp/hard\libg.a(libc_a-closer.o)
                              C:/clion/gcc-arm-none-eabi-10.3-2021.10/bin/../lib/gcc/arm-none-eabi/13.3.1/thumb/v7e-m+fp/hard\libg.a(libc_a-stdio.o) (_close_r)
C:/clion/gcc-arm-none-eabi-10.3-2021.10/bin/../lib/gcc/arm-none-eabi/13.3.1/thumb/v7e-m+fp/hard\libg.a(libc_a-reent.o)
                              CMakeFiles/sentry_chassis.elf.dir/Middlewares/Third_Party/FreeRTOS/Source/tasks.c.obj (_reclaim_reent)
C:/clion/gcc-arm-none-eabi-10.3-2021.10/bin/../lib/gcc/arm-none-eabi/13.3.1/thumb/v7e-m+fp/hard\libg.a(libc_a-impure.o)
                              CMakeFiles/sentry_chassis.elf.dir/Middlewares/Third_Party/FreeRTOS/Source/tasks.c.obj (_impure_ptr)
C:/clion/gcc-arm-none-eabi-10.3-2021.10/bin/../lib/gcc/arm-none-eabi/13.3.1/thumb/v7e-m+fp/hard\libg.a(libc_a-lseekr.o)
                              C:/clion/gcc-arm-none-eabi-10.3-2021.10/bin/../lib/gcc/arm-none-eabi/13.3.1/thumb/v7e-m+fp/hard\libg.a(libc_a-stdio.o) (_lseek_r)
C:/clion/gcc-arm-none-eabi-10.3-2021.10/bin/../lib/gcc/arm-none-eabi/13.3.1/thumb/v7e-m+fp/hard\libg.a(libc_a-readr.o)
                              C:/clion/gcc-arm-none-eabi-10.3-2021.10/bin/../lib/gcc/arm-none-eabi/13.3.1/thumb/v7e-m+fp/hard\libg.a(libc_a-stdio.o) (_read_r)
C:/clion/gcc-arm-none-eabi-10.3-2021.10/bin/../lib/gcc/arm-none-eabi/13.3.1/thumb/v7e-m+fp/hard\libg.a(libc_a-writer.o)
                              C:/clion/gcc-arm-none-eabi-10.3-2021.10/bin/../lib/gcc/arm-none-eabi/13.3.1/thumb/v7e-m+fp/hard\libg.a(libc_a-stdio.o) (_write_r)
C:/clion/gcc-arm-none-eabi-10.3-2021.10/bin/../lib/gcc/arm-none-eabi/13.3.1/thumb/v7e-m+fp/hard\libg.a(libc_a-errno.o)
                              CMakeFiles/sentry_chassis.elf.dir/Core/Src/syscalls.c.obj (__errno)
C:/clion/gcc-arm-none-eabi-10.3-2021.10/bin/../lib/gcc/arm-none-eabi/13.3.1/thumb/v7e-m+fp/hard\libg.a(libc_a-init.o)
                              C:/clion/gcc-arm-none-eabi-10.3-2021.10/bin/../lib/gcc/arm-none-eabi/13.3.1/thumb/v7e-m+fp/hard/crt0.o (__libc_init_array)
C:/clion/gcc-arm-none-eabi-10.3-2021.10/bin/../lib/gcc/arm-none-eabi/13.3.1/thumb/v7e-m+fp/hard\libg.a(libc_a-lock.o)
                              C:/clion/gcc-arm-none-eabi-10.3-2021.10/bin/../lib/gcc/arm-none-eabi/13.3.1/thumb/v7e-m+fp/hard\libg.a(libc_a-findfp.o) (__retarget_lock_init_recursive)
C:/clion/gcc-arm-none-eabi-10.3-2021.10/bin/../lib/gcc/arm-none-eabi/13.3.1/thumb/v7e-m+fp/hard\libg.a(libc_a-memcpy.o)
                              CMakeFiles/sentry_chassis.elf.dir/Middlewares/Third_Party/FreeRTOS/Source/CMSIS_RTOS_V2/cmsis_os2.c.obj (memcpy)
[...]
Memory Configuration

Name             Origin             Length             Attributes
CCMRAM           0x10000000         0x00010000         xrw
RAM              0x20000000         0x00030000         xrw
FLASH            0x08000000         0x00200000         xr
*default*        0x00000000         0xffffffff

Linker script and memory map

LOAD C:/clion/gcc-arm-none-eabi-10.3-2021.10/bin/../lib/gcc/arm-none-eabi/13.3.1/thumb/v7e-m+fp/hard/crti.o
LOAD C:/clion/gcc-arm-none-eabi-10.3-2021.10/bin/../lib/gcc/arm-none-eabi/13.3.1/thumb/v7e-m+fp/hard/crtbegin.o
LOAD C:/clion/gcc-arm-none-eabi-10.3-2021.10/bin/../lib/gcc/arm-none-eabi/13.3.1/thumb/v7e-m+fp/hard/crt0.o
LOAD CMakeFiles/sentry_chassis.elf.dir/Core/Src/can.c.obj
LOAD CMakeFiles/sentry_chassis.elf.dir/Core/Src/freertos.c.obj
LOAD CMakeFiles/sentry_chassis.elf.dir/Core/Src/gpio.c.obj
LOAD CMakeFiles/sentry_chassis.elf.dir/Core/Src/main.c.obj
LOAD CMakeFiles/sentry_chassis.elf.dir/Core/Src/stm32f4xx_hal_msp.c.obj
LOAD CMakeFiles/sentry_chassis.elf.dir/Core/Src/stm32f4xx_hal_timebase_tim.c.obj
LOAD CMakeFiles/sentry_chassis.elf.dir/Core/Src/stm32f4xx_it.c.obj
LOAD CMakeFiles/sentry_chassis.elf.dir/Core/Src/syscalls.c.obj
LOAD CMakeFiles/sentry_chassis.elf.dir/Core/Src/sysmem.c.obj
LOAD CMakeFiles/sentry_chassis.elf.dir/Core/Src/system_stm32f4xx.c.obj
LOAD CMakeFiles/sentry_chassis.elf.dir/Core/Src/usart.c.obj
LOAD CMakeFiles/sentry_chassis.elf.dir/Core/Startup/startup_stm32f427iihx.s.obj
LOAD CMakeFiles/sentry_chassis.elf.dir/Drivers/STM32F4xx_HAL_Driver/Src/stm32f4xx_hal.c.obj
LOAD CMakeFiles/sentry_chassis.elf.dir/Drivers/STM32F4xx_HAL_Driver/Src/stm32f4xx_hal_can.c.obj
LOAD CMakeFiles/sentry_chassis.elf.dir/Drivers/STM32F4xx_HAL_Driver/Src/stm32f4xx_hal_cortex.c.obj
LOAD CMakeFiles/sentry_chassis.elf.dir/Drivers/STM32F4xx_HAL_Driver/Src/stm32f4xx_hal_dma.c.obj
LOAD CMakeFiles/sentry_chassis.elf.dir/Drivers/STM32F4xx_HAL_Driver/Src/stm32f4xx_hal_dma_ex.c.obj
LOAD CMakeFiles/sentry_chassis.elf.dir/Drivers/STM32F4xx_HAL_Driver/Src/stm32f4xx_hal_exti.c.obj
LOAD CMakeFiles/sentry_chassis.elf.dir/Drivers/STM32F4xx_HAL_Driver/Src/stm32f4xx_hal_flash.c.obj
LOAD CMakeFiles/sentry_chassis.elf.dir/Drivers/STM32F4xx_HAL_Driver/Src/stm32f4xx_hal_flash_ex.c.obj
LOAD CMakeFiles/sentry_chassis.elf.dir/Drivers/STM32F4xx_HAL_Driver/Src/stm32f4xx_hal_flash_ramfunc.c.obj
LOAD CMakeFiles/sentry_chassis.elf.dir/Drivers/STM32F4xx_HAL_Driver/Src/stm32f4xx_hal_gpio.c.obj
LOAD CMakeFiles/sentry_chassis.elf.dir/Drivers/STM32F4xx_HAL_Driver/Src/stm32f4xx_hal_pwr.c.obj
LOAD CMakeFiles/sentry_chassis.elf.dir/Drivers/STM32F4xx_HAL_Driver/Src/stm32f4xx_hal_pwr_ex.c.obj
LOAD CMakeFiles/sentry_chassis.elf.dir/Drivers/STM32F4xx_HAL_Driver/Src/stm32f4xx_hal_rcc.c.obj
LOAD CMakeFiles/sentry_chassis.elf.dir/Drivers/STM32F4xx_HAL_Driver/Src/stm32f4xx_hal_rcc_ex.c.obj
LOAD CMakeFiles/sentry_chassis.elf.dir/Drivers/STM32F4xx_HAL_Driver/Src/stm32f4xx_hal_tim.c.obj
LOAD CMakeFiles/sentry_chassis.elf.dir/Drivers/STM32F4xx_HAL_Driver/Src/stm32f4xx_hal_tim_ex.c.obj
LOAD CMakeFiles/sentry_chassis.elf.dir/Drivers/STM32F4xx_HAL_Driver/Src/stm32f4xx_hal_uart.c.obj
LOAD CMakeFiles/sentry_chassis.elf.dir/Middlewares/Third_Party/FreeRTOS/Source/CMSIS_RTOS_V2/cmsis_os2.c.obj
LOAD CMakeFiles/sentry_chassis.elf.dir/Middlewares/Third_Party/FreeRTOS/Source/croutine.c.obj
LOAD CMakeFiles/sentry_chassis.elf.dir/Middlewares/Third_Party/FreeRTOS/Source/event_groups.c.obj
LOAD CMakeFiles/sentry_chassis.elf.dir/Middlewares/Third_Party/FreeRTOS/Source/list.c.obj
LOAD CMakeFiles/sentry_chassis.elf.dir/Middlewares/Third_Party/FreeRTOS/Source/portable/GCC/ARM_CM4F/port.c.obj
LOAD CMakeFiles/sentry_chassis.elf.dir/Middlewares/Third_Party/FreeRTOS/Source/portable/MemMang/heap_4.c.obj
LOAD CMakeFiles/sentry_chassis.elf.dir/Middlewares/Third_Party/FreeRTOS/Source/queue.c.obj
LOAD CMakeFiles/sentry_chassis.elf.dir/Middlewares/Third_Party/FreeRTOS/Source/stream_buffer.c.obj
LOAD CMakeFiles/sentry_chassis.elf.dir/Middlewares/Third_Party/FreeRTOS/Source/tasks.c.obj
LOAD CMakeFiles/sentry_chassis.elf.dir/Middlewares/Third_Party/FreeRTOS/Source/timers.c.obj
LOAD CMakeFiles/sentry_chassis.elf.dir/app/Snc/chassis.c.obj
LOAD CMakeFiles/sentry_chassis.elf.dir/app/Snc/pid.c.obj
LOAD CMakeFiles/sentry_chassis.elf.dir/app/Snc/remote.c.obj
LOAD CMakeFiles/sentry_chassis.elf.dir/bsp/Snc/bsp_can.c.obj
LOAD CMakeFiles/sentry_chassis.elf.dir/bsp/Snc/uart.c.obj
START GROUP
LOAD C:/clion/gcc-arm-none-eabi-10.3-2021.10/bin/../lib/gcc/arm-none-eabi/13.3.1/thumb/v7e-m+fp/hard\libgcc.a
LOAD C:/clion/gcc-arm-none-eabi-10.3-2021.10/bin/../lib/gcc/arm-none-eabi/13.3.1/thumb/v7e-m+fp/hard\libg.a
LOAD C:/clion/gcc-arm-none-eabi-10.3-2021.10/bin/../lib/gcc/arm-none-eabi/13.3.1/thumb/v7e-m+fp/hard\libc.a
END GROUP
LOAD C:/clion/gcc-arm-none-eabi-10.3-2021.10/bin/../lib/gcc/arm-none-eabi/13.3.1/thumb/v7e-m+fp/hard/crtend.o
LOAD C:/clion/gcc-arm-none-eabi-10.3-2021.10/bin/../lib/gcc/arm-none-eabi/13.3.1/thumb/v7e-m+fp/hard/crtn.o
                0x20030000                        _estack = (ORIGIN (RAM) + LENGTH (RAM))
                0x00000400                        _Min_Heap_Size = 0x400
                0x00000400                        _Min_Stack_Size = 0x400

.isr_vector     0x08000000      0x1ac
                0x08000000                        . = ALIGN (0x4)
 *(.isr_vector)
 .isr_vector    0x08000000      0x1ac CMakeFiles/sentry_chassis.elf.dir/Core/Startup/startup_stm32f427iihx.s.obj
                0x08000000                g_pfnVectors
                0x080001ac                        . = ALIGN (0x4)

.text           0x080001b0     0x3f94
                0x080001b0                        . = ALIGN (0x4)
 *(.text)
 .text          0x080001b0       0x30 C:/clion/gcc-arm-none-eabi-10.3-2021.10/bin/../lib/gcc/arm-none-eabi/13.3.1/thumb/v7e-m+fp/hard\libgcc.a(_aeabi_uldivmod.o)
                0x080001b0                __aeabi_uldivmod
 .text          0x080001e0        0x4 C:/clion/gcc-arm-none-eabi-10.3-2021.10/bin/../lib/gcc/arm-none-eabi/13.3.1/thumb/v7e-m+fp/hard\libgcc.a(_dvmd_tls.o)
                0x080001e0                __aeabi_idiv0
                0x080001e0                __aeabi_ldiv0
 .text          0x080001e4      0x134 C:/clion/gcc-arm-none-eabi-10.3-2021.10/bin/../lib/gcc/arm-none-eabi/13.3.1/thumb/v7e-m+fp/hard\libg.a(libc_a-memcpy.o)
                0x080001e4                memcpy
 *(.text*)
 .text.deregister_tm_clones
                0x08000318       0x1c C:/clion/gcc-arm-none-eabi-10.3-2021.10/bin/../lib/gcc/arm-none-eabi/13.3.1/thumb/v7e-m+fp/hard/crtbegin.o
 .text.register_tm_clones
                0x08000334       0x24 C:/clion/gcc-arm-none-eabi-10.3-2021.10/bin/../lib/gcc/arm-none-eabi/13.3.1/thumb/v7e-m+fp/hard/crtbegin.o
 .text.__do_global_dtors_aux
                0x08000358       0x28 C:/clion/gcc-arm-none-eabi-10.3-2021.10/bin/../lib/gcc/arm-none-eabi/13.3.1/thumb/v7e-m+fp/hard/crtbegin.o
 .text.frame_dummy
                0x08000380       0x24 C:/clion/gcc-arm-none-eabi-10.3-2021.10/bin/../lib/gcc/arm-none-eabi/13.3.1/thumb/v7e-m+fp/hard/crtbegin.o
 .text.MX_CAN1_Init
                0x080003a4       0x40 CMakeFiles/sentry_chassis.elf.dir/Core/Src/can.c.obj
                0x080003a4                MX_CAN1_Init
 .text.MX_CAN2_Init
                0x080003e4       0x40 CMakeFiles/sentry_chassis.elf.dir/Core/Src/can.c.obj
                0x080003e4                MX_CAN2_Init
 .text.HAL_CAN_MspInit
                0x08000424      0x144 CMakeFiles/sentry_chassis.elf.dir/Core/Src/can.c.obj
                0x08000424                HAL_CAN_MspInit
 .text.chassis_Task
                0x08000568        0xa CMakeFiles/sentry_chassis.elf.dir/Core/Src/freertos.c.obj
                0x08000568                chassis_Task
 .text.Uart_task
                0x08000572        0xa CMakeFiles/sentry_chassis.elf.dir/Core/Src/freertos.c.obj
                0x08000572                Uart_task
 .text.Remote_Task
                0x0800057c        0xa CMakeFiles/sentry_chassis.elf.dir/Core/Src/freertos.c.obj
                0x0800057c                Remote_Task
 *fill*         0x08000586        0x2 
 .text.MX_FREERTOS_Init
                0x08000588       0x54 CMakeFiles/sentry_chassis.elf.dir/Core/Src/freertos.c.obj
                0x08000588                MX_FREERTOS_Init
 .text.MX_GPIO_Init
                0x080005dc       0x60 CMakeFiles/sentry_chassis.elf.dir/Core/Src/gpio.c.obj
                0x080005dc                MX_GPIO_Init
 .text.HAL_TIM_PeriodElapsedCallback
                0x0800063c       0x18 CMakeFiles/sentry_chassis.elf.dir/Core/Src/main.c.obj
                0x0800063c                HAL_TIM_PeriodElapsedCallback
 .text.Error_Handler
                0x08000654        0x4 CMakeFiles/sentry_chassis.elf.dir/Core/Src/main.c.obj
                0x08000654                Error_Handler
 .text.SystemClock_Config
                0x08000658       0xa8 CMakeFiles/sentry_chassis.elf.dir/Core/Src/main.c.obj
                0x08000658                SystemClock_Config
 .text.main     0x08000700       0x28 CMakeFiles/sentry_chassis.elf.dir/Core/Src/main.c.obj
                0x08000700                main
 .text.HAL_MspInit
                0x08000728       0x44 CMakeFiles/sentry_chassis.elf.dir/Core/Src/stm32f4xx_hal_msp.c.obj
                0x08000728                HAL_MspInit
 .text.HAL_InitTick
                0x0800076c       0xa4 CMakeFiles/sentry_chassis.elf.dir/Core/Src/stm32f4xx_hal_timebase_tim.c.obj
                0x0800076c                HAL_InitTick
 .text.NMI_Handler
                0x08000810        0x2 CMakeFiles/sentry_chassis.elf.dir/Core/Src/stm32f4xx_it.c.obj
                0x08000810                NMI_Handler
 .text.HardFault_Handler
                0x08000812        0x2 CMakeFiles/sentry_chassis.elf.dir/Core/Src/stm32f4xx_it.c.obj
                0x08000812                HardFault_Handler
 .text.MemManage_Handler
                0x08000814        0x2 CMakeFiles/sentry_chassis.elf.dir/Core/Src/stm32f4xx_it.c.obj
                0x08000814                MemManage_Handler
 .text.BusFault_Handler
                0x08000816        0x2 CMakeFiles/sentry_chassis.elf.dir/Core/Src/stm32f4xx_it.c.obj
                0x08000816                BusFault_Handler
 .text.UsageFault_Handler
                0x08000818        0x2 CMakeFiles/sentry_chassis.elf.dir/Core/Src/stm32f4xx_it.c.obj
                0x08000818                UsageFault_Handler
 .text.DebugMon_Handler
                0x0800081a        0x2 CMakeFiles/sentry_chassis.elf.dir/Core/Src/stm32f4xx_it.c.obj
                0x0800081a                DebugMon_Handler
 .text.CAN1_TX_IRQHandler
                0x0800081c       0x10 CMakeFiles/sentry_chassis.elf.dir/Core/Src/stm32f4xx_it.c.obj
                0x0800081c                CAN1_TX_IRQHandler
 .text.CAN1_RX1_IRQHandler
                0x0800082c       0x10 CMakeFiles/sentry_chassis.elf.dir/Core/Src/stm32f4xx_it.c.obj
                0x0800082c                CAN1_RX1_IRQHandler
 .text.TIM3_IRQHandler
                0x0800083c       0x10 CMakeFiles/sentry_chassis.elf.dir/Core/Src/stm32f4xx_it.c.obj
                0x0800083c                TIM3_IRQHandler
 .text.CAN2_TX_IRQHandler
                0x0800084c       0x10 CMakeFiles/sentry_chassis.elf.dir/Core/Src/stm32f4xx_it.c.obj
                0x0800084c                CAN2_TX_IRQHandler
 .text.CAN2_RX1_IRQHandler
                0x0800085c       0x10 CMakeFiles/sentry_chassis.elf.dir/Core/Src/stm32f4xx_it.c.obj
                0x0800085c                CAN2_RX1_IRQHandler
 .text._sbrk    0x0800086c       0x48 CMakeFiles/sentry_chassis.elf.dir/Core/Src/sysmem.c.obj
                0x0800086c                _sbrk
 .text.SystemInit
                0x080008b4       0x14 CMakeFiles/sentry_chassis.elf.dir/Core/Src/system_stm32f4xx.c.obj
                0x080008b4                SystemInit
 .text.MX_USART1_UART_Init
                0x080008c8       0x34 CMakeFiles/sentry_chassis.elf.dir/Core/Src/usart.c.obj
                0x080008c8                MX_USART1_UART_Init
 .text.HAL_UART_MspInit
                0x080008fc       0x9c CMakeFiles/sentry_chassis.elf.dir/Core/Src/usart.c.obj
                0x080008fc                HAL_UART_MspInit
 .text.Reset_Handler
                0x08000998       0x50 CMakeFiles/sentry_chassis.elf.dir/Core/Startup/startup_stm32f427iihx.s.obj
                0x08000998                Reset_Handler
 .text.Default_Handler
                0x080009e8        0x2 CMakeFiles/sentry_chassis.elf.dir/Core/Startup/startup_stm32f427iihx.s.obj
                0x080009e8                RTC_Alarm_IRQHandler
                0x080009e8                HASH_RNG_IRQHandler
                0x080009e8                EXTI2_IRQHandler
                0x080009e8                TIM8_CC_IRQHandler
                0x080009e8                UART8_IRQHandler
                0x080009e8                SPI4_IRQHandler
                0x080009e8                TIM1_CC_IRQHandler
                0x080009e8                DMA2_Stream5_IRQHandler
                0x080009e8                DMA1_Stream5_IRQHandler
                0x080009e8                PVD_IRQHandler
                0x080009e8                SDIO_IRQHandler
                0x080009e8                TAMP_STAMP_IRQHandler
                0x080009e8                EXTI3_IRQHandler
                0x080009e8                TIM8_TRG_COM_TIM14_IRQHandler
                0x080009e8                TIM1_UP_TIM10_IRQHandler
                0x080009e8                TIM8_UP_TIM13_IRQHandler
                0x080009e8                I2C3_ER_IRQHandler
                0x080009e8                EXTI0_IRQHandler
                0x080009e8                I2C2_EV_IRQHandler
                0x080009e8                DMA1_Stream2_IRQHandler
                0x080009e8                CAN1_RX0_IRQHandler
                0x080009e8                FPU_IRQHandler
                0x080009e8                OTG_HS_WKUP_IRQHandler
                0x080009e8                CAN2_SCE_IRQHandler
                0x080009e8                DMA2_Stream2_IRQHandler
                0x080009e8                SPI1_IRQHandler
                0x080009e8                TIM6_DAC_IRQHandler
                0x080009e8                TIM1_BRK_TIM9_IRQHandler
                0x080009e8                DCMI_IRQHandler
                0x080009e8                CAN2_RX0_IRQHandler
                0x080009e8                DMA2_Stream3_IRQHandler
                0x080009e8                USART6_IRQHandler
                0x080009e8                USART3_IRQHandler
                0x080009e8                UART5_IRQHandler
                0x080009e8                DMA2_Stream0_IRQHandler
                0x080009e8                TIM4_IRQHandler
                0x080009e8                I2C1_EV_IRQHandler
                0x080009e8                DMA1_Stream6_IRQHandler
                0x080009e8                DMA1_Stream1_IRQHandler
                0x080009e8                UART4_IRQHandler
                0x080009e8                RCC_IRQHandler
                0x080009e8                TIM8_BRK_TIM12_IRQHandler
                0x080009e8                Default_Handler
                0x080009e8                EXTI15_10_IRQHandler
                0x080009e8                ADC_IRQHandler
                0x080009e8                DMA1_Stream7_IRQHandler
                0x080009e8                SPI5_IRQHandler
                0x080009e8                TIM7_IRQHandler
                0x080009e8                TIM5_IRQHandler
                0x080009e8                DMA2_Stream7_IRQHandler
                0x080009e8                I2C3_EV_IRQHandler
                0x080009e8                EXTI9_5_IRQHandler
                0x080009e8                RTC_WKUP_IRQHandler
                0x080009e8                ETH_WKUP_IRQHandler
                0x080009e8                SPI2_IRQHandler
                0x080009e8                OTG_HS_EP1_IN_IRQHandler
                0x080009e8                DMA1_Stream0_IRQHandler
                0x080009e8                EXTI4_IRQHandler
                0x080009e8                ETH_IRQHandler
                0x080009e8                OTG_HS_EP1_OUT_IRQHandler
                0x080009e8                WWDG_IRQHandler
                0x080009e8                SPI6_IRQHandler
                0x080009e8                TIM2_IRQHandler
                0x080009e8                OTG_FS_WKUP_IRQHandler
                0x080009e8                TIM1_TRG_COM_TIM11_IRQHandler
                0x080009e8                OTG_HS_IRQHandler
                0x080009e8                DMA2D_IRQHandler
                0x080009e8                EXTI1_IRQHandler
                0x080009e8                UART7_IRQHandler
                0x080009e8                USART2_IRQHandler
                0x080009e8                I2C2_ER_IRQHandler
                0x080009e8                DMA2_Stream1_IRQHandler
                0x080009e8                CAN1_SCE_IRQHandler
                0x080009e8                FLASH_IRQHandler
                0x080009e8                DMA2_Stream4_IRQHandler
                0x080009e8                USART1_IRQHandler
                0x080009e8                OTG_FS_IRQHandler
                0x080009e8                SPI3_IRQHandler
                0x080009e8                DMA1_Stream4_IRQHandler
                0x080009e8                I2C1_ER_IRQHandler
                0x080009e8                FMC_IRQHandler
                0x080009e8                DMA2_Stream6_IRQHandler
                0x080009e8                SAI1_IRQHandler
                0x080009e8                DMA1_Stream3_IRQHandler
 *fill*         0x080009ea        0x2 
 .text.HAL_Init
                0x080009ec       0x34 CMakeFiles/sentry_chassis.elf.dir/Drivers/STM32F4xx_HAL_Driver/Src/stm32f4xx_hal.c.obj
                0x080009ec                HAL_Init
 .text.HAL_IncTick
                0x08000a20       0x18 CMakeFiles/sentry_chassis.elf.dir/Drivers/STM32F4xx_HAL_Driver/Src/stm32f4xx_hal.c.obj
                0x08000a20                HAL_IncTick
 .text.HAL_GetTick
                0x08000a38        0xc CMakeFiles/sentry_chassis.elf.dir/Drivers/STM32F4xx_HAL_Driver/Src/stm32f4xx_hal.c.obj
                0x08000a38                HAL_GetTick
 .text.HAL_CAN_Init
                0x08000a44      0x14c CMakeFiles/sentry_chassis.elf.dir/Drivers/STM32F4xx_HAL_Driver/Src/stm32f4xx_hal_can.c.obj
                0x08000a44                HAL_CAN_Init
 .text.HAL_CAN_TxMailbox0CompleteCallback
                0x08000b90        0x2 CMakeFiles/sentry_chassis.elf.dir/Drivers/STM32F4xx_HAL_Driver/Src/stm32f4xx_hal_can.c.obj
                0x08000b90                HAL_CAN_TxMailbox0CompleteCallback
 .text.HAL_CAN_TxMailbox1CompleteCallback
                0x08000b92        0x2 CMakeFiles/sentry_chassis.elf.dir/Drivers/STM32F4xx_HAL_Driver/Src/stm32f4xx_hal_can.c.obj
                0x08000b92                HAL_CAN_TxMailbox1CompleteCallback
 .text.HAL_CAN_TxMailbox2CompleteCallback
                0x08000b94        0x2 CMakeFiles/sentry_chassis.elf.dir/Drivers/STM32F4xx_HAL_Driver/Src/stm32f4xx_hal_can.c.obj
                0x08000b94                HAL_CAN_TxMailbox2CompleteCallback
 .text.HAL_CAN_TxMailbox0AbortCallback
                0x08000b96        0x2 CMakeFiles/sentry_chassis.elf.dir/Drivers/STM32F4xx_HAL_Driver/Src/stm32f4xx_hal_can.c.obj
                0x08000b96                HAL_CAN_TxMailbox0AbortCallback
 .text.HAL_CAN_TxMailbox1AbortCallback
                0x08000b98        0x2 CMakeFiles/sentry_chassis.elf.dir/Drivers/STM32F4xx_HAL_Driver/Src/stm32f4xx_hal_can.c.obj
                0x08000b98                HAL_CAN_TxMailbox1AbortCallback
 .text.HAL_CAN_TxMailbox2AbortCallback
                0x08000b9a        0x2 CMakeFiles/sentry_chassis.elf.dir/Drivers/STM32F4xx_HAL_Driver/Src/stm32f4xx_hal_can.c.obj
                0x08000b9a                HAL_CAN_TxMailbox2AbortCallback
 .text.HAL_CAN_RxFifo0MsgPendingCallback
                0x08000b9c        0x2 CMakeFiles/sentry_chassis.elf.dir/Drivers/STM32F4xx_HAL_Driver/Src/stm32f4xx_hal_can.c.obj
                0x08000b9c                HAL_CAN_RxFifo0MsgPendingCallback
 .text.HAL_CAN_RxFifo0FullCallback
                0x08000b9e        0x2 CMakeFiles/sentry_chassis.elf.dir/Drivers/STM32F4xx_HAL_Driver/Src/stm32f4xx_hal_can.c.obj
                0x08000b9e                HAL_CAN_RxFifo0FullCallback
 .text.HAL_CAN_RxFifo1MsgPendingCallback
                0x08000ba0        0x2 CMakeFiles/sentry_chassis.elf.dir/Drivers/STM32F4xx_HAL_Driver/Src/stm32f4xx_hal_can.c.obj
                0x08000ba0                HAL_CAN_RxFifo1MsgPendingCallback
 .text.HAL_CAN_RxFifo1FullCallback
                0x08000ba2        0x2 CMakeFiles/sentry_chassis.elf.dir/Drivers/STM32F4xx_HAL_Driver/Src/stm32f4xx_hal_can.c.obj
                0x08000ba2                HAL_CAN_RxFifo1FullCallback
 .text.HAL_CAN_SleepCallback
                0x08000ba4        0x2 CMakeFiles/sentry_chassis.elf.dir/Drivers/STM32F4xx_HAL_Driver/Src/stm32f4xx_hal_can.c.obj
                0x08000ba4                HAL_CAN_SleepCallback
 .text.HAL_CAN_WakeUpFromRxMsgCallback
                0x08000ba6        0x2 CMakeFiles/sentry_chassis.elf.dir/Drivers/STM32F4xx_HAL_Driver/Src/stm32f4xx_hal_can.c.obj
                0x08000ba6                HAL_CAN_WakeUpFromRxMsgCallback
 .text.HAL_CAN_ErrorCallback
                0x08000ba8        0x2 CMakeFiles/sentry_chassis.elf.dir/Drivers/STM32F4xx_HAL_Driver/Src/stm32f4xx_hal_can.c.obj
                0x08000ba8                HAL_CAN_ErrorCallback
 .text.HAL_CAN_IRQHandler
                0x08000baa      0x250 CMakeFiles/sentry_chassis.elf.dir/Drivers/STM32F4xx_HAL_Driver/Src/stm32f4xx_hal_can.c.obj
                0x08000baa                HAL_CAN_IRQHandler
 *fill*         0x08000dfa        0x2 
 .text.__NVIC_EnableIRQ
                0x08000dfc       0x1c CMakeFiles/sentry_chassis.elf.dir/Drivers/STM32F4xx_HAL_Driver/Src/stm32f4xx_hal_cortex.c.obj
 .text.__NVIC_SetPriority
                0x08000e18       0x28 CMakeFiles/sentry_chassis.elf.dir/Drivers/STM32F4xx_HAL_Driver/Src/stm32f4xx_hal_cortex.c.obj
 .text.NVIC_EncodePriority
                0x08000e40       0x3e CMakeFiles/sentry_chassis.elf.dir/Drivers/STM32F4xx_HAL_Driver/Src/stm32f4xx_hal_cortex.c.obj
 *fill*         0x08000e7e        0x2 
 .text.HAL_NVIC_SetPriorityGrouping
                0x08000e80       0x24 CMakeFiles/sentry_chassis.elf.dir/Drivers/STM32F4xx_HAL_Driver/Src/stm32f4xx_hal_cortex.c.obj
                0x08000e80                HAL_NVIC_SetPriorityGrouping
 .text.HAL_NVIC_SetPriority
                0x08000ea4       0x20 CMakeFiles/sentry_chassis.elf.dir/Drivers/STM32F4xx_HAL_Driver/Src/stm32f4xx_hal_cortex.c.obj
                0x08000ea4                HAL_NVIC_SetPriority
 .text.HAL_NVIC_EnableIRQ
                0x08000ec4        0x8 CMakeFiles/sentry_chassis.elf.dir/Drivers/STM32F4xx_HAL_Driver/Src/stm32f4xx_hal_cortex.c.obj
                0x08000ec4                HAL_NVIC_EnableIRQ
 .text.HAL_GPIO_Init
                0x08000ecc      0x208 CMakeFiles/sentry_chassis.elf.dir/Drivers/STM32F4xx_HAL_Driver/Src/stm32f4xx_hal_gpio.c.obj
                0x08000ecc                HAL_GPIO_Init
 .text.HAL_RCC_OscConfig
                0x080010d4      0x3f8 CMakeFiles/sentry_chassis.elf.dir/Drivers/STM32F4xx_HAL_Driver/Src/stm32f4xx_hal_rcc.c.obj
                0x080010d4                HAL_RCC_OscConfig
 .text.HAL_RCC_GetSysClockFreq
                0x080014cc       0xa8 CMakeFiles/sentry_chassis.elf.dir/Drivers/STM32F4xx_HAL_Driver/Src/stm32f4xx_hal_rcc.c.obj
                0x080014cc                HAL_RCC_GetSysClockFreq
 .text.HAL_RCC_ClockConfig
                0x08001574      0x160 CMakeFiles/sentry_chassis.elf.dir/Drivers/STM32F4xx_HAL_Driver/Src/stm32f4xx_hal_rcc.c.obj
                0x08001574                HAL_RCC_ClockConfig
 .text.HAL_RCC_GetHCLKFreq
                0x080016d4        0xc CMakeFiles/sentry_chassis.elf.dir/Drivers/STM32F4xx_HAL_Driver/Src/stm32f4xx_hal_rcc.c.obj
                0x080016d4                HAL_RCC_GetHCLKFreq
 .text.HAL_RCC_GetPCLK1Freq
                0x080016e0       0x20 CMakeFiles/sentry_chassis.elf.dir/Drivers/STM32F4xx_HAL_Driver/Src/stm32f4xx_hal_rcc.c.obj
                0x080016e0                HAL_RCC_GetPCLK1Freq
 .text.HAL_RCC_GetPCLK2Freq
                0x08001700       0x20 CMakeFiles/sentry_chassis.elf.dir/Drivers/STM32F4xx_HAL_Driver/Src/stm32f4xx_hal_rcc.c.obj
                0x08001700                HAL_RCC_GetPCLK2Freq
 .text.HAL_RCC_GetClockConfig
                0x08001720       0x3c CMakeFiles/sentry_chassis.elf.dir/Drivers/STM32F4xx_HAL_Driver/Src/stm32f4xx_hal_rcc.c.obj
                0x08001720                HAL_RCC_GetClockConfig
 .text.HAL_TIM_Base_MspInit
                0x0800175c        0x2 CMakeFiles/sentry_chassis.elf.dir/Drivers/STM32F4xx_HAL_Driver/Src/stm32f4xx_hal_tim.c.obj
                0x0800175c                HAL_TIM_Base_MspInit
 *fill*         0x0800175e        0x2 
 .text.HAL_TIM_Base_Start_IT
                0x08001760       0x88 CMakeFiles/sentry_chassis.elf.dir/Drivers/STM32F4xx_HAL_Driver/Src/stm32f4xx_hal_tim.c.obj
                0x08001760                HAL_TIM_Base_Start_IT
 .text.HAL_TIM_OC_DelayElapsedCallback
                0x080017e8        0x2 CMakeFiles/sentry_chassis.elf.dir/Drivers/STM32F4xx_HAL_Driver/Src/stm32f4xx_hal_tim.c.obj
                0x080017e8                HAL_TIM_OC_DelayElapsedCallback
 .text.HAL_TIM_IC_CaptureCallback
                0x080017ea        0x2 CMakeFiles/sentry_chassis.elf.dir/Drivers/STM32F4xx_HAL_Driver/Src/stm32f4xx_hal_tim.c.obj
                0x080017ea                HAL_TIM_IC_CaptureCallback
 .text.HAL_TIM_PWM_PulseFinishedCallback
                0x080017ec        0x2 CMakeFiles/sentry_chassis.elf.dir/Drivers/STM32F4xx_HAL_Driver/Src/stm32f4xx_hal_tim.c.obj
                0x080017ec                HAL_TIM_PWM_PulseFinishedCallback
 .text.HAL_TIM_TriggerCallback
                0x080017ee        0x2 CMakeFiles/sentry_chassis.elf.dir/Drivers/STM32F4xx_HAL_Driver/Src/stm32f4xx_hal_tim.c.obj
                0x080017ee                HAL_TIM_TriggerCallback
 .text.HAL_TIM_IRQHandler
                0x080017f0      0x15e CMakeFiles/sentry_chassis.elf.dir/Drivers/STM32F4xx_HAL_Driver/Src/stm32f4xx_hal_tim.c.obj
                0x080017f0                HAL_TIM_IRQHandler
 *fill*         0x0800194e        0x2 
 .text.TIM_Base_SetConfig
                0x08001950       0xd8 CMakeFiles/sentry_chassis.elf.dir/Drivers/STM32F4xx_HAL_Driver/Src/stm32f4xx_hal_tim.c.obj
                0x08001950                TIM_Base_SetConfig
 .text.HAL_TIM_Base_Init
                0x08001a28       0x58 CMakeFiles/sentry_chassis.elf.dir/Drivers/STM32F4xx_HAL_Driver/Src/stm32f4xx_hal_tim.c.obj
                0x08001a28                HAL_TIM_Base_Init
 .text.HAL_TIMEx_CommutCallback
                0x08001a80        0x2 CMakeFiles/sentry_chassis.elf.dir/Drivers/STM32F4xx_HAL_Driver/Src/stm32f4xx_hal_tim_ex.c.obj
                0x08001a80                HAL_TIMEx_CommutCallback
 .text.HAL_TIMEx_BreakCallback
                0x08001a82        0x2 CMakeFiles/sentry_chassis.elf.dir/Drivers/STM32F4xx_HAL_Driver/Src/stm32f4xx_hal_tim_ex.c.obj
                0x08001a82                HAL_TIMEx_BreakCallback
 .text.UART_SetConfig
                0x08001a84      0x110 CMakeFiles/sentry_chassis.elf.dir/Drivers/STM32F4xx_HAL_Driver/Src/stm32f4xx_hal_uart.c.obj
 .text.HAL_UART_Init
                0x08001b94       0x60 CMakeFiles/sentry_chassis.elf.dir/Drivers/STM32F4xx_HAL_Driver/Src/stm32f4xx_hal_uart.c.obj
                0x08001b94                HAL_UART_Init
 .text.SysTick_Handler
                0x08001bf4       0x18 CMakeFiles/sentry_chassis.elf.dir/Middlewares/Third_Party/FreeRTOS/Source/CMSIS_RTOS_V2/cmsis_os2.c.obj
                0x08001bf4                SysTick_Handler
 .text.osKernelInitialize
                0x08001c0c       0x24 CMakeFiles/sentry_chassis.elf.dir/Middlewares/Third_Party/FreeRTOS/Source/CMSIS_RTOS_V2/cmsis_os2.c.obj
                0x08001c0c                osKernelInitialize
 .text.osKernelStart
                0x08001c30       0x38 CMakeFiles/sentry_chassis.elf.dir/Middlewares/Third_Party/FreeRTOS/Source/CMSIS_RTOS_V2/cmsis_os2.c.obj
                0x08001c30                osKernelStart
 .text.osThreadNew
                0x08001c68       0xbe CMakeFiles/sentry_chassis.elf.dir/Middlewares/Third_Party/FreeRTOS/Source/CMSIS_RTOS_V2/cmsis_os2.c.obj
                0x08001c68                osThreadNew
 .text.osDelay  0x08001d26       0x1c CMakeFiles/sentry_chassis.elf.dir/Middlewares/Third_Party/FreeRTOS/Source/CMSIS_RTOS_V2/cmsis_os2.c.obj
                0x08001d26                osDelay
 *fill*         0x08001d42        0x2 
 .text.vApplicationGetIdleTaskMemory
                0x08001d44       0x18 CMakeFiles/sentry_chassis.elf.dir/Middlewares/Third_Party/FreeRTOS/Source/CMSIS_RTOS_V2/cmsis_os2.c.obj
                0x08001d44                vApplicationGetIdleTaskMemory
 .text.vApplicationGetTimerTaskMemory
                0x08001d5c       0x18 CMakeFiles/sentry_chassis.elf.dir/Middlewares/Third_Party/FreeRTOS/Source/CMSIS_RTOS_V2/cmsis_os2.c.obj
                0x08001d5c                vApplicationGetTimerTaskMemory
 .text.vListInitialise
                0x08001d74       0x16 CMakeFiles/sentry_chassis.elf.dir/Middlewares/Third_Party/FreeRTOS/Source/list.c.obj
                0x08001d74                vListInitialise
 .text.vListInitialiseItem
                0x08001d8a        0x6 CMakeFiles/sentry_chassis.elf.dir/Middlewares/Third_Party/FreeRTOS/Source/list.c.obj
                0x08001d8a                vListInitialiseItem
 .text.vListInsertEnd
                0x08001d90       0x16 CMakeFiles/sentry_chassis.elf.dir/Middlewares/Third_Party/FreeRTOS/Source/list.c.obj
                0x08001d90                vListInsertEnd
 .text.vListInsert
                0x08001da6       0x32 CMakeFiles/sentry_chassis.elf.dir/Middlewares/Third_Party/FreeRTOS/Source/list.c.obj
                0x08001da6                vListInsert
 .text.uxListRemove
                0x08001dd8       0x26 CMakeFiles/sentry_chassis.elf.dir/Middlewares/Third_Party/FreeRTOS/Source/list.c.obj
                0x08001dd8                uxListRemove
 *fill*         0x08001dfe        0x2 
 .text.prvTaskExitError
                0x08001e00       0x40 CMakeFiles/sentry_chassis.elf.dir/Middlewares/Third_Party/FreeRTOS/Source/portable/GCC/ARM_CM4F/port.c.obj
 .text.prvPortStartFirstTask
                0x08001e40       0x28 CMakeFiles/sentry_chassis.elf.dir/Middlewares/Third_Party/FreeRTOS/Source/portable/GCC/ARM_CM4F/port.c.obj
 .text.vPortEnableVFP
                0x08001e68       0x14 CMakeFiles/sentry_chassis.elf.dir/Middlewares/Third_Party/FreeRTOS/Source/portable/GCC/ARM_CM4F/port.c.obj
 .text.pxPortInitialiseStack
                0x08001e7c       0x2c CMakeFiles/sentry_chassis.elf.dir/Middlewares/Third_Party/FreeRTOS/Source/portable/GCC/ARM_CM4F/port.c.obj
                0x08001e7c                pxPortInitialiseStack
 *fill*         0x08001ea8        0x8 
 .text.SVC_Handler
                0x08001eb0       0x24 CMakeFiles/sentry_chassis.elf.dir/Middlewares/Third_Party/FreeRTOS/Source/portable/GCC/ARM_CM4F/port.c.obj
                0x08001eb0                SVC_Handler
 .text.vPortEnterCritical
                0x08001ed4       0x44 CMakeFiles/sentry_chassis.elf.dir/Middlewares/Third_Party/FreeRTOS/Source/portable/GCC/ARM_CM4F/port.c.obj
                0x08001ed4                vPortEnterCritical
 .text.vPortExitCritical
                0x08001f18       0x2c CMakeFiles/sentry_chassis.elf.dir/Middlewares/Third_Party/FreeRTOS/Source/portable/GCC/ARM_CM4F/port.c.obj
                0x08001f18                vPortExitCritical
 *fill*         0x08001f44        0xc 
 .text.PendSV_Handler
                0x08001f50       0x64 CMakeFiles/sentry_chassis.elf.dir/Middlewares/Third_Party/FreeRTOS/Source/portable/GCC/ARM_CM4F/port.c.obj
                0x08001f50                PendSV_Handler
 .text.xPortSysTickHandler
                0x08001fb4       0x2c CMakeFiles/sentry_chassis.elf.dir/Middlewares/Third_Party/FreeRTOS/Source/portable/GCC/ARM_CM4F/port.c.obj
                0x08001fb4                xPortSysTickHandler
 .text.vPortSetupTimerInterrupt
                0x08001fe0       0x28 CMakeFiles/sentry_chassis.elf.dir/Middlewares/Third_Party/FreeRTOS/Source/portable/GCC/ARM_CM4F/port.c.obj
                0x08001fe0                vPortSetupTimerInterrupt
 .text.xPortStartScheduler
                0x08002008      0x118 CMakeFiles/sentry_chassis.elf.dir/Middlewares/Third_Party/FreeRTOS/Source/portable/GCC/ARM_CM4F/port.c.obj
                0x08002008                xPortStartScheduler
 .text.vPortValidateInterruptPriority
                0x08002120       0x5c CMakeFiles/sentry_chassis.elf.dir/Middlewares/Third_Party/FreeRTOS/Source/portable/GCC/ARM_CM4F/port.c.obj
                0x08002120                vPortValidateInterruptPriority
 .text.prvHeapInit
                0x0800217c       0x64 CMakeFiles/sentry_chassis.elf.dir/Middlewares/Third_Party/FreeRTOS/Source/portable/MemMang/heap_4.c.obj
 .text.prvInsertBlockIntoFreeList
                0x080021e0       0x64 CMakeFiles/sentry_chassis.elf.dir/Middlewares/Third_Party/FreeRTOS/Source/portable/MemMang/heap_4.c.obj
 .text.pvPortMalloc
                0x08002244      0x104 CMakeFiles/sentry_chassis.elf.dir/Middlewares/Third_Party/FreeRTOS/Source/portable/MemMang/heap_4.c.obj
                0x08002244                pvPortMalloc
 .text.vPortFree
                0x08002348       0x7c CMakeFiles/sentry_chassis.elf.dir/Middlewares/Third_Party/FreeRTOS/Source/portable/MemMang/heap_4.c.obj
                0x08002348                vPortFree
 .text.prvIsQueueFull
                0x080023c4       0x1e CMakeFiles/sentry_chassis.elf.dir/Middlewares/Third_Party/FreeRTOS/Source/queue.c.obj
 .text.prvIsQueueEmpty
                0x080023e2       0x1a CMakeFiles/sentry_chassis.elf.dir/Middlewares/Third_Party/FreeRTOS/Source/queue.c.obj
 .text.prvCopyDataToQueue
                0x080023fc       0x76 CMakeFiles/sentry_chassis.elf.dir/Middlewares/Third_Party/FreeRTOS/Source/queue.c.obj
 .text.prvCopyDataFromQueue
                0x08002472       0x24 CMakeFiles/sentry_chassis.elf.dir/Middlewares/Third_Party/FreeRTOS/Source/queue.c.obj
 .text.prvUnlockQueue
                0x08002496       0x6e CMakeFiles/sentry_chassis.elf.dir/Middlewares/Third_Party/FreeRTOS/Source/queue.c.obj
 .text.xQueueGenericReset
                0x08002504       0x84 CMakeFiles/sentry_chassis.elf.dir/Middlewares/Third_Party/FreeRTOS/Source/queue.c.obj
                0x08002504                xQueueGenericReset
 .text.prvInitialiseNewQueue
                0x08002588       0x22 CMakeFiles/sentry_chassis.elf.dir/Middlewares/Third_Party/FreeRTOS/Source/queue.c.obj
 .text.xQueueGenericCreateStatic
                0x080025aa       0x94 CMakeFiles/sentry_chassis.elf.dir/Middlewares/Third_Party/FreeRTOS/Source/queue.c.obj
                0x080025aa                xQueueGenericCreateStatic
 .text.xQueueGenericSend
                0x0800263e      0x188 CMakeFiles/sentry_chassis.elf.dir/Middlewares/Third_Party/FreeRTOS/Source/queue.c.obj
                0x0800263e                xQueueGenericSend
 .text.xQueueGenericSendFromISR
                0x080027c6       0xce CMakeFiles/sentry_chassis.elf.dir/Middlewares/Third_Party/FreeRTOS/Source/queue.c.obj
                0x080027c6                xQueueGenericSendFromISR
 .text.xQueueReceive
                0x08002894      0x15e CMakeFiles/sentry_chassis.elf.dir/Middlewares/Third_Party/FreeRTOS/Source/queue.c.obj
                0x08002894                xQueueReceive
 *fill*         0x080029f2        0x2 
 .text.vQueueAddToRegistry
                0x080029f4       0x28 CMakeFiles/sentry_chassis.elf.dir/Middlewares/Third_Party/FreeRTOS/Source/queue.c.obj
                0x080029f4                vQueueAddToRegistry
 .text.vQueueWaitForMessageRestricted
                0x08002a1c       0x52 CMakeFiles/sentry_chassis.elf.dir/Middlewares/Third_Party/FreeRTOS/Source/queue.c.obj
                0x08002a1c                vQueueWaitForMessageRestricted
 *fill*         0x08002a6e        0x2 
 .text.prvResetNextTaskUnblockTime
                0x08002a70       0x2c CMakeFiles/sentry_chassis.elf.dir/Middlewares/Third_Party/FreeRTOS/Source/tasks.c.obj
 .text.prvInitialiseNewTask
                0x08002a9c      0x104 CMakeFiles/sentry_chassis.elf.dir/Middlewares/Third_Party/FreeRTOS/Source/tasks.c.obj
 .text.prvInitialiseTaskLists
                0x08002ba0       0x68 CMakeFiles/sentry_chassis.elf.dir/Middlewares/Third_Party/FreeRTOS/Source/tasks.c.obj
 .text.prvAddNewTaskToReadyList
                0x08002c08       0xac CMakeFiles/sentry_chassis.elf.dir/Middlewares/Third_Party/FreeRTOS/Source/tasks.c.obj
 .text.prvDeleteTCB
                0x08002cb4       0x40 CMakeFiles/sentry_chassis.elf.dir/Middlewares/Third_Party/FreeRTOS/Source/tasks.c.obj
 .text.prvCheckTasksWaitingTermination
                0x08002cf4       0x4c CMakeFiles/sentry_chassis.elf.dir/Middlewares/Third_Party/FreeRTOS/Source/tasks.c.obj
 .text.prvIdleTask
                0x08002d40       0x28 CMakeFiles/sentry_chassis.elf.dir/Middlewares/Third_Party/FreeRTOS/Source/tasks.c.obj
 .text.prvAddCurrentTaskToDelayedList
                0x08002d68       0x7c CMakeFiles/sentry_chassis.elf.dir/Middlewares/Third_Party/FreeRTOS/Source/tasks.c.obj
 .text.xTaskCreateStatic
                0x08002de4       0x7a CMakeFiles/sentry_chassis.elf.dir/Middlewares/Third_Party/FreeRTOS/Source/tasks.c.obj
                0x08002de4                xTaskCreateStatic
 .text.xTaskCreate
                0x08002e5e       0x66 CMakeFiles/sentry_chassis.elf.dir/Middlewares/Third_Party/FreeRTOS/Source/tasks.c.obj
                0x08002e5e                xTaskCreate
 .text.vTaskStartScheduler
                0x08002ec4       0xac CMakeFiles/sentry_chassis.elf.dir/Middlewares/Third_Party/FreeRTOS/Source/tasks.c.obj
                0x08002ec4                vTaskStartScheduler
 .text.vTaskSuspendAll
                0x08002f70       0x10 CMakeFiles/sentry_chassis.elf.dir/Middlewares/Third_Party/FreeRTOS/Source/tasks.c.obj
                0x08002f70                vTaskSuspendAll
 .text.xTaskGetTickCount
                0x08002f80        0xc CMakeFiles/sentry_chassis.elf.dir/Middlewares/Third_Party/FreeRTOS/Source/tasks.c.obj
                0x08002f80                xTaskGetTickCount
 .text.xTaskIncrementTick
                0x08002f8c      0x118 CMakeFiles/sentry_chassis.elf.dir/Middlewares/Third_Party/FreeRTOS/Source/tasks.c.obj
                0x08002f8c                xTaskIncrementTick
 .text.xTaskResumeAll
                0x080030a4       0xf8 CMakeFiles/sentry_chassis.elf.dir/Middlewares/Third_Party/FreeRTOS/Source/tasks.c.obj
                0x080030a4                xTaskResumeAll
 .text.vTaskDelay
                0x0800319c       0x4c CMakeFiles/sentry_chassis.elf.dir/Middlewares/Third_Party/FreeRTOS/Source/tasks.c.obj
                0x0800319c                vTaskDelay
 .text.vTaskSwitchContext
                0x080031e8       0xa4 CMakeFiles/sentry_chassis.elf.dir/Middlewares/Third_Party/FreeRTOS/Source/tasks.c.obj
                0x080031e8                vTaskSwitchContext
 .text.vTaskPlaceOnEventList
                0x0800328c       0x30 CMakeFiles/sentry_chassis.elf.dir/Middlewares/Third_Party/FreeRTOS/Source/tasks.c.obj
                0x0800328c                vTaskPlaceOnEventList
 .text.vTaskPlaceOnEventListRestricted
                0x080032bc       0x38 CMakeFiles/sentry_chassis.elf.dir/Middlewares/Third_Party/FreeRTOS/Source/tasks.c.obj
                0x080032bc                vTaskPlaceOnEventListRestricted
 .text.xTaskRemoveFromEventList
                0x080032f4       0x8c CMakeFiles/sentry_chassis.elf.dir/Middlewares/Third_Party/FreeRTOS/Source/tasks.c.obj
                0x080032f4                xTaskRemoveFromEventList
 .text.vTaskInternalSetTimeOutState
                0x08003380       0x18 CMakeFiles/sentry_chassis.elf.dir/Middlewares/Third_Party/FreeRTOS/Source/tasks.c.obj
                0x08003380                vTaskInternalSetTimeOutState
 .text.xTaskCheckForTimeOut
                0x08003398       0x84 CMakeFiles/sentry_chassis.elf.dir/Middlewares/Third_Party/FreeRTOS/Source/tasks.c.obj
                0x08003398                xTaskCheckForTimeOut
 .text.vTaskMissedYield
                0x0800341c        0xc CMakeFiles/sentry_chassis.elf.dir/Middlewares/Third_Party/FreeRTOS/Source/tasks.c.obj
                0x0800341c                vTaskMissedYield
 .text.xTaskGetSchedulerState
                0x08003428       0x20 CMakeFiles/sentry_chassis.elf.dir/Middlewares/Third_Party/FreeRTOS/Source/tasks.c.obj
                0x08003428                xTaskGetSchedulerState
 .text.xTaskPriorityDisinherit
                0x08003448       0x90 CMakeFiles/sentry_chassis.elf.dir/Middlewares/Third_Party/FreeRTOS/Source/tasks.c.obj
                0x08003448                xTaskPriorityDisinherit
 .text.prvGetNextExpireTime
                0x080034d8       0x20 CMakeFiles/sentry_chassis.elf.dir/Middlewares/Third_Party/FreeRTOS/Source/timers.c.obj
 .text.prvInsertTimerInActiveList
                0x080034f8       0x48 CMakeFiles/sentry_chassis.elf.dir/Middlewares/Third_Party/FreeRTOS/Source/timers.c.obj
 .text.prvCheckForValidListAndQueue
                0x08003540       0x70 CMakeFiles/sentry_chassis.elf.dir/Middlewares/Third_Party/FreeRTOS/Source/timers.c.obj
 .text.xTimerCreateTimerTask
                0x080035b0       0x64 CMakeFiles/sentry_chassis.elf.dir/Middlewares/Third_Party/FreeRTOS/Source/timers.c.obj
                0x080035b0                xTimerCreateTimerTask
 .text.xTimerGenericCommand
                0x08003614       0x6c CMakeFiles/sentry_chassis.elf.dir/Middlewares/Third_Party/FreeRTOS/Source/timers.c.obj
                0x08003614                xTimerGenericCommand
 .text.prvSwitchTimerLists
                0x08003680       0x7c CMakeFiles/sentry_chassis.elf.dir/Middlewares/Third_Party/FreeRTOS/Source/timers.c.obj
 .text.prvSampleTimeNow
                0x080036fc       0x2c CMakeFiles/sentry_chassis.elf.dir/Middlewares/Third_Party/FreeRTOS/Source/timers.c.obj
 .text.prvProcessExpiredTimer
                0x08003728       0x6c CMakeFiles/sentry_chassis.elf.dir/Middlewares/Third_Party/FreeRTOS/Source/timers.c.obj
 .text.prvProcessTimerOrBlockTask
                0x08003794       0x74 CMakeFiles/sentry_chassis.elf.dir/Middlewares/Third_Party/FreeRTOS/Source/timers.c.obj
 .text.prvProcessReceivedCommands
                0x08003808      0x10c CMakeFiles/sentry_chassis.elf.dir/Middlewares/Third_Party/FreeRTOS/Source/timers.c.obj
 .text.prvTimerTask
                0x08003914       0x16 CMakeFiles/sentry_chassis.elf.dir/Middlewares/Third_Party/FreeRTOS/Source/timers.c.obj
 *fill*         0x0800392a        0x2 
 .text.__udivmoddi4
                0x0800392c      0x2bc C:/clion/gcc-arm-none-eabi-10.3-2021.10/bin/../lib/gcc/arm-none-eabi/13.3.1/thumb/v7e-m+fp/hard\libgcc.a(_udivmoddi4.o)
                0x0800392c                __udivmoddi4
 .text.memset   0x08003be8       0xa4 C:/clion/gcc-arm-none-eabi-10.3-2021.10/bin/../lib/gcc/arm-none-eabi/13.3.1/thumb/v7e-m+fp/hard\libg.a(libc_a-memset.o)
                0x08003be8                memset
 .text._reclaim_reent
                0x08003c8c       0x6c C:/clion/gcc-arm-none-eabi-10.3-2021.10/bin/../lib/gcc/arm-none-eabi/13.3.1/thumb/v7e-m+fp/hard\libg.a(libc_a-reent.o)
                0x08003c8c                _reclaim_reent
 .text.__errno  0x08003cf8        0xc C:/clion/gcc-arm-none-eabi-10.3-2021.10/bin/../lib/gcc/arm-none-eabi/13.3.1/thumb/v7e-m+fp/hard\libg.a(libc_a-errno.o)
                0x08003cf8                __errno
 .text.__libc_init_array
                0x08003d04       0x50 C:/clion/gcc-arm-none-eabi-10.3-2021.10/bin/../lib/gcc/arm-none-eabi/13.3.1/thumb/v7e-m+fp/hard\libg.a(libc_a-init.o)
                0x08003d04                __libc_init_array
 .text.__retarget_lock_acquire_recursive
                0x08003d54        0x4 C:/clion/gcc-arm-none-eabi-10.3-2021.10/bin/../lib/gcc/arm-none-eabi/13.3.1/thumb/v7e-m+fp/hard\libg.a(libc_a-lock.o)
                0x08003d54                __retarget_lock_acquire_recursive
 .text.__retarget_lock_release_recursive
                0x08003d58        0x4 C:/clion/gcc-arm-none-eabi-10.3-2021.10/bin/../lib/gcc/arm-none-eabi/13.3.1/thumb/v7e-m+fp/hard\libg.a(libc_a-lock.o)
                0x08003d58                __retarget_lock_release_recursive
 .text.startup.register_fini
                0x08003d5c       0x14 C:/clion/gcc-arm-none-eabi-10.3-2021.10/bin/../lib/gcc/arm-none-eabi/13.3.1/thumb/v7e-m+fp/hard\libg.a(libc_a-__call_atexit.o)
 .text.atexit   0x08003d70        0xc C:/clion/gcc-arm-none-eabi-10.3-2021.10/bin/../lib/gcc/arm-none-eabi/13.3.1/thumb/v7e-m+fp/hard\libg.a(libc_a-atexit.o)
                0x08003d70                atexit
 .text._malloc_trim_r
                0x08003d7c       0xb8 C:/clion/gcc-arm-none-eabi-10.3-2021.10/bin/../lib/gcc/arm-none-eabi/13.3.1/thumb/v7e-m+fp/hard\libg.a(libc_a-freer.o)
                0x08003d7c                _malloc_trim_r
 .text._free_r  0x08003e34      0x1f8 C:/clion/gcc-arm-none-eabi-10.3-2021.10/bin/../lib/gcc/arm-none-eabi/13.3.1/thumb/v7e-m+fp/hard\libg.a(libc_a-freer.o)
                0x08003e34                _free_r
 .text.__malloc_lock
                0x0800402c        0xc C:/clion/gcc-arm-none-eabi-10.3-2021.10/bin/../lib/gcc/arm-none-eabi/13.3.1/thumb/v7e-m+fp/hard\libg.a(libc_a-mlock.o)
                0x0800402c                __malloc_lock
 .text.__malloc_unlock
                0x08004038        0xc C:/clion/gcc-arm-none-eabi-10.3-2021.10/bin/../lib/gcc/arm-none-eabi/13.3.1/thumb/v7e-m+fp/hard\libg.a(libc_a-mlock.o)
                0x08004038                __malloc_unlock
 .text._sbrk_r  0x08004044       0x24 C:/clion/gcc-arm-none-eabi-10.3-2021.10/bin/../lib/gcc/arm-none-eabi/13.3.1/thumb/v7e-m+fp/hard\libg.a(libc_a-sbrkr.o)
                0x08004044                _sbrk_r
 .text.__libc_fini_array
                0x08004068       0x28 C:/clion/gcc-arm-none-eabi-10.3-2021.10/bin/../lib/gcc/arm-none-eabi/13.3.1/thumb/v7e-m+fp/hard\libg.a(libc_a-fini.o)
                0x08004068                __libc_fini_array
 .text.sysconf  0x08004090       0x1c C:/clion/gcc-arm-none-eabi-10.3-2021.10/bin/../lib/gcc/arm-none-eabi/13.3.1/thumb/v7e-m+fp/hard\libg.a(libc_a-sysconf.o)
                0x08004090                sysconf
 .text.__register_exitproc
                0x080040ac       0x80 C:/clion/gcc-arm-none-eabi-10.3-2021.10/bin/../lib/gcc/arm-none-eabi/13.3.1/thumb/v7e-m+fp/hard\libg.a(libc_a-__atexit.o)
                0x080040ac                __register_exitproc
 *(.glue_7)
 .glue_7        0x0800412c        0x0 linker stubs
 *(.glue_7t)
 .glue_7t       0x0800412c        0x0 linker stubs
 *(.eh_frame)
 .eh_frame      0x0800412c        0x0 C:/clion/gcc-arm-none-eabi-10.3-2021.10/bin/../lib/gcc/arm-none-eabi/13.3.1/thumb/v7e-m+fp/hard/crtbegin.o
 *(.init)
 .init          0x0800412c        0x4 C:/clion/gcc-arm-none-eabi-10.3-2021.10/bin/../lib/gcc/arm-none-eabi/13.3.1/thumb/v7e-m+fp/hard/crti.o
                0x0800412c                _init
 .init          0x08004130        0x8 C:/clion/gcc-arm-none-eabi-10.3-2021.10/bin/../lib/gcc/arm-none-eabi/13.3.1/thumb/v7e-m+fp/hard/crtn.o
 *(.fini)
 .fini          0x08004138        0x4 C:/clion/gcc-arm-none-eabi-10.3-2021.10/bin/../lib/gcc/arm-none-eabi/13.3.1/thumb/v7e-m+fp/hard/crti.o
                0x08004138                _fini
 .fini          0x0800413c        0x8 C:/clion/gcc-arm-none-eabi-10.3-2021.10/bin/../lib/gcc/arm-none-eabi/13.3.1/thumb/v7e-m+fp/hard/crtn.o
                0x08004144                        . = ALIGN (0x4)
                0x08004144                        _etext = .

.vfp11_veneer   0x08004144        0x0
 .vfp11_veneer  0x08004144        0x0 linker stubs

.v4_bx          0x08004144        0x0
 .v4_bx         0x08004144        0x0 linker stubs

.iplt           0x08004144        0x0
 .iplt          0x08004144        0x0 C:/clion/gcc-arm-none-eabi-10.3-2021.10/bin/../lib/gcc/arm-none-eabi/13.3.1/thumb/v7e-m+fp/hard/crtbegin.o

.rodata         0x08004144       0xc0
                0x08004144                        . = ALIGN (0x4)
 *(.rodata)
 *(.rodata*)
 .rodata.str1.4
                0x08004144       0x3c CMakeFiles/sentry_chassis.elf.dir/Core/Src/freertos.c.obj
                                 0x24 (size before relaxing)
 .rodata.RemoteTask_attributes
                0x08004180       0x24 CMakeFiles/sentry_chassis.elf.dir/Core/Src/freertos.c.obj
                0x08004180                RemoteTask_attributes
 .rodata.UartTask_attributes
                0x080041a4       0x24 CMakeFiles/sentry_chassis.elf.dir/Core/Src/freertos.c.obj
                0x080041a4                UartTask_attributes
 .rodata.ChassisTask_attributes
                0x080041c8       0x24 CMakeFiles/sentry_chassis.elf.dir/Core/Src/freertos.c.obj
                0x080041c8                ChassisTask_attributes
 .rodata.APBPrescTable
                0x080041ec        0x8 CMakeFiles/sentry_chassis.elf.dir/Core/Src/system_stm32f4xx.c.obj
                0x080041ec                APBPrescTable
 .rodata.AHBPrescTable
                0x080041f4       0x10 CMakeFiles/sentry_chassis.elf.dir/Core/Src/system_stm32f4xx.c.obj
                0x080041f4                AHBPrescTable
 .rodata.vTaskStartScheduler.str1.4
                0x08004204        0x5 CMakeFiles/sentry_chassis.elf.dir/Middlewares/Third_Party/FreeRTOS/Source/tasks.c.obj
 .rodata.prvCheckForValidListAndQueue.str1.4
                0x08004204        0x5 CMakeFiles/sentry_chassis.elf.dir/Middlewares/Third_Party/FreeRTOS/Source/timers.c.obj
 .rodata.xTimerCreateTimerTask.str1.4
                0x08004204        0x8 CMakeFiles/sentry_chassis.elf.dir/Middlewares/Third_Party/FreeRTOS/Source/timers.c.obj
                0x0800420c                        . = ALIGN (0x4)

.ARM.extab      0x08004204        0x0
                0x08004204                        . = ALIGN (0x4)
 *(.ARM.extab* .gnu.linkonce.armextab.*)
                0x08004204                        . = ALIGN (0x4)

.ARM            0x08004204        0x8
                0x08004204                        . = ALIGN (0x4)
                0x08004204                        __exidx_start = .
 *(.ARM.exidx*)
 .ARM.exidx     0x08004204        0x8 C:/clion/gcc-arm-none-eabi-10.3-2021.10/bin/../lib/gcc/arm-none-eabi/13.3.1/thumb/v7e-m+fp/hard\libg.a(libc_a-memcpy.o)
 .ARM.exidx.text.__udivmoddi4
                0x0800420c        0x0 C:/clion/gcc-arm-none-eabi-10.3-2021.10/bin/../lib/gcc/arm-none-eabi/13.3.1/thumb/v7e-m+fp/hard\libgcc.a(_udivmoddi4.o)
                                  0x8 (size before relaxing)
                0x0800420c                        __exidx_end = .
                0x0800420c                        . = ALIGN (0x4)

.preinit_array  0x0800420c        0x0
                0x0800420c                        . = ALIGN (0x4)
                0x0800420c                        PROVIDE (__preinit_array_start = .)
 *(.preinit_array*)
                0x0800420c                        PROVIDE (__preinit_array_end = .)
                0x0800420c                        . = ALIGN (0x4)

.init_array     0x0800420c        0x8
                0x0800420c                        . = ALIGN (0x4)
                0x0800420c                        PROVIDE (__init_array_start = .)
 *(SORT_BY_NAME(.init_array.*))
 .init_array.00000
                0x0800420c        0x4 C:/clion/gcc-arm-none-eabi-10.3-2021.10/bin/../lib/gcc/arm-none-eabi/13.3.1/thumb/v7e-m+fp/hard\libg.a(libc_a-__call_atexit.o)
 *(.init_array*)
 .init_array    0x08004210        0x4 C:/clion/gcc-arm-none-eabi-10.3-2021.10/bin/../lib/gcc/arm-none-eabi/13.3.1/thumb/v7e-m+fp/hard/crtbegin.o
                0x08004214                        PROVIDE (__init_array_end = .)
                0x08004214                        . = ALIGN (0x4)

.fini_array     0x08004214        0x4
                0x08004214                        . = ALIGN (0x4)
                0x08004214                        PROVIDE (__fini_array_start = .)
 *(SORT_BY_NAME(.fini_array.*))
 *(.fini_array*)
 .fini_array    0x08004214        0x4 C:/clion/gcc-arm-none-eabi-10.3-2021.10/bin/../lib/gcc/arm-none-eabi/13.3.1/thumb/v7e-m+fp/hard/crtbegin.o
                0x08004218                        PROVIDE (__fini_array_end = .)
                0x08004218                        . = ALIGN (0x4)
                0x08004218                        _sidata = LOADADDR (.data)

.rel.dyn        0x08004218        0x0
 .rel.iplt      0x08004218        0x0 C:/clion/gcc-arm-none-eabi-10.3-2021.10/bin/../lib/gcc/arm-none-eabi/13.3.1/thumb/v7e-m+fp/hard/crtbegin.o

.data           0x20000000      0x570 load address 0x08004218
                0x20000000                        . = ALIGN (0x4)
                0x20000000                        _sdata = .
 *(.data)
 *(.data*)
 .data.SystemCoreClock
                0x20000000        0x4 CMakeFiles/sentry_chassis.elf.dir/Core/Src/system_stm32f4xx.c.obj
                0x20000000                SystemCoreClock
 .data.uwTickFreq
                0x20000004        0x1 CMakeFiles/sentry_chassis.elf.dir/Drivers/STM32F4xx_HAL_Driver/Src/stm32f4xx_hal.c.obj
                0x20000004                uwTickFreq
 *fill*         0x20000005        0x3 
 .data.uwTickPrio
                0x20000008        0x4 CMakeFiles/sentry_chassis.elf.dir/Drivers/STM32F4xx_HAL_Driver/Src/stm32f4xx_hal.c.obj
                0x20000008                uwTickPrio
 .data.uxCriticalNesting
                0x2000000c        0x4 CMakeFiles/sentry_chassis.elf.dir/Middlewares/Third_Party/FreeRTOS/Source/portable/GCC/ARM_CM4F/port.c.obj
 .data._impure_ptr
                0x20000010        0x4 C:/clion/gcc-arm-none-eabi-10.3-2021.10/bin/../lib/gcc/arm-none-eabi/13.3.1/thumb/v7e-m+fp/hard\libg.a(libc_a-impure.o)
                0x20000010                _impure_ptr
 *fill*         0x20000014        0x4 
 .data._impure_data
                0x20000018      0x140 C:/clion/gcc-arm-none-eabi-10.3-2021.10/bin/../lib/gcc/arm-none-eabi/13.3.1/thumb/v7e-m+fp/hard\libg.a(libc_a-impure.o)
                0x20000018                _impure_data
 .data.__atexit_recursive_mutex
                0x20000158        0x4 C:/clion/gcc-arm-none-eabi-10.3-2021.10/bin/../lib/gcc/arm-none-eabi/13.3.1/thumb/v7e-m+fp/hard\libg.a(libc_a-__call_atexit.o)
                0x20000158                __atexit_recursive_mutex
 .data.__malloc_sbrk_base
                0x2000015c        0x4 C:/clion/gcc-arm-none-eabi-10.3-2021.10/bin/../lib/gcc/arm-none-eabi/13.3.1/thumb/v7e-m+fp/hard\libg.a(libc_a-mallocr.o)
                0x2000015c                __malloc_sbrk_base
 .data.__malloc_trim_threshold
                0x20000160        0x4 C:/clion/gcc-arm-none-eabi-10.3-2021.10/bin/../lib/gcc/arm-none-eabi/13.3.1/thumb/v7e-m+fp/hard\libg.a(libc_a-mallocr.o)
                0x20000160                __malloc_trim_threshold
 *fill*         0x20000164        0x4 
 .data.__malloc_av_
                0x20000168      0x408 C:/clion/gcc-arm-none-eabi-10.3-2021.10/bin/../lib/gcc/arm-none-eabi/13.3.1/thumb/v7e-m+fp/hard\libg.a(libc_a-mallocr.o)
                0x20000168                __malloc_av_
 *(.RamFunc)
 *(.RamFunc*)
                0x20000570                        . = ALIGN (0x4)
                0x20000570                        _edata = .
                0x08004788                        _siccmram = LOADADDR (.ccmram)

.tm_clone_table
                0x20000570        0x0 load address 0x08004788
 .tm_clone_table
                0x20000570        0x0 C:/clion/gcc-arm-none-eabi-10.3-2021.10/bin/../lib/gcc/arm-none-eabi/13.3.1/thumb/v7e-m+fp/hard/crtbegin.o
 .tm_clone_table
                0x20000570        0x0 C:/clion/gcc-arm-none-eabi-10.3-2021.10/bin/../lib/gcc/arm-none-eabi/13.3.1/thumb/v7e-m+fp/hard/crtend.o

.igot.plt       0x20000570        0x0 load address 0x08004788
 .igot.plt      0x20000570        0x0 C:/clion/gcc-arm-none-eabi-10.3-2021.10/bin/../lib/gcc/arm-none-eabi/13.3.1/thumb/v7e-m+fp/hard/crtbegin.o

.ccmram         0x10000000        0x0 load address 0x08004788
                0x10000000                        . = ALIGN (0x4)
                0x10000000                        _sccmram = .
 *(.ccmram)
 *(.ccmram*)
                0x10000000                        . = ALIGN (0x4)
                0x10000000                        _eccmram = .
                0x10000000                        . = ALIGN (0x4)

.bss            0x20000570     0x4ff4
                0x20000570                        _sbss = .
                0x20000570                        __bss_start__ = _sbss
 *(.bss)
 *(.bss*)
 .bss.completed.1
                0x20000570        0x1 C:/clion/gcc-arm-none-eabi-10.3-2021.10/bin/../lib/gcc/arm-none-eabi/13.3.1/thumb/v7e-m+fp/hard/crtbegin.o
 *fill*         0x20000571        0x3 
 .bss.object.0  0x20000574       0x18 C:/clion/gcc-arm-none-eabi-10.3-2021.10/bin/../lib/gcc/arm-none-eabi/13.3.1/thumb/v7e-m+fp/hard/crtbegin.o
 .bss.HAL_RCC_CAN1_CLK_ENABLED
                0x2000058c        0x4 CMakeFiles/sentry_chassis.elf.dir/Core/Src/can.c.obj
 .bss.hcan2     0x20000590       0x28 CMakeFiles/sentry_chassis.elf.dir/Core/Src/can.c.obj
                0x20000590                hcan2
 .bss.hcan1     0x200005b8       0x28 CMakeFiles/sentry_chassis.elf.dir/Core/Src/can.c.obj
                0x200005b8                hcan1
 .bss.RemoteTaskHandle
                0x200005e0        0x4 CMakeFiles/sentry_chassis.elf.dir/Core/Src/freertos.c.obj
                0x200005e0                RemoteTaskHandle
 .bss.UartTaskHandle
                0x200005e4        0x4 CMakeFiles/sentry_chassis.elf.dir/Core/Src/freertos.c.obj
                0x200005e4                UartTaskHandle
 .bss.ChassisTaskHandle
                0x200005e8        0x4 CMakeFiles/sentry_chassis.elf.dir/Core/Src/freertos.c.obj
                0x200005e8                ChassisTaskHandle
 .bss.htim3     0x200005ec       0x48 CMakeFiles/sentry_chassis.elf.dir/Core/Src/stm32f4xx_hal_timebase_tim.c.obj
                0x200005ec                htim3
 .bss.__sbrk_heap_end
                0x20000634        0x4 CMakeFiles/sentry_chassis.elf.dir/Core/Src/sysmem.c.obj
 .bss.huart1    0x20000638       0x48 CMakeFiles/sentry_chassis.elf.dir/Core/Src/usart.c.obj
                0x20000638                huart1
 .bss.uwTick    0x20000680        0x4 CMakeFiles/sentry_chassis.elf.dir/Drivers/STM32F4xx_HAL_Driver/Src/stm32f4xx_hal.c.obj
                0x20000680                uwTick
 .bss.Timer_Stack.0
                0x20000684      0x400 CMakeFiles/sentry_chassis.elf.dir/Middlewares/Third_Party/FreeRTOS/Source/CMSIS_RTOS_V2/cmsis_os2.c.obj
 *fill*         0x20000a84        0x4 
 .bss.Timer_TCB.1
                0x20000a88      0x1a0 CMakeFiles/sentry_chassis.elf.dir/Middlewares/Third_Party/FreeRTOS/Source/CMSIS_RTOS_V2/cmsis_os2.c.obj
 .bss.Idle_Stack.2
                0x20000c28      0x200 CMakeFiles/sentry_chassis.elf.dir/Middlewares/Third_Party/FreeRTOS/Source/CMSIS_RTOS_V2/cmsis_os2.c.obj
 .bss.Idle_TCB.3
                0x20000e28      0x1a0 CMakeFiles/sentry_chassis.elf.dir/Middlewares/Third_Party/FreeRTOS/Source/CMSIS_RTOS_V2/cmsis_os2.c.obj
 .bss.KernelState
                0x20000fc8        0x4 CMakeFiles/sentry_chassis.elf.dir/Middlewares/Third_Party/FreeRTOS/Source/CMSIS_RTOS_V2/cmsis_os2.c.obj
 .bss.ulMaxPRIGROUPValue
                0x20000fcc        0x4 CMakeFiles/sentry_chassis.elf.dir/Middlewares/Third_Party/FreeRTOS/Source/portable/GCC/ARM_CM4F/port.c.obj
 .bss.ucMaxSysCallPriority
                0x20000fd0        0x1 CMakeFiles/sentry_chassis.elf.dir/Middlewares/Third_Party/FreeRTOS/Source/portable/GCC/ARM_CM4F/port.c.obj
 *fill*         0x20000fd1        0x3 
 .bss.xBlockAllocatedBit
                0x20000fd4        0x4 CMakeFiles/sentry_chassis.elf.dir/Middlewares/Third_Party/FreeRTOS/Source/portable/MemMang/heap_4.c.obj
 .bss.xNumberOfSuccessfulFrees
                0x20000fd8        0x4 CMakeFiles/sentry_chassis.elf.dir/Middlewares/Third_Party/FreeRTOS/Source/portable/MemMang/heap_4.c.obj
 .bss.xNumberOfSuccessfulAllocations
                0x20000fdc        0x4 CMakeFiles/sentry_chassis.elf.dir/Middlewares/Third_Party/FreeRTOS/Source/portable/MemMang/heap_4.c.obj
 .bss.xMinimumEverFreeBytesRemaining
                0x20000fe0        0x4 CMakeFiles/sentry_chassis.elf.dir/Middlewares/Third_Party/FreeRTOS/Source/portable/MemMang/heap_4.c.obj
 .bss.xFreeBytesRemaining
                0x20000fe4        0x4 CMakeFiles/sentry_chassis.elf.dir/Middlewares/Third_Party/FreeRTOS/Source/portable/MemMang/heap_4.c.obj
 .bss.pxEnd     0x20000fe8        0x4 CMakeFiles/sentry_chassis.elf.dir/Middlewares/Third_Party/FreeRTOS/Source/portable/MemMang/heap_4.c.obj
 .bss.xStart    0x20000fec        0x8 CMakeFiles/sentry_chassis.elf.dir/Middlewares/Third_Party/FreeRTOS/Source/portable/MemMang/heap_4.c.obj
 .bss.ucHeap    0x20000ff4     0x3c00 CMakeFiles/sentry_chassis.elf.dir/Middlewares/Third_Party/FreeRTOS/Source/portable/MemMang/heap_4.c.obj
 .bss.xQueueRegistry
                0x20004bf4       0x40 CMakeFiles/sentry_chassis.elf.dir/Middlewares/Third_Party/FreeRTOS/Source/queue.c.obj
                0x20004bf4                xQueueRegistry
 .bss.uxSchedulerSuspended
                0x20004c34        0x4 CMakeFiles/sentry_chassis.elf.dir/Middlewares/Third_Party/FreeRTOS/Source/tasks.c.obj
 .bss.xIdleTaskHandle
                0x20004c38        0x4 CMakeFiles/sentry_chassis.elf.dir/Middlewares/Third_Party/FreeRTOS/Source/tasks.c.obj
 .bss.xNextTaskUnblockTime
                0x20004c3c        0x4 CMakeFiles/sentry_chassis.elf.dir/Middlewares/Third_Party/FreeRTOS/Source/tasks.c.obj
 .bss.uxTaskNumber
                0x20004c40        0x4 CMakeFiles/sentry_chassis.elf.dir/Middlewares/Third_Party/FreeRTOS/Source/tasks.c.obj
 .bss.xNumOfOverflows
                0x20004c44        0x4 CMakeFiles/sentry_chassis.elf.dir/Middlewares/Third_Party/FreeRTOS/Source/tasks.c.obj
 .bss.xYieldPending
                0x20004c48        0x4 CMakeFiles/sentry_chassis.elf.dir/Middlewares/Third_Party/FreeRTOS/Source/tasks.c.obj
 .bss.xPendedTicks
                0x20004c4c        0x4 CMakeFiles/sentry_chassis.elf.dir/Middlewares/Third_Party/FreeRTOS/Source/tasks.c.obj
 .bss.xSchedulerRunning
                0x20004c50        0x4 CMakeFiles/sentry_chassis.elf.dir/Middlewares/Third_Party/FreeRTOS/Source/tasks.c.obj
 .bss.uxTopReadyPriority
                0x20004c54        0x4 CMakeFiles/sentry_chassis.elf.dir/Middlewares/Third_Party/FreeRTOS/Source/tasks.c.obj
 .bss.xTickCount
                0x20004c58        0x4 CMakeFiles/sentry_chassis.elf.dir/Middlewares/Third_Party/FreeRTOS/Source/tasks.c.obj
 .bss.uxCurrentNumberOfTasks
                0x20004c5c        0x4 CMakeFiles/sentry_chassis.elf.dir/Middlewares/Third_Party/FreeRTOS/Source/tasks.c.obj
 .bss.xSuspendedTaskList
                0x20004c60       0x14 CMakeFiles/sentry_chassis.elf.dir/Middlewares/Third_Party/FreeRTOS/Source/tasks.c.obj
 .bss.uxDeletedTasksWaitingCleanUp
                0x20004c74        0x4 CMakeFiles/sentry_chassis.elf.dir/Middlewares/Third_Party/FreeRTOS/Source/tasks.c.obj
 .bss.xTasksWaitingTermination
                0x20004c78       0x14 CMakeFiles/sentry_chassis.elf.dir/Middlewares/Third_Party/FreeRTOS/Source/tasks.c.obj
 .bss.xPendingReadyList
                0x20004c8c       0x14 CMakeFiles/sentry_chassis.elf.dir/Middlewares/Third_Party/FreeRTOS/Source/tasks.c.obj
 .bss.pxOverflowDelayedTaskList
                0x20004ca0        0x4 CMakeFiles/sentry_chassis.elf.dir/Middlewares/Third_Party/FreeRTOS/Source/tasks.c.obj
 .bss.pxDelayedTaskList
                0x20004ca4        0x4 CMakeFiles/sentry_chassis.elf.dir/Middlewares/Third_Party/FreeRTOS/Source/tasks.c.obj
 .bss.xDelayedTaskList2
                0x20004ca8       0x14 CMakeFiles/sentry_chassis.elf.dir/Middlewares/Third_Party/FreeRTOS/Source/tasks.c.obj
 .bss.xDelayedTaskList1
                0x20004cbc       0x14 CMakeFiles/sentry_chassis.elf.dir/Middlewares/Third_Party/FreeRTOS/Source/tasks.c.obj
 .bss.pxReadyTasksLists
                0x20004cd0      0x460 CMakeFiles/sentry_chassis.elf.dir/Middlewares/Third_Party/FreeRTOS/Source/tasks.c.obj
 .bss.pxCurrentTCB
                0x20005130        0x4 CMakeFiles/sentry_chassis.elf.dir/Middlewares/Third_Party/FreeRTOS/Source/tasks.c.obj
                0x20005130                pxCurrentTCB
 .bss.xStaticTimerQueue.0
                0x20005134       0x50 CMakeFiles/sentry_chassis.elf.dir/Middlewares/Third_Party/FreeRTOS/Source/timers.c.obj
 .bss.ucStaticTimerQueueStorage.1
                0x20005184       0xa0 CMakeFiles/sentry_chassis.elf.dir/Middlewares/Third_Party/FreeRTOS/Source/timers.c.obj
 .bss.xLastTime.2
                0x20005224        0x4 CMakeFiles/sentry_chassis.elf.dir/Middlewares/Third_Party/FreeRTOS/Source/timers.c.obj
 .bss.xTimerTaskHandle
                0x20005228        0x4 CMakeFiles/sentry_chassis.elf.dir/Middlewares/Third_Party/FreeRTOS/Source/timers.c.obj
 .bss.xTimerQueue
                0x2000522c        0x4 CMakeFiles/sentry_chassis.elf.dir/Middlewares/Third_Party/FreeRTOS/Source/timers.c.obj
 .bss.pxOverflowTimerList
                0x20005230        0x4 CMakeFiles/sentry_chassis.elf.dir/Middlewares/Third_Party/FreeRTOS/Source/timers.c.obj
 .bss.pxCurrentTimerList
                0x20005234        0x4 CMakeFiles/sentry_chassis.elf.dir/Middlewares/Third_Party/FreeRTOS/Source/timers.c.obj
 .bss.xActiveTimerList2
                0x20005238       0x14 CMakeFiles/sentry_chassis.elf.dir/Middlewares/Third_Party/FreeRTOS/Source/timers.c.obj
 .bss.xActiveTimerList1
                0x2000524c       0x14 CMakeFiles/sentry_chassis.elf.dir/Middlewares/Third_Party/FreeRTOS/Source/timers.c.obj
 .bss.__sf      0x20005260      0x138 C:/clion/gcc-arm-none-eabi-10.3-2021.10/bin/../lib/gcc/arm-none-eabi/13.3.1/thumb/v7e-m+fp/hard\libg.a(libc_a-findfp.o)
                0x20005260                __sf
 .bss.errno     0x20005398        0x4 C:/clion/gcc-arm-none-eabi-10.3-2021.10/bin/../lib/gcc/arm-none-eabi/13.3.1/thumb/v7e-m+fp/hard\libg.a(libc_a-reent.o)
                0x20005398                errno
 .bss.__lock___malloc_recursive_mutex
                0x2000539c        0x1 C:/clion/gcc-arm-none-eabi-10.3-2021.10/bin/../lib/gcc/arm-none-eabi/13.3.1/thumb/v7e-m+fp/hard\libg.a(libc_a-lock.o)
                0x2000539c                __lock___malloc_recursive_mutex
 *fill*         0x2000539d        0x3 
 .bss.__lock___atexit_recursive_mutex
                0x200053a0        0x1 C:/clion/gcc-arm-none-eabi-10.3-2021.10/bin/../lib/gcc/arm-none-eabi/13.3.1/thumb/v7e-m+fp/hard\libg.a(libc_a-lock.o)
                0x200053a0                __lock___atexit_recursive_mutex
 *fill*         0x200053a1        0x3 
 .bss.__atexit  0x200053a4        0x4 C:/clion/gcc-arm-none-eabi-10.3-2021.10/bin/../lib/gcc/arm-none-eabi/13.3.1/thumb/v7e-m+fp/hard\libg.a(libc_a-__call_atexit.o)
                0x200053a4                __atexit
 .bss.__malloc_current_mallinfo
                0x200053a8       0x28 C:/clion/gcc-arm-none-eabi-10.3-2021.10/bin/../lib/gcc/arm-none-eabi/13.3.1/thumb/v7e-m+fp/hard\libg.a(libc_a-mallocr.o)
                0x200053a8                __malloc_current_mallinfo
 .bss.__malloc_top_pad
                0x200053d0        0x4 C:/clion/gcc-arm-none-eabi-10.3-2021.10/bin/../lib/gcc/arm-none-eabi/13.3.1/thumb/v7e-m+fp/hard\libg.a(libc_a-mallocr.o)
                0x200053d0                __malloc_top_pad
 .bss.__atexit0
                0x200053d4      0x190 C:/clion/gcc-arm-none-eabi-10.3-2021.10/bin/../lib/gcc/arm-none-eabi/13.3.1/thumb/v7e-m+fp/hard\libg.a(libc_a-__atexit.o)
                0x200053d4                __atexit0
 *(COMMON)
                0x20005564                        . = ALIGN (0x4)
                0x20005564                        _ebss = .
                0x20005564                        __bss_end__ = _ebss

._user_heap_stack
                0x20005564      0x804
                0x20005568                        . = ALIGN (0x8)
 *fill*         0x20005564        0x4 
                [!provide]                        PROVIDE (end = .)
                0x20005568                        PROVIDE (_end = .)
                0x20005968                        . = (. + _Min_Heap_Size)
 *fill*         0x20005568      0x400 
                0x20005d68                        . = (. + _Min_Stack_Size)
 *fill*         0x20005968      0x400 
                0x20005d68                        . = ALIGN (0x8)

/DISCARD/
 libc.a(*)
 libm.a(*)
 libgcc.a(*)

.ARM.attributes
                0x00000000       0x30
 *(.ARM.attributes)
 .ARM.attributes
                0x00000000       0x22 C:/clion/gcc-arm-none-eabi-10.3-2021.10/bin/../lib/gcc/arm-none-eabi/13.3.1/thumb/v7e-m+fp/hard/crti.o
 .ARM.attributes
                0x00000022       0x34 C:/clion/gcc-arm-none-eabi-10.3-2021.10/bin/../lib/gcc/arm-none-eabi/13.3.1/thumb/v7e-m+fp/hard/crtbegin.o
 .ARM.attributes
                0x00000056       0x34 CMakeFiles/sentry_chassis.elf.dir/Core/Src/can.c.obj
 .ARM.attributes
                0x0000008a       0x34 CMakeFiles/sentry_chassis.elf.dir/Core/Src/freertos.c.obj
 .ARM.attributes
                0x000000be       0x34 CMakeFiles/sentry_chassis.elf.dir/Core/Src/gpio.c.obj
 .ARM.attributes
                0x000000f2       0x34 CMakeFiles/sentry_chassis.elf.dir/Core/Src/main.c.obj
 .ARM.attributes
                0x00000126       0x34 CMakeFiles/sentry_chassis.elf.dir/Core/Src/stm32f4xx_hal_msp.c.obj
 .ARM.attributes
                0x0000015a       0x34 CMakeFiles/sentry_chassis.elf.dir/Core/Src/stm32f4xx_hal_timebase_tim.c.obj
 .ARM.attributes
                0x0000018e       0x34 CMakeFiles/sentry_chassis.elf.dir/Core/Src/stm32f4xx_it.c.obj
 .ARM.attributes
                0x000001c2       0x34 CMakeFiles/sentry_chassis.elf.dir/Core/Src/sysmem.c.obj
 .ARM.attributes
                0x000001f6       0x34 CMakeFiles/sentry_chassis.elf.dir/Core/Src/system_stm32f4xx.c.obj
 .ARM.attributes
                0x0000022a       0x34 CMakeFiles/sentry_chassis.elf.dir/Core/Src/usart.c.obj
 .ARM.attributes
                0x0000025e       0x21 CMakeFiles/sentry_chassis.elf.dir/Core/Startup/startup_stm32f427iihx.s.obj
 .ARM.attributes
                0x0000027f       0x34 CMakeFiles/sentry_chassis.elf.dir/Drivers/STM32F4xx_HAL_Driver/Src/stm32f4xx_hal.c.obj
 .ARM.attributes
                0x000002b3       0x34 CMakeFiles/sentry_chassis.elf.dir/Drivers/STM32F4xx_HAL_Driver/Src/stm32f4xx_hal_can.c.obj
 .ARM.attributes
                0x000002e7       0x34 CMakeFiles/sentry_chassis.elf.dir/Drivers/STM32F4xx_HAL_Driver/Src/stm32f4xx_hal_cortex.c.obj
 .ARM.attributes
                0x0000031b       0x34 CMakeFiles/sentry_chassis.elf.dir/Drivers/STM32F4xx_HAL_Driver/Src/stm32f4xx_hal_gpio.c.obj
 .ARM.attributes
                0x0000034f       0x34 CMakeFiles/sentry_chassis.elf.dir/Drivers/STM32F4xx_HAL_Driver/Src/stm32f4xx_hal_rcc.c.obj
 .ARM.attributes
                0x00000383       0x34 CMakeFiles/sentry_chassis.elf.dir/Drivers/STM32F4xx_HAL_Driver/Src/stm32f4xx_hal_tim.c.obj
 .ARM.attributes
                0x000003b7       0x34 CMakeFiles/sentry_chassis.elf.dir/Drivers/STM32F4xx_HAL_Driver/Src/stm32f4xx_hal_tim_ex.c.obj
 .ARM.attributes
                0x000003eb       0x34 CMakeFiles/sentry_chassis.elf.dir/Drivers/STM32F4xx_HAL_Driver/Src/stm32f4xx_hal_uart.c.obj
 .ARM.attributes
                0x0000041f       0x34 CMakeFiles/sentry_chassis.elf.dir/Middlewares/Third_Party/FreeRTOS/Source/CMSIS_RTOS_V2/cmsis_os2.c.obj
 .ARM.attributes
                0x00000453       0x34 CMakeFiles/sentry_chassis.elf.dir/Middlewares/Third_Party/FreeRTOS/Source/list.c.obj
 .ARM.attributes
                0x00000487       0x34 CMakeFiles/sentry_chassis.elf.dir/Middlewares/Third_Party/FreeRTOS/Source/portable/GCC/ARM_CM4F/port.c.obj
 .ARM.attributes
                0x000004bb       0x34 CMakeFiles/sentry_chassis.elf.dir/Middlewares/Third_Party/FreeRTOS/Source/portable/MemMang/heap_4.c.obj
 .ARM.attributes
                0x000004ef       0x34 CMakeFiles/sentry_chassis.elf.dir/Middlewares/Third_Party/FreeRTOS/Source/queue.c.obj
 .ARM.attributes
                0x00000523       0x34 CMakeFiles/sentry_chassis.elf.dir/Middlewares/Third_Party/FreeRTOS/Source/tasks.c.obj
 .ARM.attributes
                0x00000557       0x34 CMakeFiles/sentry_chassis.elf.dir/Middlewares/Third_Party/FreeRTOS/Source/timers.c.obj
 .ARM.attributes
                0x0000058b       0x22 C:/clion/gcc-arm-none-eabi-10.3-2021.10/bin/../lib/gcc/arm-none-eabi/13.3.1/thumb/v7e-m+fp/hard\libgcc.a(_aeabi_uldivmod.o)
 .ARM.attributes
                0x000005ad       0x34 C:/clion/gcc-arm-none-eabi-10.3-2021.10/bin/../lib/gcc/arm-none-eabi/13.3.1/thumb/v7e-m+fp/hard\libgcc.a(_udivmoddi4.o)
 .ARM.attributes
                0x000005e1       0x22 C:/clion/gcc-arm-none-eabi-10.3-2021.10/bin/../lib/gcc/arm-none-eabi/13.3.1/thumb/v7e-m+fp/hard\libgcc.a(_dvmd_tls.o)
 .ARM.attributes
                0x00000603       0x34 C:/clion/gcc-arm-none-eabi-10.3-2021.10/bin/../lib/gcc/arm-none-eabi/13.3.1/thumb/v7e-m+fp/hard\libg.a(libc_a-findfp.o)
 .ARM.attributes
                0x00000637       0x34 C:/clion/gcc-arm-none-eabi-10.3-2021.10/bin/../lib/gcc/arm-none-eabi/13.3.1/thumb/v7e-m+fp/hard\libg.a(libc_a-memset.o)
 .ARM.attributes
                0x0000066b       0x34 C:/clion/gcc-arm-none-eabi-10.3-2021.10/bin/../lib/gcc/arm-none-eabi/13.3.1/thumb/v7e-m+fp/hard\libg.a(libc_a-reent.o)
 .ARM.attributes
                0x0000069f       0x34 C:/clion/gcc-arm-none-eabi-10.3-2021.10/bin/../lib/gcc/arm-none-eabi/13.3.1/thumb/v7e-m+fp/hard\libg.a(libc_a-impure.o)
 .ARM.attributes
                0x000006d3       0x34 C:/clion/gcc-arm-none-eabi-10.3-2021.10/bin/../lib/gcc/arm-none-eabi/13.3.1/thumb/v7e-m+fp/hard\libg.a(libc_a-errno.o)
 .ARM.attributes
                0x00000707       0x34 C:/clion/gcc-arm-none-eabi-10.3-2021.10/bin/../lib/gcc/arm-none-eabi/13.3.1/thumb/v7e-m+fp/hard\libg.a(libc_a-init.o)
 .ARM.attributes
                0x0000073b       0x34 C:/clion/gcc-arm-none-eabi-10.3-2021.10/bin/../lib/gcc/arm-none-eabi/13.3.1/thumb/v7e-m+fp/hard\libg.a(libc_a-lock.o)
 .ARM.attributes
                0x0000076f       0x20 C:/clion/gcc-arm-none-eabi-10.3-2021.10/bin/../lib/gcc/arm-none-eabi/13.3.1/thumb/v7e-m+fp/hard\libg.a(libc_a-memcpy.o)
 .ARM.attributes
                0x0000078f       0x34 C:/clion/gcc-arm-none-eabi-10.3-2021.10/bin/../lib/gcc/arm-none-eabi/13.3.1/thumb/v7e-m+fp/hard\libg.a(libc_a-__call_atexit.o)
 .ARM.attributes
                0x000007c3       0x34 C:/clion/gcc-arm-none-eabi-10.3-2021.10/bin/../lib/gcc/arm-none-eabi/13.3.1/thumb/v7e-m+fp/hard\libg.a(libc_a-atexit.o)
 .ARM.attributes
                0x000007f7       0x34 C:/clion/gcc-arm-none-eabi-10.3-2021.10/bin/../lib/gcc/arm-none-eabi/13.3.1/thumb/v7e-m+fp/hard\libg.a(libc_a-freer.o)
 .ARM.attributes
                0x0000082b       0x34 C:/clion/gcc-arm-none-eabi-10.3-2021.10/bin/../lib/gcc/arm-none-eabi/13.3.1/thumb/v7e-m+fp/hard\libg.a(libc_a-mallocr.o)
 .ARM.attributes
                0x0000085f       0x34 C:/clion/gcc-arm-none-eabi-10.3-2021.10/bin/../lib/gcc/arm-none-eabi/13.3.1/thumb/v7e-m+fp/hard\libg.a(libc_a-mlock.o)
 .ARM.attributes
                0x00000893       0x34 C:/clion/gcc-arm-none-eabi-10.3-2021.10/bin/../lib/gcc/arm-none-eabi/13.3.1/thumb/v7e-m+fp/hard\libg.a(libc_a-sbrkr.o)
 .ARM.attributes
                0x000008c7       0x34 C:/clion/gcc-arm-none-eabi-10.3-2021.10/bin/../lib/gcc/arm-none-eabi/13.3.1/thumb/v7e-m+fp/hard\libg.a(libc_a-fini.o)
 .ARM.attributes
                0x000008fb       0x34 C:/clion/gcc-arm-none-eabi-10.3-2021.10/bin/../lib/gcc/arm-none-eabi/13.3.1/thumb/v7e-m+fp/hard\libg.a(libc_a-sysconf.o)
 .ARM.attributes
                0x0000092f       0x34 C:/clion/gcc-arm-none-eabi-10.3-2021.10/bin/../lib/gcc/arm-none-eabi/13.3.1/thumb/v7e-m+fp/hard\libg.a(libc_a-__atexit.o)
 .ARM.attributes
                0x00000963       0x34 C:/clion/gcc-arm-none-eabi-10.3-2021.10/bin/../lib/gcc/arm-none-eabi/13.3.1/thumb/v7e-m+fp/hard/crtend.o
 .ARM.attributes
                0x00000997       0x22 C:/clion/gcc-arm-none-eabi-10.3-2021.10/bin/../lib/gcc/arm-none-eabi/13.3.1/thumb/v7e-m+fp/hard/crtn.o
OUTPUT(sentry_chassis.elf elf32-littlearm)
LOAD linker stubs
LOAD C:/clion/gcc-arm-none-eabi-10.3-2021.10/bin/../lib/gcc/arm-none-eabi/13.3.1/thumb/v7e-m+fp/hard\libc.a
LOAD C:/clion/gcc-arm-none-eabi-10.3-2021.10/bin/../lib/gcc/arm-none-eabi/13.3.1/thumb/v7e-m+fp/hard\libm.a
LOAD C:/clion/gcc-arm-none-eabi-10.3-2021.10/bin/../lib/gcc/arm-none-eabi/13.3.1/thumb/v7e-m+fp/hard\libgcc.a

.debug_info     0x00000000    0x2083c
 .debug_info    0x00000000      0xd58 CMakeFiles/sentry_chassis.elf.dir/Core/Src/can.c.obj
 .debug_info    0x00000d58      0x4b8 CMakeFiles/sentry_chassis.elf.dir/Core/Src/freertos.c.obj
 .debug_info    0x00001210      0x2b3 CMakeFiles/sentry_chassis.elf.dir/Core/Src/gpio.c.obj
 .debug_info    0x000014c3      0xc1e CMakeFiles/sentry_chassis.elf.dir/Core/Src/main.c.obj
 .debug_info    0x000020e1      0x513 CMakeFiles/sentry_chassis.elf.dir/Core/Src/stm32f4xx_hal_msp.c.obj
 .debug_info    0x000025f4      0xcd4 CMakeFiles/sentry_chassis.elf.dir/Core/Src/stm32f4xx_hal_timebase_tim.c.obj
 .debug_info    0x000032c8      0xb0a CMakeFiles/sentry_chassis.elf.dir/Core/Src/stm32f4xx_it.c.obj
 .debug_info    0x00003dd2      0x171 CMakeFiles/sentry_chassis.elf.dir/Core/Src/sysmem.c.obj
 .debug_info    0x00003f43      0x543 CMakeFiles/sentry_chassis.elf.dir/Core/Src/system_stm32f4xx.c.obj
 .debug_info    0x00004486      0x9e9 CMakeFiles/sentry_chassis.elf.dir/Core/Src/usart.c.obj
 .debug_info    0x00004e6f       0x30 CMakeFiles/sentry_chassis.elf.dir/Core/Startup/startup_stm32f427iihx.s.obj
 .debug_info    0x00004e9f      0xa4c CMakeFiles/sentry_chassis.elf.dir/Drivers/STM32F4xx_HAL_Driver/Src/stm32f4xx_hal.c.obj
 .debug_info    0x000058eb     0x11f0 CMakeFiles/sentry_chassis.elf.dir/Drivers/STM32F4xx_HAL_Driver/Src/stm32f4xx_hal_can.c.obj
 .debug_info    0x00006adb     0x101f CMakeFiles/sentry_chassis.elf.dir/Drivers/STM32F4xx_HAL_Driver/Src/stm32f4xx_hal_cortex.c.obj
 .debug_info    0x00007afa      0x71c CMakeFiles/sentry_chassis.elf.dir/Drivers/STM32F4xx_HAL_Driver/Src/stm32f4xx_hal_gpio.c.obj
 .debug_info    0x00008216      0xa85 CMakeFiles/sentry_chassis.elf.dir/Drivers/STM32F4xx_HAL_Driver/Src/stm32f4xx_hal_rcc.c.obj
 .debug_info    0x00008c9b     0x3c53 CMakeFiles/sentry_chassis.elf.dir/Drivers/STM32F4xx_HAL_Driver/Src/stm32f4xx_hal_tim.c.obj
 .debug_info    0x0000c8ee     0x1aec CMakeFiles/sentry_chassis.elf.dir/Drivers/STM32F4xx_HAL_Driver/Src/stm32f4xx_hal_tim_ex.c.obj
 .debug_info    0x0000e3da     0x4000 CMakeFiles/sentry_chassis.elf.dir/Drivers/STM32F4xx_HAL_Driver/Src/stm32f4xx_hal_uart.c.obj
 .debug_info    0x000123da     0x5524 CMakeFiles/sentry_chassis.elf.dir/Middlewares/Third_Party/FreeRTOS/Source/CMSIS_RTOS_V2/cmsis_os2.c.obj
 .debug_info    0x000178fe      0x2bf CMakeFiles/sentry_chassis.elf.dir/Middlewares/Third_Party/FreeRTOS/Source/list.c.obj
 .debug_info    0x00017bbd      0x55a CMakeFiles/sentry_chassis.elf.dir/Middlewares/Third_Party/FreeRTOS/Source/portable/GCC/ARM_CM4F/port.c.obj
 .debug_info    0x00018117      0x593 CMakeFiles/sentry_chassis.elf.dir/Middlewares/Third_Party/FreeRTOS/Source/portable/MemMang/heap_4.c.obj
 .debug_info    0x000186aa     0x27a8 CMakeFiles/sentry_chassis.elf.dir/Middlewares/Third_Party/FreeRTOS/Source/queue.c.obj
 .debug_info    0x0001ae52     0x37d5 CMakeFiles/sentry_chassis.elf.dir/Middlewares/Third_Party/FreeRTOS/Source/tasks.c.obj
 .debug_info    0x0001e627     0x2215 CMakeFiles/sentry_chassis.elf.dir/Middlewares/Third_Party/FreeRTOS/Source/timers.c.obj

.debug_abbrev   0x00000000     0x3d6c
 .debug_abbrev  0x00000000      0x241 CMakeFiles/sentry_chassis.elf.dir/Core/Src/can.c.obj
 .debug_abbrev  0x00000241      0x14d CMakeFiles/sentry_chassis.elf.dir/Core/Src/freertos.c.obj
 .debug_abbrev  0x0000038e       0xd6 CMakeFiles/sentry_chassis.elf.dir/Core/Src/gpio.c.obj
 .debug_abbrev  0x00000464      0x258 CMakeFiles/sentry_chassis.elf.dir/Core/Src/main.c.obj
 .debug_abbrev  0x000006bc      0x120 CMakeFiles/sentry_chassis.elf.dir/Core/Src/stm32f4xx_hal_msp.c.obj
 .debug_abbrev  0x000007dc      0x232 CMakeFiles/sentry_chassis.elf.dir/Core/Src/stm32f4xx_hal_timebase_tim.c.obj
 .debug_abbrev  0x00000a0e      0x1d0 CMakeFiles/sentry_chassis.elf.dir/Core/Src/stm32f4xx_it.c.obj
 .debug_abbrev  0x00000bde       0xea CMakeFiles/sentry_chassis.elf.dir/Core/Src/sysmem.c.obj
 .debug_abbrev  0x00000cc8      0x11e CMakeFiles/sentry_chassis.elf.dir/Core/Src/system_stm32f4xx.c.obj
 .debug_abbrev  0x00000de6      0x217 CMakeFiles/sentry_chassis.elf.dir/Core/Src/usart.c.obj
 .debug_abbrev  0x00000ffd       0x24 CMakeFiles/sentry_chassis.elf.dir/Core/Startup/startup_stm32f427iihx.s.obj
 .debug_abbrev  0x00001021      0x240 CMakeFiles/sentry_chassis.elf.dir/Drivers/STM32F4xx_HAL_Driver/Src/stm32f4xx_hal.c.obj
 .debug_abbrev  0x00001261      0x27d CMakeFiles/sentry_chassis.elf.dir/Drivers/STM32F4xx_HAL_Driver/Src/stm32f4xx_hal_can.c.obj
 .debug_abbrev  0x000014de      0x391 CMakeFiles/sentry_chassis.elf.dir/Drivers/STM32F4xx_HAL_Driver/Src/stm32f4xx_hal_cortex.c.obj
 .debug_abbrev  0x0000186f      0x202 CMakeFiles/sentry_chassis.elf.dir/Drivers/STM32F4xx_HAL_Driver/Src/stm32f4xx_hal_gpio.c.obj
 .debug_abbrev  0x00001a71      0x2c7 CMakeFiles/sentry_chassis.elf.dir/Drivers/STM32F4xx_HAL_Driver/Src/stm32f4xx_hal_rcc.c.obj
 .debug_abbrev  0x00001d38      0x271 CMakeFiles/sentry_chassis.elf.dir/Drivers/STM32F4xx_HAL_Driver/Src/stm32f4xx_hal_tim.c.obj
 .debug_abbrev  0x00001fa9      0x26f CMakeFiles/sentry_chassis.elf.dir/Drivers/STM32F4xx_HAL_Driver/Src/stm32f4xx_hal_tim_ex.c.obj
 .debug_abbrev  0x00002218      0x32f CMakeFiles/sentry_chassis.elf.dir/Drivers/STM32F4xx_HAL_Driver/Src/stm32f4xx_hal_uart.c.obj
 .debug_abbrev  0x00002547      0x615 CMakeFiles/sentry_chassis.elf.dir/Middlewares/Third_Party/FreeRTOS/Source/CMSIS_RTOS_V2/cmsis_os2.c.obj
 .debug_abbrev  0x00002b5c      0x10a CMakeFiles/sentry_chassis.elf.dir/Middlewares/Third_Party/FreeRTOS/Source/list.c.obj
 .debug_abbrev  0x00002c66      0x293 CMakeFiles/sentry_chassis.elf.dir/Middlewares/Third_Party/FreeRTOS/Source/portable/GCC/ARM_CM4F/port.c.obj
 .debug_abbrev  0x00002ef9      0x263 CMakeFiles/sentry_chassis.elf.dir/Middlewares/Third_Party/FreeRTOS/Source/portable/MemMang/heap_4.c.obj
 .debug_abbrev  0x0000315c      0x3ea CMakeFiles/sentry_chassis.elf.dir/Middlewares/Third_Party/FreeRTOS/Source/queue.c.obj
 .debug_abbrev  0x00003546      0x45f CMakeFiles/sentry_chassis.elf.dir/Middlewares/Third_Party/FreeRTOS/Source/tasks.c.obj
 .debug_abbrev  0x000039a5      0x3c7 CMakeFiles/sentry_chassis.elf.dir/Middlewares/Third_Party/FreeRTOS/Source/timers.c.obj

.debug_loclists
                0x00000000    0x1050d
 .debug_loclists
                0x00000000       0xaf CMakeFiles/sentry_chassis.elf.dir/Core/Src/can.c.obj
 .debug_loclists
                0x000000af       0x63 CMakeFiles/sentry_chassis.elf.dir/Core/Src/freertos.c.obj
 .debug_loclists
                0x00000112       0x40 CMakeFiles/sentry_chassis.elf.dir/Core/Src/main.c.obj
 .debug_loclists
                0x00000152       0xb0 CMakeFiles/sentry_chassis.elf.dir/Core/Src/stm32f4xx_hal_timebase_tim.c.obj
 .debug_loclists
                0x00000202       0x52 CMakeFiles/sentry_chassis.elf.dir/Core/Src/sysmem.c.obj
 .debug_loclists
                0x00000254       0xfa CMakeFiles/sentry_chassis.elf.dir/Core/Src/system_stm32f4xx.c.obj
 .debug_loclists
                0x0000034e       0x75 CMakeFiles/sentry_chassis.elf.dir/Core/Src/usart.c.obj
 .debug_loclists
                0x000003c3       0xe1 CMakeFiles/sentry_chassis.elf.dir/Drivers/STM32F4xx_HAL_Driver/Src/stm32f4xx_hal.c.obj
 .debug_loclists
                0x000004a4      0xa57 CMakeFiles/sentry_chassis.elf.dir/Drivers/STM32F4xx_HAL_Driver/Src/stm32f4xx_hal_can.c.obj
 .debug_loclists
                0x00000efb      0x54d CMakeFiles/sentry_chassis.elf.dir/Drivers/STM32F4xx_HAL_Driver/Src/stm32f4xx_hal_cortex.c.obj
 .debug_loclists
                0x00001448      0x386 CMakeFiles/sentry_chassis.elf.dir/Drivers/STM32F4xx_HAL_Driver/Src/stm32f4xx_hal_gpio.c.obj
 .debug_loclists
                0x000017ce      0x3e5 CMakeFiles/sentry_chassis.elf.dir/Drivers/STM32F4xx_HAL_Driver/Src/stm32f4xx_hal_rcc.c.obj
 .debug_loclists
                0x00001bb3     0x37aa CMakeFiles/sentry_chassis.elf.dir/Drivers/STM32F4xx_HAL_Driver/Src/stm32f4xx_hal_tim.c.obj
 .debug_loclists
                0x0000535d     0x13ec CMakeFiles/sentry_chassis.elf.dir/Drivers/STM32F4xx_HAL_Driver/Src/stm32f4xx_hal_tim_ex.c.obj
 .debug_loclists
                0x00006749     0x2c89 CMakeFiles/sentry_chassis.elf.dir/Drivers/STM32F4xx_HAL_Driver/Src/stm32f4xx_hal_uart.c.obj
 .debug_loclists
                0x000093d2     0x396a CMakeFiles/sentry_chassis.elf.dir/Middlewares/Third_Party/FreeRTOS/Source/CMSIS_RTOS_V2/cmsis_os2.c.obj
 .debug_loclists
                0x0000cd3c       0x75 CMakeFiles/sentry_chassis.elf.dir/Middlewares/Third_Party/FreeRTOS/Source/list.c.obj
 .debug_loclists
                0x0000cdb1       0xc1 CMakeFiles/sentry_chassis.elf.dir/Middlewares/Third_Party/FreeRTOS/Source/portable/GCC/ARM_CM4F/port.c.obj
 .debug_loclists
                0x0000ce72      0x2b7 CMakeFiles/sentry_chassis.elf.dir/Middlewares/Third_Party/FreeRTOS/Source/portable/MemMang/heap_4.c.obj
 .debug_loclists
                0x0000d129     0x1110 CMakeFiles/sentry_chassis.elf.dir/Middlewares/Third_Party/FreeRTOS/Source/queue.c.obj
 .debug_loclists
                0x0000e239     0x172c CMakeFiles/sentry_chassis.elf.dir/Middlewares/Third_Party/FreeRTOS/Source/tasks.c.obj
 .debug_loclists
                0x0000f965      0xba8 CMakeFiles/sentry_chassis.elf.dir/Middlewares/Third_Party/FreeRTOS/Source/timers.c.obj

.debug_aranges  0x00000000     0x1580
 .debug_aranges
                0x00000000       0x38 CMakeFiles/sentry_chassis.elf.dir/Core/Src/can.c.obj
 .debug_aranges
                0x00000038       0x38 CMakeFiles/sentry_chassis.elf.dir/Core/Src/freertos.c.obj
 .debug_aranges
                0x00000070       0x20 CMakeFiles/sentry_chassis.elf.dir/Core/Src/gpio.c.obj
 .debug_aranges
                0x00000090       0x38 CMakeFiles/sentry_chassis.elf.dir/Core/Src/main.c.obj
 .debug_aranges
                0x000000c8       0x20 CMakeFiles/sentry_chassis.elf.dir/Core/Src/stm32f4xx_hal_msp.c.obj
 .debug_aranges
                0x000000e8       0x30 CMakeFiles/sentry_chassis.elf.dir/Core/Src/stm32f4xx_hal_timebase_tim.c.obj
 .debug_aranges
                0x00000118       0x70 CMakeFiles/sentry_chassis.elf.dir/Core/Src/stm32f4xx_it.c.obj
 .debug_aranges
                0x00000188       0x20 CMakeFiles/sentry_chassis.elf.dir/Core/Src/sysmem.c.obj
 .debug_aranges
                0x000001a8       0x28 CMakeFiles/sentry_chassis.elf.dir/Core/Src/system_stm32f4xx.c.obj
 .debug_aranges
                0x000001d0       0x30 CMakeFiles/sentry_chassis.elf.dir/Core/Src/usart.c.obj
 .debug_aranges
                0x00000200       0x28 CMakeFiles/sentry_chassis.elf.dir/Core/Startup/startup_stm32f427iihx.s.obj
 .debug_aranges
                0x00000228      0x100 CMakeFiles/sentry_chassis.elf.dir/Drivers/STM32F4xx_HAL_Driver/Src/stm32f4xx_hal.c.obj
 .debug_aranges
                0x00000328      0x138 CMakeFiles/sentry_chassis.elf.dir/Drivers/STM32F4xx_HAL_Driver/Src/stm32f4xx_hal_can.c.obj
 .debug_aranges
                0x00000460       0xf8 CMakeFiles/sentry_chassis.elf.dir/Drivers/STM32F4xx_HAL_Driver/Src/stm32f4xx_hal_cortex.c.obj
 .debug_aranges
                0x00000558       0x58 CMakeFiles/sentry_chassis.elf.dir/Drivers/STM32F4xx_HAL_Driver/Src/stm32f4xx_hal_gpio.c.obj
 .debug_aranges
                0x000005b0       0x88 CMakeFiles/sentry_chassis.elf.dir/Drivers/STM32F4xx_HAL_Driver/Src/stm32f4xx_hal_rcc.c.obj
 .debug_aranges
                0x00000638      0x3d0 CMakeFiles/sentry_chassis.elf.dir/Drivers/STM32F4xx_HAL_Driver/Src/stm32f4xx_hal_tim.c.obj
 .debug_aranges
                0x00000a08      0x168 CMakeFiles/sentry_chassis.elf.dir/Drivers/STM32F4xx_HAL_Driver/Src/stm32f4xx_hal_tim_ex.c.obj
 .debug_aranges
                0x00000b70      0x208 CMakeFiles/sentry_chassis.elf.dir/Drivers/STM32F4xx_HAL_Driver/Src/stm32f4xx_hal_uart.c.obj
 .debug_aranges
                0x00000d78      0x2a0 CMakeFiles/sentry_chassis.elf.dir/Middlewares/Third_Party/FreeRTOS/Source/CMSIS_RTOS_V2/cmsis_os2.c.obj
 .debug_aranges
                0x00001018       0x40 CMakeFiles/sentry_chassis.elf.dir/Middlewares/Third_Party/FreeRTOS/Source/list.c.obj
 .debug_aranges
                0x00001058       0x80 CMakeFiles/sentry_chassis.elf.dir/Middlewares/Third_Party/FreeRTOS/Source/portable/GCC/ARM_CM4F/port.c.obj
 .debug_aranges
                0x000010d8       0x58 CMakeFiles/sentry_chassis.elf.dir/Middlewares/Third_Party/FreeRTOS/Source/portable/MemMang/heap_4.c.obj
 .debug_aranges
                0x00001130      0x158 CMakeFiles/sentry_chassis.elf.dir/Middlewares/Third_Party/FreeRTOS/Source/queue.c.obj
 .debug_aranges
                0x00001288      0x208 CMakeFiles/sentry_chassis.elf.dir/Middlewares/Third_Party/FreeRTOS/Source/tasks.c.obj
 .debug_aranges
                0x00001490       0xf0 CMakeFiles/sentry_chassis.elf.dir/Middlewares/Third_Party/FreeRTOS/Source/timers.c.obj

.debug_rnglists
                0x00000000     0x1170
 .debug_rnglists
                0x00000000       0x27 CMakeFiles/sentry_chassis.elf.dir/Core/Src/can.c.obj
 .debug_rnglists
                0x00000027       0x25 CMakeFiles/sentry_chassis.elf.dir/Core/Src/freertos.c.obj
 .debug_rnglists
                0x0000004c       0x13 CMakeFiles/sentry_chassis.elf.dir/Core/Src/gpio.c.obj
 .debug_rnglists
                0x0000005f       0x26 CMakeFiles/sentry_chassis.elf.dir/Core/Src/main.c.obj
 .debug_rnglists
                0x00000085       0x13 CMakeFiles/sentry_chassis.elf.dir/Core/Src/stm32f4xx_hal_msp.c.obj
 .debug_rnglists
                0x00000098       0x20 CMakeFiles/sentry_chassis.elf.dir/Core/Src/stm32f4xx_hal_timebase_tim.c.obj
 .debug_rnglists
                0x000000b8       0x4f CMakeFiles/sentry_chassis.elf.dir/Core/Src/stm32f4xx_it.c.obj
 .debug_rnglists
                0x00000107       0x13 CMakeFiles/sentry_chassis.elf.dir/Core/Src/sysmem.c.obj
 .debug_rnglists
                0x0000011a       0x1a CMakeFiles/sentry_chassis.elf.dir/Core/Src/system_stm32f4xx.c.obj
 .debug_rnglists
                0x00000134       0x20 CMakeFiles/sentry_chassis.elf.dir/Core/Src/usart.c.obj
 .debug_rnglists
                0x00000154       0x19 CMakeFiles/sentry_chassis.elf.dir/Core/Startup/startup_stm32f427iihx.s.obj
 .debug_rnglists
                0x0000016d       0xbb CMakeFiles/sentry_chassis.elf.dir/Drivers/STM32F4xx_HAL_Driver/Src/stm32f4xx_hal.c.obj
 .debug_rnglists
                0x00000228       0xf6 CMakeFiles/sentry_chassis.elf.dir/Drivers/STM32F4xx_HAL_Driver/Src/stm32f4xx_hal_can.c.obj
 .debug_rnglists
                0x0000031e       0xb5 CMakeFiles/sentry_chassis.elf.dir/Drivers/STM32F4xx_HAL_Driver/Src/stm32f4xx_hal_cortex.c.obj
 .debug_rnglists
                0x000003d3       0x3f CMakeFiles/sentry_chassis.elf.dir/Drivers/STM32F4xx_HAL_Driver/Src/stm32f4xx_hal_gpio.c.obj
 .debug_rnglists
                0x00000412       0x75 CMakeFiles/sentry_chassis.elf.dir/Drivers/STM32F4xx_HAL_Driver/Src/stm32f4xx_hal_rcc.c.obj
 .debug_rnglists
                0x00000487      0x302 CMakeFiles/sentry_chassis.elf.dir/Drivers/STM32F4xx_HAL_Driver/Src/stm32f4xx_hal_tim.c.obj
 .debug_rnglists
                0x00000789      0x11b CMakeFiles/sentry_chassis.elf.dir/Drivers/STM32F4xx_HAL_Driver/Src/stm32f4xx_hal_tim_ex.c.obj
 .debug_rnglists
                0x000008a4      0x1a1 CMakeFiles/sentry_chassis.elf.dir/Drivers/STM32F4xx_HAL_Driver/Src/stm32f4xx_hal_uart.c.obj
 .debug_rnglists
                0x00000a45      0x1fe CMakeFiles/sentry_chassis.elf.dir/Middlewares/Third_Party/FreeRTOS/Source/CMSIS_RTOS_V2/cmsis_os2.c.obj
 .debug_rnglists
                0x00000c43       0x2b CMakeFiles/sentry_chassis.elf.dir/Middlewares/Third_Party/FreeRTOS/Source/list.c.obj
 .debug_rnglists
                0x00000c6e       0x69 CMakeFiles/sentry_chassis.elf.dir/Middlewares/Third_Party/FreeRTOS/Source/portable/GCC/ARM_CM4F/port.c.obj
 .debug_rnglists
                0x00000cd7       0x3f CMakeFiles/sentry_chassis.elf.dir/Middlewares/Third_Party/FreeRTOS/Source/portable/MemMang/heap_4.c.obj
 .debug_rnglists
                0x00000d16      0x170 CMakeFiles/sentry_chassis.elf.dir/Middlewares/Third_Party/FreeRTOS/Source/queue.c.obj
 .debug_rnglists
                0x00000e86      0x23a CMakeFiles/sentry_chassis.elf.dir/Middlewares/Third_Party/FreeRTOS/Source/tasks.c.obj
 .debug_rnglists
                0x000010c0       0xb0 CMakeFiles/sentry_chassis.elf.dir/Middlewares/Third_Party/FreeRTOS/Source/timers.c.obj

.debug_line     0x00000000    0x177de
 .debug_line    0x00000000      0x483 CMakeFiles/sentry_chassis.elf.dir/Core/Src/can.c.obj
 .debug_line    0x00000483      0x1fb CMakeFiles/sentry_chassis.elf.dir/Core/Src/freertos.c.obj
 .debug_line    0x0000067e      0x171 CMakeFiles/sentry_chassis.elf.dir/Core/Src/gpio.c.obj
 .debug_line    0x000007ef      0x41e CMakeFiles/sentry_chassis.elf.dir/Core/Src/main.c.obj
 .debug_line    0x00000c0d      0x1c6 CMakeFiles/sentry_chassis.elf.dir/Core/Src/stm32f4xx_hal_msp.c.obj
 .debug_line    0x00000dd3      0x323 CMakeFiles/sentry_chassis.elf.dir/Core/Src/stm32f4xx_hal_timebase_tim.c.obj
 .debug_line    0x000010f6      0x2fc CMakeFiles/sentry_chassis.elf.dir/Core/Src/stm32f4xx_it.c.obj
 .debug_line    0x000013f2      0x1bc CMakeFiles/sentry_chassis.elf.dir/Core/Src/sysmem.c.obj
 .debug_line    0x000015ae      0x281 CMakeFiles/sentry_chassis.elf.dir/Core/Src/system_stm32f4xx.c.obj
 .debug_line    0x0000182f      0x343 CMakeFiles/sentry_chassis.elf.dir/Core/Src/usart.c.obj
 .debug_line    0x00001b72       0x7a CMakeFiles/sentry_chassis.elf.dir/Core/Startup/startup_stm32f427iihx.s.obj
 .debug_line    0x00001bec      0x5e9 CMakeFiles/sentry_chassis.elf.dir/Drivers/STM32F4xx_HAL_Driver/Src/stm32f4xx_hal.c.obj
 .debug_line    0x000021d5     0x1195 CMakeFiles/sentry_chassis.elf.dir/Drivers/STM32F4xx_HAL_Driver/Src/stm32f4xx_hal_can.c.obj
 .debug_line    0x0000336a      0x874 CMakeFiles/sentry_chassis.elf.dir/Drivers/STM32F4xx_HAL_Driver/Src/stm32f4xx_hal_cortex.c.obj